Command line invocation:
    /Applications/Xcode.app/Contents/Developer/usr/bin/xcodebuild -scheme Sprung -destination platform=macOS build

Resolve Package Graph


Resolved source packages:
  swift-service-context: https://github.com/apple/swift-service-context.git @ 1.2.1
  LRUCache: https://github.com/nicklockwood/LRUCache.git @ 1.2.0
  swift-chunked-audio-player: https://github.com/cculbreath/swift-chunked-audio-player @ main (eb41897)
  swift-http-types: https://github.com/apple/swift-http-types.git @ 1.5.1
  swift-nio-http2: https://github.com/apple/swift-nio-http2.git @ 1.38.0
  swift-certificates: https://github.com/apple/swift-certificates.git @ 1.15.0
  swift-algorithms: https://github.com/apple/swift-algorithms.git @ 1.2.1
  swift-asn1: https://github.com/apple/swift-asn1.git @ 1.5.0
  SwiftyJSON: https://github.com/SwiftyJSON/SwiftyJSON.git @ 5.0.2
  swift-nio-transport-services: https://github.com/apple/swift-nio-transport-services.git @ 1.25.2
  Mustache: https://github.com/groue/GRMustache.swift.git @ 6.0.0
  swift-nio-ssl: https://github.com/apple/swift-nio-ssl.git @ 2.35.0
  swift-nio-extras: https://github.com/apple/swift-nio-extras.git @ 1.29.0
  swift-atomics: https://github.com/apple/swift-atomics.git @ 1.3.0
  swift-service-lifecycle: https://github.com/swift-server/swift-service-lifecycle.git @ 2.9.0
  swift-collections: https://github.com/apple/swift-collections.git @ 1.3.0
  swift-log: https://github.com/apple/swift-log.git @ 1.6.4
  swift-distributed-tracing: https://github.com/apple/swift-distributed-tracing.git @ 1.3.1
  swift-numerics: https://github.com/apple/swift-numerics.git @ 1.1.1
  ViewInspector: https://github.com/nalexn/ViewInspector.git @ 0.10.3
  swift-system: https://github.com/apple/swift-system.git @ 1.6.3
  swift-nio: https://github.com/apple/swift-nio.git @ 2.87.0
  SwiftSoup: https://github.com/scinfu/SwiftSoup.git @ 2.11.1
  swift-crypto: https://github.com/apple/swift-crypto.git @ 4.0.0
  swift-http-structured-headers: https://github.com/apple/swift-http-structured-headers.git @ 1.5.0
  swift-async-algorithms: https://github.com/apple/swift-async-algorithms.git @ 1.0.4
  async-http-client: https://github.com/swift-server/async-http-client.git @ 1.29.0
  SwiftOpenAI: https://github.com/cculbreath/SwiftOpenAI.git @ feature/allowed-tools-envelope (c8c1dd1)

--- xcodebuild: WARNING: Using the first of multiple matching destinations:
{ platform:macOS, arch:arm64, id:00008122-001625290C6A001C, name:My Mac }
{ platform:macOS, arch:x86_64, id:00008122-001625290C6A001C, name:My Mac }
ComputePackagePrebuildTargetDependencyGraph

Prepare packages

CreateBuildRequest

SendProjectDescription

CreateBuildOperation

ComputeTargetDependencyGraph
note: Building targets in dependency order
note: Target dependency graph (22 targets)
    Target 'Sprung' in project 'Sprung'
        ➜ Explicit dependency on target 'Mustache' in project 'Mustache'
        ➜ Explicit dependency on target 'OrderedCollections' in project 'swift-collections'
        ➜ Explicit dependency on target 'SwiftOpenAI' in project 'SwiftOpenAI'
        ➜ Explicit dependency on target 'SwiftyJSON' in project 'SwiftyJSON'
        ➜ Explicit dependency on target 'SwiftSoup' in project 'SwiftSoup'
        ➜ Explicit dependency on target 'ChunkedAudioPlayer' in project 'swift-chunked-audio-player'
    Target 'ChunkedAudioPlayer' in project 'swift-chunked-audio-player'
        ➜ Explicit dependency on target 'ChunkedAudioPlayer' in project 'swift-chunked-audio-player'
        ➜ Explicit dependency on target 'swift-chunked-audio-player_ChunkedAudioPlayer' in project 'swift-chunked-audio-player'
    Target 'ChunkedAudioPlayer' in project 'swift-chunked-audio-player'
        ➜ Explicit dependency on target 'swift-chunked-audio-player_ChunkedAudioPlayer' in project 'swift-chunked-audio-player'
    Target 'swift-chunked-audio-player_ChunkedAudioPlayer' in project 'swift-chunked-audio-player' (no dependencies)
    Target 'SwiftSoup' in project 'SwiftSoup'
        ➜ Explicit dependency on target 'SwiftSoup' in project 'SwiftSoup'
        ➜ Explicit dependency on target 'LRUCache' in project 'LRUCache'
        ➜ Explicit dependency on target 'Atomics' in project 'swift-atomics'
    Target 'SwiftSoup' in project 'SwiftSoup'
        ➜ Explicit dependency on target 'LRUCache' in project 'LRUCache'
        ➜ Explicit dependency on target 'Atomics' in project 'swift-atomics'
    Target 'Atomics' in project 'swift-atomics'
        ➜ Explicit dependency on target 'Atomics' in project 'swift-atomics'
        ➜ Explicit dependency on target '_AtomicsShims' in project 'swift-atomics'
    Target 'Atomics' in project 'swift-atomics'
        ➜ Explicit dependency on target '_AtomicsShims' in project 'swift-atomics'
    Target '_AtomicsShims' in project 'swift-atomics' (no dependencies)
    Target 'LRUCache' in project 'LRUCache'
        ➜ Explicit dependency on target 'LRUCache' in project 'LRUCache'
    Target 'LRUCache' in project 'LRUCache' (no dependencies)
    Target 'SwiftyJSON' in project 'SwiftyJSON'
        ➜ Explicit dependency on target 'SwiftyJSON' in project 'SwiftyJSON'
        ➜ Explicit dependency on target 'SwiftyJSON_SwiftyJSON' in project 'SwiftyJSON'
    Target 'SwiftyJSON' in project 'SwiftyJSON'
        ➜ Explicit dependency on target 'SwiftyJSON_SwiftyJSON' in project 'SwiftyJSON'
    Target 'SwiftyJSON_SwiftyJSON' in project 'SwiftyJSON' (no dependencies)
    Target 'SwiftOpenAI' in project 'SwiftOpenAI'
        ➜ Explicit dependency on target 'SwiftOpenAI' in project 'SwiftOpenAI'
    Target 'SwiftOpenAI' in project 'SwiftOpenAI' (no dependencies)
    Target 'OrderedCollections' in project 'swift-collections'
        ➜ Explicit dependency on target 'OrderedCollections' in project 'swift-collections'
        ➜ Explicit dependency on target 'InternalCollectionsUtilities' in project 'swift-collections'
    Target 'OrderedCollections' in project 'swift-collections'
        ➜ Explicit dependency on target 'InternalCollectionsUtilities' in project 'swift-collections'
    Target 'InternalCollectionsUtilities' in project 'swift-collections' (no dependencies)
    Target 'Mustache' in project 'Mustache'
        ➜ Explicit dependency on target 'Mustache' in project 'Mustache'
        ➜ Explicit dependency on target 'GRMustacheKeyAccess' in project 'Mustache'
    Target 'Mustache' in project 'Mustache'
        ➜ Explicit dependency on target 'GRMustacheKeyAccess' in project 'Mustache'
    Target 'GRMustacheKeyAccess' in project 'Mustache' (no dependencies)

GatherProvisioningInputs

CreateBuildDescription

ExecuteExternalTool /Applications/Xcode.app/Contents/Developer/Toolchains/XcodeDefault.xctoolchain/usr/bin/clang -v -E -dM -arch arm64 -isysroot /Applications/Xcode.app/Contents/Developer/Platforms/MacOSX.platform/Developer/SDKs/MacOSX26.1.sdk -x objective-c -c /dev/null

ExecuteExternalTool /Applications/Xcode.app/Contents/Developer/Toolchains/XcodeDefault.xctoolchain/usr/bin/swiftc --version

ExecuteExternalTool /Applications/Xcode.app/Contents/Developer/Toolchains/XcodeDefault.xctoolchain/usr/bin/clang -v -E -dM -arch arm64 -isysroot /Applications/Xcode.app/Contents/Developer/Platforms/MacOSX.platform/Developer/SDKs/MacOSX26.1.sdk -x c -c /dev/null

ExecuteExternalTool /Applications/Xcode.app/Contents/Developer/Toolchains/XcodeDefault.xctoolchain/usr/bin/clang -v -E -dM -isysroot /Applications/Xcode.app/Contents/Developer/Platforms/MacOSX.platform/Developer/SDKs/MacOSX26.1.sdk -x c -c /dev/null

ExecuteExternalTool /Applications/Xcode.app/Contents/Developer/usr/bin/actool --version --output-format xml1

ExecuteExternalTool /Applications/Xcode.app/Contents/Developer/Toolchains/XcodeDefault.xctoolchain/usr/bin/ld -version_details

ReadFileContents /Applications/Xcode.app/Contents/Developer/Toolchains/XcodeDefault.xctoolchain/usr/share/docc/features.json

Build description signature: f3b236638fbefa28ccec8380303528b7
Build description path: /Users/cculbreath/Library/Developer/Xcode/DerivedData/Sprung-danqgctalwjbybbwiksgiotclkbm/Build/Intermediates.noindex/XCBuildData/f3b236638fbefa28ccec8380303528b7.xcbuilddata
ClangStatCache /Applications/Xcode.app/Contents/Developer/Toolchains/XcodeDefault.xctoolchain/usr/bin/clang-stat-cache /Applications/Xcode.app/Contents/Developer/Platforms/MacOSX.platform/Developer/SDKs/MacOSX26.1.sdk /Users/cculbreath/Library/Developer/Xcode/DerivedData/SDKStatCaches.noindex/macosx26.1-25B74-3ae1261907bdadc328169391a47051a6.sdkstatcache
    cd /Users/cculbreath/devlocal/codebase/Sprung/Sprung.xcodeproj
    /Applications/Xcode.app/Contents/Developer/Toolchains/XcodeDefault.xctoolchain/usr/bin/clang-stat-cache /Applications/Xcode.app/Contents/Developer/Platforms/MacOSX.platform/Developer/SDKs/MacOSX26.1.sdk -o /Users/cculbreath/Library/Developer/Xcode/DerivedData/SDKStatCaches.noindex/macosx26.1-25B74-3ae1261907bdadc328169391a47051a6.sdkstatcache

ProcessProductPackaging /Users/cculbreath/devlocal/codebase/Sprung/Sprung/Sprung.entitlements /Users/cculbreath/Library/Developer/Xcode/DerivedData/Sprung-danqgctalwjbybbwiksgiotclkbm/Build/Intermediates.noindex/Sprung.build/Debug/Sprung.build/Sprung.app.xcent (in target 'Sprung' from project 'Sprung')
    cd /Users/cculbreath/devlocal/codebase/Sprung
    
    Entitlements:
    
    {
    "com.apple.security.app-sandbox" = 1;
    "com.apple.security.assets.fonts.system" = 1;
    "com.apple.security.assets.fonts.user-installed" = 1;
    "com.apple.security.cs.allow-dyld-environment-variables" = 1;
    "com.apple.security.files.downloads.read-write" = 1;
    "com.apple.security.files.user-selected.read-write" = 1;
    "com.apple.security.get-task-allow" = 1;
    "com.apple.security.network.client" = 1;
    "com.apple.security.personal-information.addressbook" = 1;
    "com.apple.security.personal-information.photos-library" = 1;
}
    
    builtin-productPackagingUtility /Users/cculbreath/devlocal/codebase/Sprung/Sprung/Sprung.entitlements -entitlements -format xml -o /Users/cculbreath/Library/Developer/Xcode/DerivedData/Sprung-danqgctalwjbybbwiksgiotclkbm/Build/Intermediates.noindex/Sprung.build/Debug/Sprung.build/Sprung.app.xcent

ProcessInfoPlistFile /Users/cculbreath/Library/Developer/Xcode/DerivedData/Sprung-danqgctalwjbybbwiksgiotclkbm/Build/Products/Debug/swift-chunked-audio-player_ChunkedAudioPlayer.bundle/Contents/Info.plist /Users/cculbreath/Library/Developer/Xcode/DerivedData/Sprung-danqgctalwjbybbwiksgiotclkbm/Build/Intermediates.noindex/swift-chunked-audio-player.build/Debug/swift-chunked-audio-player_ChunkedAudioPlayer.build/empty-swift-chunked-audio-player_ChunkedAudioPlayer.plist (in target 'swift-chunked-audio-player_ChunkedAudioPlayer' from project 'swift-chunked-audio-player')
    cd /Users/cculbreath/Library/Developer/Xcode/DerivedData/Sprung-danqgctalwjbybbwiksgiotclkbm/SourcePackages/checkouts/swift-chunked-audio-player
    builtin-infoPlistUtility /Users/cculbreath/Library/Developer/Xcode/DerivedData/Sprung-danqgctalwjbybbwiksgiotclkbm/Build/Intermediates.noindex/swift-chunked-audio-player.build/Debug/swift-chunked-audio-player_ChunkedAudioPlayer.build/empty-swift-chunked-audio-player_ChunkedAudioPlayer.plist -producttype com.apple.product-type.bundle -expandbuildsettings -platform macosx -o /Users/cculbreath/Library/Developer/Xcode/DerivedData/Sprung-danqgctalwjbybbwiksgiotclkbm/Build/Products/Debug/swift-chunked-audio-player_ChunkedAudioPlayer.bundle/Contents/Info.plist

ProcessInfoPlistFile /Users/cculbreath/Library/Developer/Xcode/DerivedData/Sprung-danqgctalwjbybbwiksgiotclkbm/Build/Products/Debug/SwiftyJSON_SwiftyJSON.bundle/Contents/Info.plist /Users/cculbreath/Library/Developer/Xcode/DerivedData/Sprung-danqgctalwjbybbwiksgiotclkbm/Build/Intermediates.noindex/SwiftyJSON.build/Debug/SwiftyJSON_SwiftyJSON.build/empty-SwiftyJSON_SwiftyJSON.plist (in target 'SwiftyJSON_SwiftyJSON' from project 'SwiftyJSON')
    cd /Users/cculbreath/Library/Developer/Xcode/DerivedData/Sprung-danqgctalwjbybbwiksgiotclkbm/SourcePackages/checkouts/SwiftyJSON
    builtin-infoPlistUtility /Users/cculbreath/Library/Developer/Xcode/DerivedData/Sprung-danqgctalwjbybbwiksgiotclkbm/Build/Intermediates.noindex/SwiftyJSON.build/Debug/SwiftyJSON_SwiftyJSON.build/empty-SwiftyJSON_SwiftyJSON.plist -producttype com.apple.product-type.bundle -expandbuildsettings -platform macosx -o /Users/cculbreath/Library/Developer/Xcode/DerivedData/Sprung-danqgctalwjbybbwiksgiotclkbm/Build/Products/Debug/SwiftyJSON_SwiftyJSON.bundle/Contents/Info.plist

ProcessProductPackagingDER /Users/cculbreath/Library/Developer/Xcode/DerivedData/Sprung-danqgctalwjbybbwiksgiotclkbm/Build/Intermediates.noindex/Sprung.build/Debug/Sprung.build/Sprung.app.xcent /Users/cculbreath/Library/Developer/Xcode/DerivedData/Sprung-danqgctalwjbybbwiksgiotclkbm/Build/Intermediates.noindex/Sprung.build/Debug/Sprung.build/Sprung.app.xcent.der (in target 'Sprung' from project 'Sprung')
    cd /Users/cculbreath/devlocal/codebase/Sprung
    /usr/bin/derq query -f xml -i /Users/cculbreath/Library/Developer/Xcode/DerivedData/Sprung-danqgctalwjbybbwiksgiotclkbm/Build/Intermediates.noindex/Sprung.build/Debug/Sprung.build/Sprung.app.xcent -o /Users/cculbreath/Library/Developer/Xcode/DerivedData/Sprung-danqgctalwjbybbwiksgiotclkbm/Build/Intermediates.noindex/Sprung.build/Debug/Sprung.build/Sprung.app.xcent.der --raw

SwiftDriver Sprung normal arm64 com.apple.xcode.tools.swift.compiler (in target 'Sprung' from project 'Sprung')
    cd /Users/cculbreath/devlocal/codebase/Sprung
    builtin-SwiftDriver -- /Applications/Xcode.app/Contents/Developer/Toolchains/XcodeDefault.xctoolchain/usr/bin/swiftc -module-name Sprung -Onone -enforce-exclusivity\=checked @/Users/cculbreath/Library/Developer/Xcode/DerivedData/Sprung-danqgctalwjbybbwiksgiotclkbm/Build/Intermediates.noindex/Sprung.build/Debug/Sprung.build/Objects-normal/arm64/Sprung.SwiftFileList -DDEBUG -Xcc -fmodule-map-file\=/Users/cculbreath/Library/Developer/Xcode/DerivedData/Sprung-danqgctalwjbybbwiksgiotclkbm/Build/Intermediates.noindex/GeneratedModuleMaps/GRMustacheKeyAccess.modulemap -enable-bare-slash-regex -enable-experimental-feature DebugDescriptionMacro -sdk /Applications/Xcode.app/Contents/Developer/Platforms/MacOSX.platform/Developer/SDKs/MacOSX26.1.sdk -target arm64-apple-macos26.0 -g -module-cache-path /Users/cculbreath/Library/Developer/Xcode/DerivedData/ModuleCache.noindex -Xfrontend -serialize-debugging-options -profile-coverage-mapping -profile-generate -enable-testing -index-store-path /Users/cculbreath/Library/Developer/Xcode/DerivedData/Sprung-danqgctalwjbybbwiksgiotclkbm/Index.noindex/DataStore -Xcc -D_LIBCPP_HARDENING_MODE\=_LIBCPP_HARDENING_MODE_DEBUG -swift-version 5 -I /Users/cculbreath/Library/Developer/Xcode/DerivedData/Sprung-danqgctalwjbybbwiksgiotclkbm/Build/Products/Debug -F /Users/cculbreath/Library/Developer/Xcode/DerivedData/Sprung-danqgctalwjbybbwiksgiotclkbm/Build/Products/Debug/PackageFrameworks -F /Users/cculbreath/Library/Developer/Xcode/DerivedData/Sprung-danqgctalwjbybbwiksgiotclkbm/Build/Products/Debug/PackageFrameworks -F /Users/cculbreath/Library/Developer/Xcode/DerivedData/Sprung-danqgctalwjbybbwiksgiotclkbm/Build/Products/Debug/PackageFrameworks -F /Users/cculbreath/Library/Developer/Xcode/DerivedData/Sprung-danqgctalwjbybbwiksgiotclkbm/Build/Products/Debug/PackageFrameworks -F /Users/cculbreath/Library/Developer/Xcode/DerivedData/Sprung-danqgctalwjbybbwiksgiotclkbm/Build/Products/Debug/PackageFrameworks -F /Users/cculbreath/Library/Developer/Xcode/DerivedData/Sprung-danqgctalwjbybbwiksgiotclkbm/Build/Products/Debug/PackageFrameworks -F /Users/cculbreath/Library/Developer/Xcode/DerivedData/Sprung-danqgctalwjbybbwiksgiotclkbm/Build/Products/Debug/PackageFrameworks -F /Users/cculbreath/Library/Developer/Xcode/DerivedData/Sprung-danqgctalwjbybbwiksgiotclkbm/Build/Products/Debug/PackageFrameworks -F /Users/cculbreath/Library/Developer/Xcode/DerivedData/Sprung-danqgctalwjbybbwiksgiotclkbm/Build/Products/Debug/PackageFrameworks -F /Users/cculbreath/Library/Developer/Xcode/DerivedData/Sprung-danqgctalwjbybbwiksgiotclkbm/Build/Products/Debug/PackageFrameworks -F /Users/cculbreath/Library/Developer/Xcode/DerivedData/Sprung-danqgctalwjbybbwiksgiotclkbm/Build/Products/Debug/PackageFrameworks -F /Users/cculbreath/Library/Developer/Xcode/DerivedData/Sprung-danqgctalwjbybbwiksgiotclkbm/Build/Products/Debug -emit-localized-strings -emit-localized-strings-path /Users/cculbreath/Library/Developer/Xcode/DerivedData/Sprung-danqgctalwjbybbwiksgiotclkbm/Build/Intermediates.noindex/Sprung.build/Debug/Sprung.build/Objects-normal/arm64 -c -j8 -enable-batch-mode -incremental -Xcc -ivfsstatcache -Xcc /Users/cculbreath/Library/Developer/Xcode/DerivedData/SDKStatCaches.noindex/macosx26.1-25B74-3ae1261907bdadc328169391a47051a6.sdkstatcache -output-file-map /Users/cculbreath/Library/Developer/Xcode/DerivedData/Sprung-danqgctalwjbybbwiksgiotclkbm/Build/Intermediates.noindex/Sprung.build/Debug/Sprung.build/Objects-normal/arm64/Sprung-OutputFileMap.json -use-frontend-parseable-output -save-temps -no-color-diagnostics -explicit-module-build -module-cache-path /Users/cculbreath/Library/Developer/Xcode/DerivedData/Sprung-danqgctalwjbybbwiksgiotclkbm/Build/Intermediates.noindex/SwiftExplicitPrecompiledModules -clang-scanner-module-cache-path /Users/cculbreath/Library/Developer/Xcode/DerivedData/ModuleCache.noindex -sdk-module-cache-path /Users/cculbreath/Library/Developer/Xcode/DerivedData/ModuleCache.noindex -serialize-diagnostics -emit-dependencies -emit-module -emit-module-path /Users/cculbreath/Library/Developer/Xcode/DerivedData/Sprung-danqgctalwjbybbwiksgiotclkbm/Build/Intermediates.noindex/Sprung.build/Debug/Sprung.build/Objects-normal/arm64/Sprung.swiftmodule -validate-clang-modules-once -clang-build-session-file /Users/cculbreath/Library/Developer/Xcode/DerivedData/ModuleCache.noindex/Session.modulevalidation -Xcc -I/Users/cculbreath/Library/Developer/Xcode/DerivedData/Sprung-danqgctalwjbybbwiksgiotclkbm/Build/Intermediates.noindex/Sprung.build/Debug/Sprung.build/swift-overrides.hmap -emit-const-values -Xfrontend -const-gather-protocols-file -Xfrontend /Users/cculbreath/Library/Developer/Xcode/DerivedData/Sprung-danqgctalwjbybbwiksgiotclkbm/Build/Intermediates.noindex/Sprung.build/Debug/Sprung.build/Objects-normal/arm64/Sprung_const_extract_protocols.json -Xcc -iquote -Xcc /Users/cculbreath/Library/Developer/Xcode/DerivedData/Sprung-danqgctalwjbybbwiksgiotclkbm/Build/Intermediates.noindex/Sprung.build/Debug/Sprung.build/Sprung-generated-files.hmap -Xcc -I/Users/cculbreath/Library/Developer/Xcode/DerivedData/Sprung-danqgctalwjbybbwiksgiotclkbm/Build/Intermediates.noindex/Sprung.build/Debug/Sprung.build/Sprung-own-target-headers.hmap -Xcc -I/Users/cculbreath/Library/Developer/Xcode/DerivedData/Sprung-danqgctalwjbybbwiksgiotclkbm/Build/Intermediates.noindex/Sprung.build/Debug/Sprung.build/Sprung-all-non-framework-target-headers.hmap -Xcc -ivfsoverlay -Xcc /Users/cculbreath/Library/Developer/Xcode/DerivedData/Sprung-danqgctalwjbybbwiksgiotclkbm/Build/Intermediates.noindex/Sprung.build/Debug/Sprung-0a89cd54f3e5a90c5c2bc6279abed84a-VFS/all-product-headers.yaml -Xcc -iquote -Xcc /Users/cculbreath/Library/Developer/Xcode/DerivedData/Sprung-danqgctalwjbybbwiksgiotclkbm/Build/Intermediates.noindex/Sprung.build/Debug/Sprung.build/Sprung-project-headers.hmap -Xcc -I/Users/cculbreath/Library/Developer/Xcode/DerivedData/Sprung-danqgctalwjbybbwiksgiotclkbm/SourcePackages/checkouts/GRMustache.swift/ObjC -Xcc -I/Users/cculbreath/Library/Developer/Xcode/DerivedData/Sprung-danqgctalwjbybbwiksgiotclkbm/SourcePackages/checkouts/swift-atomics/Sources/_AtomicsShims/include -Xcc -I/Users/cculbreath/Library/Developer/Xcode/DerivedData/Sprung-danqgctalwjbybbwiksgiotclkbm/Build/Products/Debug/include -Xcc -I/Users/cculbreath/Library/Developer/Xcode/DerivedData/Sprung-danqgctalwjbybbwiksgiotclkbm/Build/Intermediates.noindex/Sprung.build/Debug/Sprung.build/DerivedSources-normal/arm64 -Xcc -I/Users/cculbreath/Library/Developer/Xcode/DerivedData/Sprung-danqgctalwjbybbwiksgiotclkbm/Build/Intermediates.noindex/Sprung.build/Debug/Sprung.build/DerivedSources/arm64 -Xcc -I/Users/cculbreath/Library/Developer/Xcode/DerivedData/Sprung-danqgctalwjbybbwiksgiotclkbm/Build/Intermediates.noindex/Sprung.build/Debug/Sprung.build/DerivedSources -Xcc -DDEBUG\=1 -emit-objc-header -emit-objc-header-path /Users/cculbreath/Library/Developer/Xcode/DerivedData/Sprung-danqgctalwjbybbwiksgiotclkbm/Build/Intermediates.noindex/Sprung.build/Debug/Sprung.build/Objects-normal/arm64/Sprung-Swift.h -working-directory /Users/cculbreath/devlocal/codebase/Sprung -experimental-emit-module-separately -disable-cmo

ProcessInfoPlistFile /Users/cculbreath/Library/Developer/Xcode/DerivedData/Sprung-danqgctalwjbybbwiksgiotclkbm/Build/Products/Debug/Sprung.app/Contents/Info.plist /Users/cculbreath/devlocal/codebase/Sprung/Sprung/Info.plist (in target 'Sprung' from project 'Sprung')
    cd /Users/cculbreath/devlocal/codebase/Sprung
    builtin-infoPlistUtility /Users/cculbreath/devlocal/codebase/Sprung/Sprung/Info.plist -producttype com.apple.product-type.application -genpkginfo /Users/cculbreath/Library/Developer/Xcode/DerivedData/Sprung-danqgctalwjbybbwiksgiotclkbm/Build/Products/Debug/Sprung.app/Contents/PkgInfo -expandbuildsettings -platform macosx -additionalcontentfile /Users/cculbreath/Library/Developer/Xcode/DerivedData/Sprung-danqgctalwjbybbwiksgiotclkbm/Build/Intermediates.noindex/Sprung.build/Debug/Sprung.build/assetcatalog_generated_info.plist -scanforprivacyfile /Users/cculbreath/Library/Developer/Xcode/DerivedData/Sprung-danqgctalwjbybbwiksgiotclkbm/Build/Products/Debug/Sprung.app/Contents/Resources/SwiftyJSON_SwiftyJSON.bundle -scanforprivacyfile /Users/cculbreath/Library/Developer/Xcode/DerivedData/Sprung-danqgctalwjbybbwiksgiotclkbm/Build/Products/Debug/Sprung.app/Contents/Resources/swift-chunked-audio-player_ChunkedAudioPlayer.bundle -o /Users/cculbreath/Library/Developer/Xcode/DerivedData/Sprung-danqgctalwjbybbwiksgiotclkbm/Build/Products/Debug/Sprung.app/Contents/Info.plist

SwiftCompile normal arm64 Compiling\ IngestionCoordinator.swift /Users/cculbreath/devlocal/codebase/Sprung/Sprung/Onboarding/Services/IngestionCoordinator.swift (in target 'Sprung' from project 'Sprung')

SwiftCompile normal arm64 /Users/cculbreath/devlocal/codebase/Sprung/Sprung/Onboarding/Services/IngestionCoordinator.swift (in target 'Sprung' from project 'Sprung')
    cd /Users/cculbreath/devlocal/codebase/Sprung
    

SwiftEmitModule normal arm64 Emitting\ module\ for\ Sprung (in target 'Sprung' from project 'Sprung')
EmitSwiftModule normal arm64 (in target 'Sprung' from project 'Sprung')
    cd /Users/cculbreath/devlocal/codebase/Sprung
    

SwiftCompile normal arm64 Compiling\ OnboardingInterviewCoordinator.swift /Users/cculbreath/devlocal/codebase/Sprung/Sprung/Onboarding/Core/OnboardingInterviewCoordinator.swift (in target 'Sprung' from project 'Sprung')
Failed frontend command:
/Applications/Xcode.app/Contents/Developer/Toolchains/XcodeDefault.xctoolchain/usr/bin/swift-frontend -frontend -c -filelist /Users/cculbreath/Library/Developer/Xcode/DerivedData/Sprung-danqgctalwjbybbwiksgiotclkbm/Build/Intermediates.noindex/Sprung.build/Debug/Sprung.build/Objects-normal/arm64/sources-1 -primary-file /Users/cculbreath/devlocal/codebase/Sprung/Sprung/Onboarding/Core/OnboardingInterviewCoordinator.swift -emit-dependencies-path /Users/cculbreath/Library/Developer/Xcode/DerivedData/Sprung-danqgctalwjbybbwiksgiotclkbm/Build/Intermediates.noindex/Sprung.build/Debug/Sprung.build/Objects-normal/arm64/OnboardingInterviewCoordinator.d -emit-const-values-path /Users/cculbreath/Library/Developer/Xcode/DerivedData/Sprung-danqgctalwjbybbwiksgiotclkbm/Build/Intermediates.noindex/Sprung.build/Debug/Sprung.build/Objects-normal/arm64/OnboardingInterviewCoordinator.swiftconstvalues -emit-reference-dependencies-path /Users/cculbreath/Library/Developer/Xcode/DerivedData/Sprung-danqgctalwjbybbwiksgiotclkbm/Build/Intermediates.noindex/Sprung.build/Debug/Sprung.build/Objects-normal/arm64/OnboardingInterviewCoordinator.swiftdeps -serialize-diagnostics-path /Users/cculbreath/Library/Developer/Xcode/DerivedData/Sprung-danqgctalwjbybbwiksgiotclkbm/Build/Intermediates.noindex/Sprung.build/Debug/Sprung.build/Objects-normal/arm64/OnboardingInterviewCoordinator.dia -emit-localized-strings -emit-localized-strings-path /Users/cculbreath/Library/Developer/Xcode/DerivedData/Sprung-danqgctalwjbybbwiksgiotclkbm/Build/Intermediates.noindex/Sprung.build/Debug/Sprung.build/Objects-normal/arm64 -target arm64-apple-macos26.0 -module-can-import-version AppKit 2685.20.119 2685.20.119 -module-can-import-version DeveloperToolsSupport 23.0.4 23.0.4 -module-can-import-version SwiftUI 7.1.13.1 7.1.13 -disable-cross-import-overlay-search -swift-module-cross-import SwiftData /Applications/Xcode.app/Contents/Developer/Platforms/MacOSX.platform/Developer/SDKs/MacOSX26.1.sdk/System/Library/Frameworks/SwiftData.framework/Modules/SwiftData.swiftcrossimport/CoreData.swiftoverlay -swift-module-cross-import SwiftData /Applications/Xcode.app/Contents/Developer/Platforms/MacOSX.platform/Developer/SDKs/MacOSX26.1.sdk/System/Library/Frameworks/SwiftData.framework/Modules/SwiftData.swiftcrossimport/SwiftUI.swiftoverlay -swift-module-cross-import WebKit /Applications/Xcode.app/Contents/Developer/Platforms/MacOSX.platform/Developer/SDKs/MacOSX.sdk/System/Cryptexes/OS/System/Library/Frameworks/WebKit.framework/Modules/WebKit.swiftcrossimport/SwiftUI.swiftoverlay -swift-module-cross-import WebKit /Applications/Xcode.app/Contents/Developer/Platforms/MacOSX.platform/Developer/SDKs/MacOSX26.1.sdk/System/Library/Frameworks/WebKit.framework/Modules/WebKit.swiftcrossimport/SwiftUI.swiftoverlay -load-resolved-plugin /Applications/Xcode.app/Contents/Developer/Platforms/MacOSX.platform/Developer/usr/lib/swift/host/plugins/libFoundationMacros.dylib\#/Applications/Xcode.app/Contents/Developer/Platforms/MacOSX.platform/Developer/usr/bin/swift-plugin-server\#FoundationMacros -load-resolved-plugin /Applications/Xcode.app/Contents/Developer/Platforms/MacOSX.platform/Developer/usr/lib/swift/host/plugins/libObservationMacros.dylib\#/Applications/Xcode.app/Contents/Developer/Platforms/MacOSX.platform/Developer/usr/bin/swift-plugin-server\#ObservationMacros -load-resolved-plugin /Applications/Xcode.app/Contents/Developer/Platforms/MacOSX.platform/Developer/usr/lib/swift/host/plugins/libPreviewsMacros.dylib\#/Applications/Xcode.app/Contents/Developer/Platforms/MacOSX.platform/Developer/usr/bin/swift-plugin-server\#PreviewsMacros -load-resolved-plugin /Applications/Xcode.app/Contents/Developer/Platforms/MacOSX.platform/Developer/usr/lib/swift/host/plugins/libSwiftDataMacros.dylib\#/Applications/Xcode.app/Contents/Developer/Platforms/MacOSX.platform/Developer/usr/bin/swift-plugin-server\#SwiftDataMacros -load-resolved-plugin /Applications/Xcode.app/Contents/Developer/Platforms/MacOSX.platform/Developer/usr/lib/swift/host/plugins/libSwiftMacros.dylib\#/Applications/Xcode.app/Contents/Developer/Platforms/MacOSX.platform/Developer/usr/bin/swift-plugin-server\#SwiftMacros -load-resolved-plugin /Applications/Xcode.app/Contents/Developer/Platforms/MacOSX.platform/Developer/usr/lib/swift/host/plugins/libSwiftUIMacros.dylib\#/Applications/Xcode.app/Contents/Developer/Platforms/MacOSX.platform/Developer/usr/bin/swift-plugin-server\#SwiftUIMacros -disable-implicit-swift-modules -Xcc -fno-implicit-modules -Xcc -fno-implicit-module-maps -explicit-swift-module-map-file /Users/cculbreath/Library/Developer/Xcode/DerivedData/Sprung-danqgctalwjbybbwiksgiotclkbm/Build/Intermediates.noindex/Sprung.build/Debug/Sprung.build/Objects-normal/arm64/Sprung-dependencies-1.json -Xllvm -aarch64-use-tbi -enable-objc-interop -stack-check -sdk /Applications/Xcode.app/Contents/Developer/Platforms/MacOSX.platform/Developer/SDKs/MacOSX26.1.sdk -I /Users/cculbreath/Library/Developer/Xcode/DerivedData/Sprung-danqgctalwjbybbwiksgiotclkbm/Build/Products/Debug -F /Users/cculbreath/Library/Developer/Xcode/DerivedData/Sprung-danqgctalwjbybbwiksgiotclkbm/Build/Products/Debug/PackageFrameworks -F /Users/cculbreath/Library/Developer/Xcode/DerivedData/Sprung-danqgctalwjbybbwiksgiotclkbm/Build/Products/Debug/PackageFrameworks -F /Users/cculbreath/Library/Developer/Xcode/DerivedData/Sprung-danqgctalwjbybbwiksgiotclkbm/Build/Products/Debug/PackageFrameworks -F /Users/cculbreath/Library/Developer/Xcode/DerivedData/Sprung-danqgctalwjbybbwiksgiotclkbm/Build/Products/Debug/PackageFrameworks -F /Users/cculbreath/Library/Developer/Xcode/DerivedData/Sprung-danqgctalwjbybbwiksgiotclkbm/Build/Products/Debug/PackageFrameworks -F /Users/cculbreath/Library/Developer/Xcode/DerivedData/Sprung-danqgctalwjbybbwiksgiotclkbm/Build/Products/Debug/PackageFrameworks -F /Users/cculbreath/Library/Developer/Xcode/DerivedData/Sprung-danqgctalwjbybbwiksgiotclkbm/Build/Products/Debug/PackageFrameworks -F /Users/cculbreath/Library/Developer/Xcode/DerivedData/Sprung-danqgctalwjbybbwiksgiotclkbm/Build/Products/Debug/PackageFrameworks -F /Users/cculbreath/Library/Developer/Xcode/DerivedData/Sprung-danqgctalwjbybbwiksgiotclkbm/Build/Products/Debug/PackageFrameworks -F /Users/cculbreath/Library/Developer/Xcode/DerivedData/Sprung-danqgctalwjbybbwiksgiotclkbm/Build/Products/Debug/PackageFrameworks -F /Users/cculbreath/Library/Developer/Xcode/DerivedData/Sprung-danqgctalwjbybbwiksgiotclkbm/Build/Products/Debug/PackageFrameworks -F /Users/cculbreath/Library/Developer/Xcode/DerivedData/Sprung-danqgctalwjbybbwiksgiotclkbm/Build/Products/Debug -no-color-diagnostics -Xcc -fno-color-diagnostics -enable-testing -g -debug-info-format\=dwarf -dwarf-version\=5 -module-cache-path /Users/cculbreath/Library/Developer/Xcode/DerivedData/Sprung-danqgctalwjbybbwiksgiotclkbm/Build/Intermediates.noindex/SwiftExplicitPrecompiledModules -profile-generate -profile-coverage-mapping -swift-version 5 -enforce-exclusivity\=checked -Onone -D DEBUG -serialize-debugging-options -const-gather-protocols-file /Users/cculbreath/Library/Developer/Xcode/DerivedData/Sprung-danqgctalwjbybbwiksgiotclkbm/Build/Intermediates.noindex/Sprung.build/Debug/Sprung.build/Objects-normal/arm64/Sprung_const_extract_protocols.json -enable-experimental-feature DebugDescriptionMacro -enable-bare-slash-regex -empty-abi-descriptor -validate-clang-modules-once -clang-build-session-file /Users/cculbreath/Library/Developer/Xcode/DerivedData/ModuleCache.noindex/Session.modulevalidation -Xcc -working-directory -Xcc /Users/cculbreath/devlocal/codebase/Sprung -enable-anonymous-context-mangled-names -file-compilation-dir /Users/cculbreath/devlocal/codebase/Sprung -Xcc -fmodule-map-file\=/Users/cculbreath/Library/Developer/Xcode/DerivedData/Sprung-danqgctalwjbybbwiksgiotclkbm/Build/Intermediates.noindex/GeneratedModuleMaps/GRMustacheKeyAccess.modulemap -Xcc -D_LIBCPP_HARDENING_MODE\=_LIBCPP_HARDENING_MODE_DEBUG -Xcc -ivfsstatcache -Xcc /Users/cculbreath/Library/Developer/Xcode/DerivedData/SDKStatCaches.noindex/macosx26.1-25B74-3ae1261907bdadc328169391a47051a6.sdkstatcache -Xcc -I/Users/cculbreath/Library/Developer/Xcode/DerivedData/Sprung-danqgctalwjbybbwiksgiotclkbm/Build/Intermediates.noindex/Sprung.build/Debug/Sprung.build/swift-overrides.hmap -Xcc -iquote -Xcc /Users/cculbreath/Library/Developer/Xcode/DerivedData/Sprung-danqgctalwjbybbwiksgiotclkbm/Build/Intermediates.noindex/Sprung.build/Debug/Sprung.build/Sprung-generated-files.hmap -Xcc -I/Users/cculbreath/Library/Developer/Xcode/DerivedData/Sprung-danqgctalwjbybbwiksgiotclkbm/Build/Intermediates.noindex/Sprung.build/Debug/Sprung.build/Sprung-own-target-headers.hmap -Xcc -I/Users/cculbreath/Library/Developer/Xcode/DerivedData/Sprung-danqgctalwjbybbwiksgiotclkbm/Build/Intermediates.noindex/Sprung.build/Debug/Sprung.build/Sprung-all-non-framework-target-headers.hmap -Xcc -ivfsoverlay -Xcc /Users/cculbreath/Library/Developer/Xcode/DerivedData/Sprung-danqgctalwjbybbwiksgiotclkbm/Build/Intermediates.noindex/Sprung.build/Debug/Sprung-0a89cd54f3e5a90c5c2bc6279abed84a-VFS/all-product-headers.yaml -Xcc -iquote -Xcc /Users/cculbreath/Library/Developer/Xcode/DerivedData/Sprung-danqgctalwjbybbwiksgiotclkbm/Build/Intermediates.noindex/Sprung.build/Debug/Sprung.build/Sprung-project-headers.hmap -Xcc -I/Users/cculbreath/Library/Developer/Xcode/DerivedData/Sprung-danqgctalwjbybbwiksgiotclkbm/SourcePackages/checkouts/GRMustache.swift/ObjC -Xcc -I/Users/cculbreath/Library/Developer/Xcode/DerivedData/Sprung-danqgctalwjbybbwiksgiotclkbm/SourcePackages/checkouts/swift-atomics/Sources/_AtomicsShims/include -Xcc -I/Users/cculbreath/Library/Developer/Xcode/DerivedData/Sprung-danqgctalwjbybbwiksgiotclkbm/Build/Products/Debug/include -Xcc -I/Users/cculbreath/Library/Developer/Xcode/DerivedData/Sprung-danqgctalwjbybbwiksgiotclkbm/Build/Intermediates.noindex/Sprung.build/Debug/Sprung.build/DerivedSources-normal/arm64 -Xcc -I/Users/cculbreath/Library/Developer/Xcode/DerivedData/Sprung-danqgctalwjbybbwiksgiotclkbm/Build/Intermediates.noindex/Sprung.build/Debug/Sprung.build/DerivedSources/arm64 -Xcc -I/Users/cculbreath/Library/Developer/Xcode/DerivedData/Sprung-danqgctalwjbybbwiksgiotclkbm/Build/Intermediates.noindex/Sprung.build/Debug/Sprung.build/DerivedSources -Xcc -DDEBUG\=1 -no-auto-bridging-header-chaining -module-name Sprung -frontend-parseable-output -disable-clang-spi -target-sdk-version 26.1 -target-sdk-name macosx26.1 -clang-target arm64-apple-macos26.1 -in-process-plugin-server-path /Applications/Xcode.app/Contents/Developer/Toolchains/XcodeDefault.xctoolchain/usr/lib/swift/host/libSwiftInProcPluginServer.dylib -o /Users/cculbreath/Library/Developer/Xcode/DerivedData/Sprung-danqgctalwjbybbwiksgiotclkbm/Build/Intermediates.noindex/Sprung.build/Debug/Sprung.build/Objects-normal/arm64/OnboardingInterviewCoordinator.o -index-unit-output-path /Sprung.build/Debug/Sprung.build/Objects-normal/arm64/OnboardingInterviewCoordinator.o -index-store-path /Users/cculbreath/Library/Developer/Xcode/DerivedData/Sprung-danqgctalwjbybbwiksgiotclkbm/Index.noindex/DataStore -index-system-modules

SwiftCompile normal arm64 /Users/cculbreath/devlocal/codebase/Sprung/Sprung/Onboarding/Core/OnboardingInterviewCoordinator.swift (in target 'Sprung' from project 'Sprung')
    cd /Users/cculbreath/devlocal/codebase/Sprung
    
/Users/cculbreath/devlocal/codebase/Sprung/Sprung/Onboarding/Core/OnboardingInterviewCoordinator.swift:309:30: error: call to actor-isolated instance method 'updateAgentProvider' in a synchronous main actor-isolated context
        ingestionCoordinator.updateAgentProvider { [service] in
                             ^
/Users/cculbreath/devlocal/codebase/Sprung/Sprung/Onboarding/Services/IngestionCoordinator.swift:25:10: note: calls to instance method 'updateAgentProvider' from outside of its actor context are implicitly asynchronous
    func updateAgentProvider(_ provider: @escaping () -> KnowledgeCardAgent?) {
         ^

SwiftCompile normal arm64 Compiling\ InterviewLifecycleController.swift /Users/cculbreath/devlocal/codebase/Sprung/Sprung/Onboarding/Core/InterviewLifecycleController.swift (in target 'Sprung' from project 'Sprung')

SwiftCompile normal arm64 /Users/cculbreath/devlocal/codebase/Sprung/Sprung/Onboarding/Core/InterviewLifecycleController.swift (in target 'Sprung' from project 'Sprung')
    cd /Users/cculbreath/devlocal/codebase/Sprung
    

SwiftCompile normal arm64 Compiling\ AppDependencies.swift /Users/cculbreath/devlocal/codebase/Sprung/Sprung/App/AppDependencies.swift (in target 'Sprung' from project 'Sprung')

SwiftCompile normal arm64 /Users/cculbreath/devlocal/codebase/Sprung/Sprung/App/AppDependencies.swift (in target 'Sprung' from project 'Sprung')
    cd /Users/cculbreath/devlocal/codebase/Sprung
    

** BUILD FAILED **


The following build commands failed:
	SwiftCompile normal arm64 Compiling\ OnboardingInterviewCoordinator.swift /Users/cculbreath/devlocal/codebase/Sprung/Sprung/Onboarding/Core/OnboardingInterviewCoordinator.swift (in target 'Sprung' from project 'Sprung')
	SwiftCompile normal arm64 /Users/cculbreath/devlocal/codebase/Sprung/Sprung/Onboarding/Core/OnboardingInterviewCoordinator.swift (in target 'Sprung' from project 'Sprung')
	Building project Sprung with scheme Sprung
(3 failures)
