RefStore Initialized: 0 refs
CoverLetterStore Initialized
Model Store Init: 0 models
RefStore Initialized: 0 refs
CoverLetterStore Initialized
Model Store Init: 0 models
Database location: /Users/cculbreath/Library/Containers/Physics-Cloud.PhysCloudResume/Data/Library/Application Support/Model.sqlite
Setting up app menu, main menu has 6 items
Found existing app menu: Physics Cloud Résumé
Found About item at index 0: About Physics Cloud Résumé
Will insert profile item at index 1
Removed existing profile menu item
Added Applicant Profile menu item
  Menu item 0: About Physics Cloud Résumé (separator: false)
  Menu item 1:  (separator: true)
  Menu item 2: Applicant Profile... (separator: false)
  Menu item 3: Settings... (separator: false)
  Menu item 4:  (separator: true)
  Menu item 5:  (separator: true)
  Menu item 6: Services (separator: false)
  Menu item 7:  (separator: true)
  Menu item 8: Hide Physics Cloud Résumé (separator: false)
  Menu item 9: Hide Others (separator: false)
  Menu item 10: Show All (separator: false)
  Menu item 11:  (separator: true)
  Menu item 12: Quit Physics Cloud Résumé (separator: false)
Added top-level Profile menu at position 2
📝 makeCoordinator called
📝 Coordinator initialized
📝 makeNSView called
📝 validateJSON called with text: ...
📝 Empty text - considering valid
ViewBridge to RemoteViewService Terminated: Error Domain=com.apple.ViewBridge Code=18 "(null)" UserInfo={com.apple.ViewBridge.error.hint=this process disconnected remote view controller -- benign unless unexpected, com.apple.ViewBridge.error.description=NSViewBridgeErrorCanceled}
📝 textDidChange triggered
Unable to open mach-O at path: default.metallib  Error:2
📝 Validation work item executing
📝 validateJSON called with text: {
"meta": {
"format": "FRESH@0.6.0",
"version": "0...
📝 JSON is valid
📝 textDidChange triggered
📝 textDidChange triggered
📝 Validation work item executing
📝 validateJSON called with text: {
"meta": {
"format": "FRESH@0.6.0",
"version": "0...
📝 JSON is valid
📝 textDidChange triggered
📝 Validation work item executing
📝 validateJSON called with text: {
"meta": {
"format": "FRESH@0.6.0",
"version": "0...
📝 JSON is valid
📝 textDidChange triggered
📝 Validation work item executing
📝 validateJSON called with text: {
"meta": {
"format": "FRESH@0.6.0",
"version": "0...
📝 JSON is valid
isFocused changed to: true
📝 makeCoordinator called
📝 Coordinator initialized
📝 makeNSView called
📝 validateJSON called with text: ...
📝 Empty text - considering valid
isFocused changed to: true
isFocused changed to: false
📝 textDidChange triggered
📝 Validation work item executing
📝 validateJSON called with text: {
  "employment": {
    "California Polytechnic Un...
📝 JSON is valid
isTargeted: true
Dropped file name: wpafsummary
Dropped file name: website summary
Dropped file name: studentfeedback
Dropped file name: sttr_summary
Dropped file name: resume_data
isTargeted: false
Dropped file name: Personal Notes
Dropped file name: huntsvilleSummary
Dropped file name: giamma summary
Dropped file name: DissertationSummary
It's not legal to call -layoutSubtreeIfNeeded on a view which is already being laid out.  If you are implementing the view's -layout method, you can call -[super layout] instead.  Break on void _NSDetectedLayoutRecursion(void) to debug.  This will be logged only once.  This may break in the future.
-[AFPreferences _languageCodeWithFallback:] No language code saved, but Assistant is enabled - returning: en-US
-[AFPreferences _languageCodeWithFallback:] No language code saved, but Assistant is enabled - returning: en-US
-[AFPreferences _languageCodeWithFallback:] No language code saved, but Assistant is enabled - returning: en-US
GenerativeModelsAvailability.Parameters: Initialized with invalid language code: en-US. Expected to receive two-letter ISO 639 code. e.g. 'zh' or 'en'. Falling back to: en
AFIsDeviceGreymatterEligible_block_invoke Missing entitlements for os_eligibility lookup
-[AFPreferences _languageCodeWithFallback:] No language code saved, but Assistant is enabled - returning: en-US
Unable to create bundle at URL ((null)): normalized URL null
Unable to create bundle at URL ((null)): normalized URL null
Unable to create bundle at URL ((null)): normalized URL null
Unable to create bundle at URL ((null)): normalized URL null
Unable to create bundle at URL ((null)): normalized URL null
Error acquiring assertion: <Error Domain=RBSServiceErrorDomain Code=1 "(target is not running or doesn't have entitlement com.apple.runningboard.assertions.webkit AND originator doesn't have entitlement com.apple.runningboard.assertions.webkit)" UserInfo={NSLocalizedFailureReason=(target is not running or doesn't have entitlement com.apple.runningboard.assertions.webkit AND originator doesn't have entitlement com.apple.runningboard.assertions.webkit)}>
0x124009e80 - ProcessAssertion::acquireSync Failed to acquire RBS assertion 'XPCConnectionTerminationWatchdog' for process with PID=8540, error: Error Domain=RBSServiceErrorDomain Code=1 "(target is not running or doesn't have entitlement com.apple.runningboard.assertions.webkit AND originator doesn't have entitlement com.apple.runningboard.assertions.webkit)" UserInfo={NSLocalizedFailureReason=(target is not running or doesn't have entitlement com.apple.runningboard.assertions.webkit AND originator doesn't have entitlement com.apple.runningboard.assertions.webkit)}
Unable to create bundle at URL ((null)): normalized URL null
[CloudflareCookieManager] stored cf_clearance=vaMZhgKqC1u_8YN31azAA6N7MfpcfTYAVIS5TA.s7yM-1745320323-1.2.1.1-IeBlLPMEyGrmF.qlFIrSk2PVA8yR7F9z7oY7mL1q00cGB.V7N8A1eyGoASL7XBkqxB3o9_.ROWAF5ldnc.K4zVXoKvQfNSCbQuHS_IPRcevoGlcC02lQFvXwDO82b2dR4zLdNJOKZePEnsU1gH3BXdbk99aGqIJtJ3Qv.QxGon7dgtKfcNbGFmb8sGVPaLB16Eha8BzLW3pxsXbvTH_lAFQxxcWVYoAynUT3H3ynZELnYUCMfAsfXhRqPTQXF09kGXFHXXWwDe_fosM48WNCocgnRHa8rXWMpJOTojw7Ft7R1Taq_2PjhrhOEE8drZtPUuiJMw9xTcCQnYpti_wZIpZ4FKiQsoQJpKQN9qDVse.6Z3hG5ppm2e5TWSd86wHe for domain .indeed.com at /Users/cculbreath/Library/Containers/Physics-Cloud.PhysCloudResume/Data/Library/Application Support/CloudflareCookieManager/cf_clearance_.indeed.com.plist
Unable to create bundle at URL ((null)): normalized URL null
Unable to create bundle at URL ((null)): normalized URL null
Unable to create bundle at URL ((null)): normalized URL null
Unable to create bundle at URL ((null)): normalized URL null
Unable to create bundle at URL ((null)): normalized URL null
Unable to create bundle at URL ((null)): normalized URL null
[CloudflareCookieManager] stored cf_clearance=vaMZhgKqC1u_8YN31azAA6N7MfpcfTYAVIS5TA.s7yM-1745320323-1.2.1.1-IeBlLPMEyGrmF.qlFIrSk2PVA8yR7F9z7oY7mL1q00cGB.V7N8A1eyGoASL7XBkqxB3o9_.ROWAF5ldnc.K4zVXoKvQfNSCbQuHS_IPRcevoGlcC02lQFvXwDO82b2dR4zLdNJOKZePEnsU1gH3BXdbk99aGqIJtJ3Qv.QxGon7dgtKfcNbGFmb8sGVPaLB16Eha8BzLW3pxsXbvTH_lAFQxxcWVYoAynUT3H3ynZELnYUCMfAsfXhRqPTQXF09kGXFHXXWwDe_fosM48WNCocgnRHa8rXWMpJOTojw7Ft7R1Taq_2PjhrhOEE8drZtPUuiJMw9xTcCQnYpti_wZIpZ4FKiQsoQJpKQN9qDVse.6Z3hG5ppm2e5TWSd86wHe for domain .indeed.com at /Users/cculbreath/Library/Containers/Physics-Cloud.PhysCloudResume/Data/Library/Application Support/CloudflareCookieManager/cf_clearance_.indeed.com.plist
Unable to create bundle at URL ((null)): normalized URL null
Unable to create bundle at URL ((null)): normalized URL null
Unable to create bundle at URL ((null)): normalized URL null
Error acquiring assertion: <Error Domain=RBSServiceErrorDomain Code=1 "(target is not running or doesn't have entitlement com.apple.runningboard.assertions.webkit AND originator doesn't have entitlement com.apple.runningboard.assertions.webkit)" UserInfo={NSLocalizedFailureReason=(target is not running or doesn't have entitlement com.apple.runningboard.assertions.webkit AND originator doesn't have entitlement com.apple.runningboard.assertions.webkit)}>
0x1240078a0 - ProcessAssertion::acquireSync Failed to acquire RBS assertion 'XPCConnectionTerminationWatchdog' for process with PID=8551, error: Error Domain=RBSServiceErrorDomain Code=1 "(target is not running or doesn't have entitlement com.apple.runningboard.assertions.webkit AND originator doesn't have entitlement com.apple.runningboard.assertions.webkit)" UserInfo={NSLocalizedFailureReason=(target is not running or doesn't have entitlement com.apple.runningboard.assertions.webkit AND originator doesn't have entitlement com.apple.runningboard.assertions.webkit)}
[CloudflareCookieManager] stored cf_clearance=vaMZhgKqC1u_8YN31azAA6N7MfpcfTYAVIS5TA.s7yM-1745320323-1.2.1.1-IeBlLPMEyGrmF.qlFIrSk2PVA8yR7F9z7oY7mL1q00cGB.V7N8A1eyGoASL7XBkqxB3o9_.ROWAF5ldnc.K4zVXoKvQfNSCbQuHS_IPRcevoGlcC02lQFvXwDO82b2dR4zLdNJOKZePEnsU1gH3BXdbk99aGqIJtJ3Qv.QxGon7dgtKfcNbGFmb8sGVPaLB16Eha8BzLW3pxsXbvTH_lAFQxxcWVYoAynUT3H3ynZELnYUCMfAsfXhRqPTQXF09kGXFHXXWwDe_fosM48WNCocgnRHa8rXWMpJOTojw7Ft7R1Taq_2PjhrhOEE8drZtPUuiJMw9xTcCQnYpti_wZIpZ4FKiQsoQJpKQN9qDVse.6Z3hG5ppm2e5TWSd86wHe for domain .indeed.com at /Users/cculbreath/Library/Containers/Physics-Cloud.PhysCloudResume/Data/Library/Application Support/CloudflareCookieManager/cf_clearance_.indeed.com.plist
Unable to create bundle at URL ((null)): normalized URL null
Unable to create bundle at URL ((null)): normalized URL null
Unable to create bundle at URL ((null)): normalized URL null
Error acquiring assertion: <Error Domain=RBSServiceErrorDomain Code=1 "(target is not running or doesn't have entitlement com.apple.runningboard.assertions.webkit AND originator doesn't have entitlement com.apple.runningboard.assertions.webkit)" UserInfo={NSLocalizedFailureReason=(target is not running or doesn't have entitlement com.apple.runningboard.assertions.webkit AND originator doesn't have entitlement com.apple.runningboard.assertions.webkit)}>
0x1202440c0 - ProcessAssertion::acquireSync Failed to acquire RBS assertion 'XPCConnectionTerminationWatchdog' for process with PID=8553, error: Error Domain=RBSServiceErrorDomain Code=1 "(target is not running or doesn't have entitlement com.apple.runningboard.assertions.webkit AND originator doesn't have entitlement com.apple.runningboard.assertions.webkit)" UserInfo={NSLocalizedFailureReason=(target is not running or doesn't have entitlement com.apple.runningboard.assertions.webkit AND originator doesn't have entitlement com.apple.runningboard.assertions.webkit)}
[CloudflareCookieManager] stored cf_clearance=vaMZhgKqC1u_8YN31azAA6N7MfpcfTYAVIS5TA.s7yM-1745320323-1.2.1.1-IeBlLPMEyGrmF.qlFIrSk2PVA8yR7F9z7oY7mL1q00cGB.V7N8A1eyGoASL7XBkqxB3o9_.ROWAF5ldnc.K4zVXoKvQfNSCbQuHS_IPRcevoGlcC02lQFvXwDO82b2dR4zLdNJOKZePEnsU1gH3BXdbk99aGqIJtJ3Qv.QxGon7dgtKfcNbGFmb8sGVPaLB16Eha8BzLW3pxsXbvTH_lAFQxxcWVYoAynUT3H3ynZELnYUCMfAsfXhRqPTQXF09kGXFHXXWwDe_fosM48WNCocgnRHa8rXWMpJOTojw7Ft7R1Taq_2PjhrhOEE8drZtPUuiJMw9xTcCQnYpti_wZIpZ4FKiQsoQJpKQN9qDVse.6Z3hG5ppm2e5TWSd86wHe for domain .indeed.com at /Users/cculbreath/Library/Containers/Physics-Cloud.PhysCloudResume/Data/Library/Application Support/CloudflareCookieManager/cf_clearance_.indeed.com.plist
Unable to create bundle at URL ((null)): normalized URL null
Unable to create bundle at URL ((null)): normalized URL null
Unable to create bundle at URL ((null)): normalized URL null
Error acquiring assertion: <Error Domain=RBSServiceErrorDomain Code=1 "(target is not running or doesn't have entitlement com.apple.runningboard.assertions.webkit AND originator doesn't have entitlement com.apple.runningboard.assertions.webkit)" UserInfo={NSLocalizedFailureReason=(target is not running or doesn't have entitlement com.apple.runningboard.assertions.webkit AND originator doesn't have entitlement com.apple.runningboard.assertions.webkit)}>
0x124002cf0 - ProcessAssertion::acquireSync Failed to acquire RBS assertion 'XPCConnectionTerminationWatchdog' for process with PID=8556, error: Error Domain=RBSServiceErrorDomain Code=1 "(target is not running or doesn't have entitlement com.apple.runningboard.assertions.webkit AND originator doesn't have entitlement com.apple.runningboard.assertions.webkit)" UserInfo={NSLocalizedFailureReason=(target is not running or doesn't have entitlement com.apple.runningboard.assertions.webkit AND originator doesn't have entitlement com.apple.runningboard.assertions.webkit)}
[CloudflareCookieManager] stored cf_clearance=vaMZhgKqC1u_8YN31azAA6N7MfpcfTYAVIS5TA.s7yM-1745320323-1.2.1.1-IeBlLPMEyGrmF.qlFIrSk2PVA8yR7F9z7oY7mL1q00cGB.V7N8A1eyGoASL7XBkqxB3o9_.ROWAF5ldnc.K4zVXoKvQfNSCbQuHS_IPRcevoGlcC02lQFvXwDO82b2dR4zLdNJOKZePEnsU1gH3BXdbk99aGqIJtJ3Qv.QxGon7dgtKfcNbGFmb8sGVPaLB16Eha8BzLW3pxsXbvTH_lAFQxxcWVYoAynUT3H3ynZELnYUCMfAsfXhRqPTQXF09kGXFHXXWwDe_fosM48WNCocgnRHa8rXWMpJOTojw7Ft7R1Taq_2PjhrhOEE8drZtPUuiJMw9xTcCQnYpti_wZIpZ4FKiQsoQJpKQN9qDVse.6Z3hG5ppm2e5TWSd86wHe for domain .indeed.com at /Users/cculbreath/Library/Containers/Physics-Cloud.PhysCloudResume/Data/Library/Application Support/CloudflareCookieManager/cf_clearance_.indeed.com.plist
Unable to create bundle at URL ((null)): normalized URL null
Unable to create bundle at URL ((null)): normalized URL null
Unable to create bundle at URL ((null)): normalized URL null
Error acquiring assertion: <Error Domain=RBSServiceErrorDomain Code=1 "(target is not running or doesn't have entitlement com.apple.runningboard.assertions.webkit AND originator doesn't have entitlement com.apple.runningboard.assertions.webkit)" UserInfo={NSLocalizedFailureReason=(target is not running or doesn't have entitlement com.apple.runningboard.assertions.webkit AND originator doesn't have entitlement com.apple.runningboard.assertions.webkit)}>
0x124005ec0 - ProcessAssertion::acquireSync Failed to acquire RBS assertion 'XPCConnectionTerminationWatchdog' for process with PID=8558, error: Error Domain=RBSServiceErrorDomain Code=1 "(target is not running or doesn't have entitlement com.apple.runningboard.assertions.webkit AND originator doesn't have entitlement com.apple.runningboard.assertions.webkit)" UserInfo={NSLocalizedFailureReason=(target is not running or doesn't have entitlement com.apple.runningboard.assertions.webkit AND originator doesn't have entitlement com.apple.runningboard.assertions.webkit)}
[CloudflareCookieManager] stored cf_clearance=vaMZhgKqC1u_8YN31azAA6N7MfpcfTYAVIS5TA.s7yM-1745320323-1.2.1.1-IeBlLPMEyGrmF.qlFIrSk2PVA8yR7F9z7oY7mL1q00cGB.V7N8A1eyGoASL7XBkqxB3o9_.ROWAF5ldnc.K4zVXoKvQfNSCbQuHS_IPRcevoGlcC02lQFvXwDO82b2dR4zLdNJOKZePEnsU1gH3BXdbk99aGqIJtJ3Qv.QxGon7dgtKfcNbGFmb8sGVPaLB16Eha8BzLW3pxsXbvTH_lAFQxxcWVYoAynUT3H3ynZELnYUCMfAsfXhRqPTQXF09kGXFHXXWwDe_fosM48WNCocgnRHa8rXWMpJOTojw7Ft7R1Taq_2PjhrhOEE8drZtPUuiJMw9xTcCQnYpti_wZIpZ4FKiQsoQJpKQN9qDVse.6Z3hG5ppm2e5TWSd86wHe for domain .indeed.com at /Users/cculbreath/Library/Containers/Physics-Cloud.PhysCloudResume/Data/Library/Application Support/CloudflareCookieManager/cf_clearance_.indeed.com.plist
Unable to create bundle at URL ((null)): normalized URL null
Unable to create bundle at URL ((null)): normalized URL null
Unable to create bundle at URL ((null)): normalized URL null
Error acquiring assertion: <Error Domain=RBSServiceErrorDomain Code=1 "(target is not running or doesn't have entitlement com.apple.runningboard.assertions.webkit AND originator doesn't have entitlement com.apple.runningboard.assertions.webkit)" UserInfo={NSLocalizedFailureReason=(target is not running or doesn't have entitlement com.apple.runningboard.assertions.webkit AND originator doesn't have entitlement com.apple.runningboard.assertions.webkit)}>
0x124006b80 - ProcessAssertion::acquireSync Failed to acquire RBS assertion 'XPCConnectionTerminationWatchdog' for process with PID=8560, error: Error Domain=RBSServiceErrorDomain Code=1 "(target is not running or doesn't have entitlement com.apple.runningboard.assertions.webkit AND originator doesn't have entitlement com.apple.runningboard.assertions.webkit)" UserInfo={NSLocalizedFailureReason=(target is not running or doesn't have entitlement com.apple.runningboard.assertions.webkit AND originator doesn't have entitlement com.apple.runningboard.assertions.webkit)}
[CloudflareCookieManager] stored cf_clearance=vaMZhgKqC1u_8YN31azAA6N7MfpcfTYAVIS5TA.s7yM-1745320323-1.2.1.1-IeBlLPMEyGrmF.qlFIrSk2PVA8yR7F9z7oY7mL1q00cGB.V7N8A1eyGoASL7XBkqxB3o9_.ROWAF5ldnc.K4zVXoKvQfNSCbQuHS_IPRcevoGlcC02lQFvXwDO82b2dR4zLdNJOKZePEnsU1gH3BXdbk99aGqIJtJ3Qv.QxGon7dgtKfcNbGFmb8sGVPaLB16Eha8BzLW3pxsXbvTH_lAFQxxcWVYoAynUT3H3ynZELnYUCMfAsfXhRqPTQXF09kGXFHXXWwDe_fosM48WNCocgnRHa8rXWMpJOTojw7Ft7R1Taq_2PjhrhOEE8drZtPUuiJMw9xTcCQnYpti_wZIpZ4FKiQsoQJpKQN9qDVse.6Z3hG5ppm2e5TWSd86wHe for domain .indeed.com at /Users/cculbreath/Library/Containers/Physics-Cloud.PhysCloudResume/Data/Library/Application Support/CloudflareCookieManager/cf_clearance_.indeed.com.plist
Unable to create bundle at URL ((null)): normalized URL null
Unable to create bundle at URL ((null)): normalized URL null
Unable to create bundle at URL ((null)): normalized URL null
Error acquiring assertion: <Error Domain=RBSServiceErrorDomain Code=1 "(target is not running or doesn't have entitlement com.apple.runningboard.assertions.webkit AND originator doesn't have entitlement com.apple.runningboard.assertions.webkit)" UserInfo={NSLocalizedFailureReason=(target is not running or doesn't have entitlement com.apple.runningboard.assertions.webkit AND originator doesn't have entitlement com.apple.runningboard.assertions.webkit)}>
0x1240073c0 - ProcessAssertion::acquireSync Failed to acquire RBS assertion 'XPCConnectionTerminationWatchdog' for process with PID=8562, error: Error Domain=RBSServiceErrorDomain Code=1 "(target is not running or doesn't have entitlement com.apple.runningboard.assertions.webkit AND originator doesn't have entitlement com.apple.runningboard.assertions.webkit)" UserInfo={NSLocalizedFailureReason=(target is not running or doesn't have entitlement com.apple.runningboard.assertions.webkit AND originator doesn't have entitlement com.apple.runningboard.assertions.webkit)}
[CloudflareCookieManager] stored cf_clearance=vaMZhgKqC1u_8YN31azAA6N7MfpcfTYAVIS5TA.s7yM-1745320323-1.2.1.1-IeBlLPMEyGrmF.qlFIrSk2PVA8yR7F9z7oY7mL1q00cGB.V7N8A1eyGoASL7XBkqxB3o9_.ROWAF5ldnc.K4zVXoKvQfNSCbQuHS_IPRcevoGlcC02lQFvXwDO82b2dR4zLdNJOKZePEnsU1gH3BXdbk99aGqIJtJ3Qv.QxGon7dgtKfcNbGFmb8sGVPaLB16Eha8BzLW3pxsXbvTH_lAFQxxcWVYoAynUT3H3ynZELnYUCMfAsfXhRqPTQXF09kGXFHXXWwDe_fosM48WNCocgnRHa8rXWMpJOTojw7Ft7R1Taq_2PjhrhOEE8drZtPUuiJMw9xTcCQnYpti_wZIpZ4FKiQsoQJpKQN9qDVse.6Z3hG5ppm2e5TWSd86wHe for domain .indeed.com at /Users/cculbreath/Library/Containers/Physics-Cloud.PhysCloudResume/Data/Library/Application Support/CloudflareCookieManager/cf_clearance_.indeed.com.plist
Unable to create bundle at URL ((null)): normalized URL null
Unable to create bundle at URL ((null)): normalized URL null
Unable to create bundle at URL ((null)): normalized URL null
Error acquiring assertion: <Error Domain=RBSServiceErrorDomain Code=1 "(target is not running or doesn't have entitlement com.apple.runningboard.assertions.webkit AND originator doesn't have entitlement com.apple.runningboard.assertions.webkit)" UserInfo={NSLocalizedFailureReason=(target is not running or doesn't have entitlement com.apple.runningboard.assertions.webkit AND originator doesn't have entitlement com.apple.runningboard.assertions.webkit)}>
0x124007420 - ProcessAssertion::acquireSync Failed to acquire RBS assertion 'XPCConnectionTerminationWatchdog' for process with PID=8564, error: Error Domain=RBSServiceErrorDomain Code=1 "(target is not running or doesn't have entitlement com.apple.runningboard.assertions.webkit AND originator doesn't have entitlement com.apple.runningboard.assertions.webkit)" UserInfo={NSLocalizedFailureReason=(target is not running or doesn't have entitlement com.apple.runningboard.assertions.webkit AND originator doesn't have entitlement com.apple.runningboard.assertions.webkit)}
[IndeedJobScrape] JobPosting JSON‑LD not found
[DebugFileWriter] Wrote HTML dump to /Users/cculbreath/Library/Containers/Physics-Cloud.PhysCloudResume/Data/tmp/IndeedNoJSONLD-20250422-064347.html
Error acquiring assertion: <Error Domain=RBSServiceErrorDomain Code=1 "(target is not running or doesn't have entitlement com.apple.runningboard.assertions.webkit AND originator doesn't have entitlement com.apple.runningboard.assertions.webkit)" UserInfo={NSLocalizedFailureReason=(target is not running or doesn't have entitlement com.apple.runningboard.assertions.webkit AND originator doesn't have entitlement com.apple.runningboard.assertions.webkit)}>
0x124002c30 - ProcessAssertion::acquireSync Failed to acquire RBS assertion 'XPCConnectionTerminationWatchdog' for process with PID=8565, error: Error Domain=RBSServiceErrorDomain Code=1 "(target is not running or doesn't have entitlement com.apple.runningboard.assertions.webkit AND originator doesn't have entitlement com.apple.runningboard.assertions.webkit)" UserInfo={NSLocalizedFailureReason=(target is not running or doesn't have entitlement com.apple.runningboard.assertions.webkit AND originator doesn't have entitlement com.apple.runningboard.assertions.webkit)}
Error acquiring assertion: <Error Domain=RBSServiceErrorDomain Code=1 "(target is not running or doesn't have entitlement com.apple.runningboard.assertions.webkit AND originator doesn't have entitlement com.apple.runningboard.assertions.webkit)" UserInfo={NSLocalizedFailureReason=(target is not running or doesn't have entitlement com.apple.runningboard.assertions.webkit AND originator doesn't have entitlement com.apple.runningboard.assertions.webkit)}>
0x124006be0 - ProcessAssertion::acquireSync Failed to acquire RBS assertion 'WebProcess NearSuspended Assertion' for process with PID=8565, error: Error Domain=RBSServiceErrorDomain Code=1 "(target is not running or doesn't have entitlement com.apple.runningboard.assertions.webkit AND originator doesn't have entitlement com.apple.runningboard.assertions.webkit)" UserInfo={NSLocalizedFailureReason=(target is not running or doesn't have entitlement com.apple.runningboard.assertions.webkit AND originator doesn't have entitlement com.apple.runningboard.assertions.webkit)}
Unable to create bundle at URL ((null)): normalized URL null
Unable to create bundle at URL ((null)): normalized URL null
Unable to create bundle at URL ((null)): normalized URL null
Error acquiring assertion: <Error Domain=RBSServiceErrorDomain Code=1 "(target is not running or doesn't have entitlement com.apple.runningboard.assertions.webkit AND originator doesn't have entitlement com.apple.runningboard.assertions.webkit)" UserInfo={NSLocalizedFailureReason=(target is not running or doesn't have entitlement com.apple.runningboard.assertions.webkit AND originator doesn't have entitlement com.apple.runningboard.assertions.webkit)}>
0x124009ee0 - ProcessAssertion::acquireSync Failed to acquire RBS assertion 'XPCConnectionTerminationWatchdog' for process with PID=8566, error: Error Domain=RBSServiceErrorDomain Code=1 "(target is not running or doesn't have entitlement com.apple.runningboard.assertions.webkit AND originator doesn't have entitlement com.apple.runningboard.assertions.webkit)" UserInfo={NSLocalizedFailureReason=(target is not running or doesn't have entitlement com.apple.runningboard.assertions.webkit AND originator doesn't have entitlement com.apple.runningboard.assertions.webkit)}
[CloudflareCookieManager] stored cf_clearance=vaMZhgKqC1u_8YN31azAA6N7MfpcfTYAVIS5TA.s7yM-1745320323-1.2.1.1-IeBlLPMEyGrmF.qlFIrSk2PVA8yR7F9z7oY7mL1q00cGB.V7N8A1eyGoASL7XBkqxB3o9_.ROWAF5ldnc.K4zVXoKvQfNSCbQuHS_IPRcevoGlcC02lQFvXwDO82b2dR4zLdNJOKZePEnsU1gH3BXdbk99aGqIJtJ3Qv.QxGon7dgtKfcNbGFmb8sGVPaLB16Eha8BzLW3pxsXbvTH_lAFQxxcWVYoAynUT3H3ynZELnYUCMfAsfXhRqPTQXF09kGXFHXXWwDe_fosM48WNCocgnRHa8rXWMpJOTojw7Ft7R1Taq_2PjhrhOEE8drZtPUuiJMw9xTcCQnYpti_wZIpZ4FKiQsoQJpKQN9qDVse.6Z3hG5ppm2e5TWSd86wHe for domain .indeed.com at /Users/cculbreath/Library/Containers/Physics-Cloud.PhysCloudResume/Data/Library/Application Support/CloudflareCookieManager/cf_clearance_.indeed.com.plist
Unable to create bundle at URL ((null)): normalized URL null
Unable to create bundle at URL ((null)): normalized URL null
Unable to create bundle at URL ((null)): normalized URL null
Error acquiring assertion: <Error Domain=RBSServiceErrorDomain Code=1 "(target is not running or doesn't have entitlement com.apple.runningboard.assertions.webkit AND originator doesn't have entitlement com.apple.runningboard.assertions.webkit)" UserInfo={NSLocalizedFailureReason=(target is not running or doesn't have entitlement com.apple.runningboard.assertions.webkit AND originator doesn't have entitlement com.apple.runningboard.assertions.webkit)}>
0x124007480 - ProcessAssertion::acquireSync Failed to acquire RBS assertion 'XPCConnectionTerminationWatchdog' for process with PID=8570, error: Error Domain=RBSServiceErrorDomain Code=1 "(target is not running or doesn't have entitlement com.apple.runningboard.assertions.webkit AND originator doesn't have entitlement com.apple.runningboard.assertions.webkit)" UserInfo={NSLocalizedFailureReason=(target is not running or doesn't have entitlement com.apple.runningboard.assertions.webkit AND originator doesn't have entitlement com.apple.runningboard.assertions.webkit)}
[CloudflareCookieManager] stored cf_clearance=vaMZhgKqC1u_8YN31azAA6N7MfpcfTYAVIS5TA.s7yM-1745320323-1.2.1.1-IeBlLPMEyGrmF.qlFIrSk2PVA8yR7F9z7oY7mL1q00cGB.V7N8A1eyGoASL7XBkqxB3o9_.ROWAF5ldnc.K4zVXoKvQfNSCbQuHS_IPRcevoGlcC02lQFvXwDO82b2dR4zLdNJOKZePEnsU1gH3BXdbk99aGqIJtJ3Qv.QxGon7dgtKfcNbGFmb8sGVPaLB16Eha8BzLW3pxsXbvTH_lAFQxxcWVYoAynUT3H3ynZELnYUCMfAsfXhRqPTQXF09kGXFHXXWwDe_fosM48WNCocgnRHa8rXWMpJOTojw7Ft7R1Taq_2PjhrhOEE8drZtPUuiJMw9xTcCQnYpti_wZIpZ4FKiQsoQJpKQN9qDVse.6Z3hG5ppm2e5TWSd86wHe for domain .indeed.com at /Users/cculbreath/Library/Containers/Physics-Cloud.PhysCloudResume/Data/Library/Application Support/CloudflareCookieManager/cf_clearance_.indeed.com.plist
Unable to create bundle at URL ((null)): normalized URL null
Unable to create bundle at URL ((null)): normalized URL null
Unable to create bundle at URL ((null)): normalized URL null
Error acquiring assertion: <Error Domain=RBSServiceErrorDomain Code=1 "(target is not running or doesn't have entitlement com.apple.runningboard.assertions.webkit AND originator doesn't have entitlement com.apple.runningboard.assertions.webkit)" UserInfo={NSLocalizedFailureReason=(target is not running or doesn't have entitlement com.apple.runningboard.assertions.webkit AND originator doesn't have entitlement com.apple.runningboard.assertions.webkit)}>
0x124006be0 - ProcessAssertion::acquireSync Failed to acquire RBS assertion 'XPCConnectionTerminationWatchdog' for process with PID=8572, error: Error Domain=RBSServiceErrorDomain Code=1 "(target is not running or doesn't have entitlement com.apple.runningboard.assertions.webkit AND originator doesn't have entitlement com.apple.runningboard.assertions.webkit)" UserInfo={NSLocalizedFailureReason=(target is not running or doesn't have entitlement com.apple.runningboard.assertions.webkit AND originator doesn't have entitlement com.apple.runningboard.assertions.webkit)}
[CloudflareCookieManager] stored cf_clearance=vaMZhgKqC1u_8YN31azAA6N7MfpcfTYAVIS5TA.s7yM-1745320323-1.2.1.1-IeBlLPMEyGrmF.qlFIrSk2PVA8yR7F9z7oY7mL1q00cGB.V7N8A1eyGoASL7XBkqxB3o9_.ROWAF5ldnc.K4zVXoKvQfNSCbQuHS_IPRcevoGlcC02lQFvXwDO82b2dR4zLdNJOKZePEnsU1gH3BXdbk99aGqIJtJ3Qv.QxGon7dgtKfcNbGFmb8sGVPaLB16Eha8BzLW3pxsXbvTH_lAFQxxcWVYoAynUT3H3ynZELnYUCMfAsfXhRqPTQXF09kGXFHXXWwDe_fosM48WNCocgnRHa8rXWMpJOTojw7Ft7R1Taq_2PjhrhOEE8drZtPUuiJMw9xTcCQnYpti_wZIpZ4FKiQsoQJpKQN9qDVse.6Z3hG5ppm2e5TWSd86wHe for domain .indeed.com at /Users/cculbreath/Library/Containers/Physics-Cloud.PhysCloudResume/Data/Library/Application Support/CloudflareCookieManager/cf_clearance_.indeed.com.plist
Unable to create bundle at URL ((null)): normalized URL null
Unable to create bundle at URL ((null)): normalized URL null
Unable to create bundle at URL ((null)): normalized URL null
Error acquiring assertion: <Error Domain=RBSServiceErrorDomain Code=1 "(target is not running or doesn't have entitlement com.apple.runningboard.assertions.webkit AND originator doesn't have entitlement com.apple.runningboard.assertions.webkit)" UserInfo={NSLocalizedFailureReason=(target is not running or doesn't have entitlement com.apple.runningboard.assertions.webkit AND originator doesn't have entitlement com.apple.runningboard.assertions.webkit)}>
0x1201841e0 - ProcessAssertion::acquireSync Failed to acquire RBS assertion 'XPCConnectionTerminationWatchdog' for process with PID=8574, error: Error Domain=RBSServiceErrorDomain Code=1 "(target is not running or doesn't have entitlement com.apple.runningboard.assertions.webkit AND originator doesn't have entitlement com.apple.runningboard.assertions.webkit)" UserInfo={NSLocalizedFailureReason=(target is not running or doesn't have entitlement com.apple.runningboard.assertions.webkit AND originator doesn't have entitlement com.apple.runningboard.assertions.webkit)}
[CloudflareCookieManager] stored cf_clearance=vaMZhgKqC1u_8YN31azAA6N7MfpcfTYAVIS5TA.s7yM-1745320323-1.2.1.1-IeBlLPMEyGrmF.qlFIrSk2PVA8yR7F9z7oY7mL1q00cGB.V7N8A1eyGoASL7XBkqxB3o9_.ROWAF5ldnc.K4zVXoKvQfNSCbQuHS_IPRcevoGlcC02lQFvXwDO82b2dR4zLdNJOKZePEnsU1gH3BXdbk99aGqIJtJ3Qv.QxGon7dgtKfcNbGFmb8sGVPaLB16Eha8BzLW3pxsXbvTH_lAFQxxcWVYoAynUT3H3ynZELnYUCMfAsfXhRqPTQXF09kGXFHXXWwDe_fosM48WNCocgnRHa8rXWMpJOTojw7Ft7R1Taq_2PjhrhOEE8drZtPUuiJMw9xTcCQnYpti_wZIpZ4FKiQsoQJpKQN9qDVse.6Z3hG5ppm2e5TWSd86wHe for domain .indeed.com at /Users/cculbreath/Library/Containers/Physics-Cloud.PhysCloudResume/Data/Library/Application Support/CloudflareCookieManager/cf_clearance_.indeed.com.plist
Unable to create bundle at URL ((null)): normalized URL null
Unable to create bundle at URL ((null)): normalized URL null
Unable to create bundle at URL ((null)): normalized URL null
Error acquiring assertion: <Error Domain=RBSServiceErrorDomain Code=1 "(target is not running or doesn't have entitlement com.apple.runningboard.assertions.webkit AND originator doesn't have entitlement com.apple.runningboard.assertions.webkit)" UserInfo={NSLocalizedFailureReason=(target is not running or doesn't have entitlement com.apple.runningboard.assertions.webkit AND originator doesn't have entitlement com.apple.runningboard.assertions.webkit)}>
0x124009fa0 - ProcessAssertion::acquireSync Failed to acquire RBS assertion 'XPCConnectionTerminationWatchdog' for process with PID=8577, error: Error Domain=RBSServiceErrorDomain Code=1 "(target is not running or doesn't have entitlement com.apple.runningboard.assertions.webkit AND originator doesn't have entitlement com.apple.runningboard.assertions.webkit)" UserInfo={NSLocalizedFailureReason=(target is not running or doesn't have entitlement com.apple.runningboard.assertions.webkit AND originator doesn't have entitlement com.apple.runningboard.assertions.webkit)}
[CloudflareCookieManager] stored cf_clearance=vaMZhgKqC1u_8YN31azAA6N7MfpcfTYAVIS5TA.s7yM-1745320323-1.2.1.1-IeBlLPMEyGrmF.qlFIrSk2PVA8yR7F9z7oY7mL1q00cGB.V7N8A1eyGoASL7XBkqxB3o9_.ROWAF5ldnc.K4zVXoKvQfNSCbQuHS_IPRcevoGlcC02lQFvXwDO82b2dR4zLdNJOKZePEnsU1gH3BXdbk99aGqIJtJ3Qv.QxGon7dgtKfcNbGFmb8sGVPaLB16Eha8BzLW3pxsXbvTH_lAFQxxcWVYoAynUT3H3ynZELnYUCMfAsfXhRqPTQXF09kGXFHXXWwDe_fosM48WNCocgnRHa8rXWMpJOTojw7Ft7R1Taq_2PjhrhOEE8drZtPUuiJMw9xTcCQnYpti_wZIpZ4FKiQsoQJpKQN9qDVse.6Z3hG5ppm2e5TWSd86wHe for domain .indeed.com at /Users/cculbreath/Library/Containers/Physics-Cloud.PhysCloudResume/Data/Library/Application Support/CloudflareCookieManager/cf_clearance_.indeed.com.plist
Unable to create bundle at URL ((null)): normalized URL null
Unable to create bundle at URL ((null)): normalized URL null
0x152982418 - [pageProxyID=238, webPageID=248, PID=8569] WebPageProxy::didFailLoadForFrame: frameID=192, isMainFrame=0, domain=NSURLErrorDomain, code=-999
0x152982418 - [pageProxyID=238, webPageID=248, PID=8569] WebPageProxy::didFailLoadForFrame: frameID=201, isMainFrame=0, domain=NSURLErrorDomain, code=-999
Unable to create bundle at URL ((null)): normalized URL null
Error acquiring assertion: <Error Domain=RBSServiceErrorDomain Code=1 "(target is not running or doesn't have entitlement com.apple.runningboard.assertions.webkit AND originator doesn't have entitlement com.apple.runningboard.assertions.webkit)" UserInfo={NSLocalizedFailureReason=(target is not running or doesn't have entitlement com.apple.runningboard.assertions.webkit AND originator doesn't have entitlement com.apple.runningboard.assertions.webkit)}>
0x12400af20 - ProcessAssertion::acquireSync Failed to acquire RBS assertion 'XPCConnectionTerminationWatchdog' for process with PID=8579, error: Error Domain=RBSServiceErrorDomain Code=1 "(target is not running or doesn't have entitlement com.apple.runningboard.assertions.webkit AND originator doesn't have entitlement com.apple.runningboard.assertions.webkit)" UserInfo={NSLocalizedFailureReason=(target is not running or doesn't have entitlement com.apple.runningboard.assertions.webkit AND originator doesn't have entitlement com.apple.runningboard.assertions.webkit)}
[CloudflareCookieManager] stored cf_clearance=vaMZhgKqC1u_8YN31azAA6N7MfpcfTYAVIS5TA.s7yM-1745320323-1.2.1.1-IeBlLPMEyGrmF.qlFIrSk2PVA8yR7F9z7oY7mL1q00cGB.V7N8A1eyGoASL7XBkqxB3o9_.ROWAF5ldnc.K4zVXoKvQfNSCbQuHS_IPRcevoGlcC02lQFvXwDO82b2dR4zLdNJOKZePEnsU1gH3BXdbk99aGqIJtJ3Qv.QxGon7dgtKfcNbGFmb8sGVPaLB16Eha8BzLW3pxsXbvTH_lAFQxxcWVYoAynUT3H3ynZELnYUCMfAsfXhRqPTQXF09kGXFHXXWwDe_fosM48WNCocgnRHa8rXWMpJOTojw7Ft7R1Taq_2PjhrhOEE8drZtPUuiJMw9xTcCQnYpti_wZIpZ4FKiQsoQJpKQN9qDVse.6Z3hG5ppm2e5TWSd86wHe for domain .indeed.com at /Users/cculbreath/Library/Containers/Physics-Cloud.PhysCloudResume/Data/Library/Application Support/CloudflareCookieManager/cf_clearance_.indeed.com.plist
Unable to create bundle at URL ((null)): normalized URL null
Unable to create bundle at URL ((null)): normalized URL null
Unable to create bundle at URL ((null)): normalized URL null
Error acquiring assertion: <Error Domain=RBSServiceErrorDomain Code=1 "(target is not running or doesn't have entitlement com.apple.runningboard.assertions.webkit AND originator doesn't have entitlement com.apple.runningboard.assertions.webkit)" UserInfo={NSLocalizedFailureReason=(target is not running or doesn't have entitlement com.apple.runningboard.assertions.webkit AND originator doesn't have entitlement com.apple.runningboard.assertions.webkit)}>
0x124007de0 - ProcessAssertion::acquireSync Failed to acquire RBS assertion 'XPCConnectionTerminationWatchdog' for process with PID=8581, error: Error Domain=RBSServiceErrorDomain Code=1 "(target is not running or doesn't have entitlement com.apple.runningboard.assertions.webkit AND originator doesn't have entitlement com.apple.runningboard.assertions.webkit)" UserInfo={NSLocalizedFailureReason=(target is not running or doesn't have entitlement com.apple.runningboard.assertions.webkit AND originator doesn't have entitlement com.apple.runningboard.assertions.webkit)}
[CloudflareCookieManager] stored cf_clearance=664UOViJIiNwrGGbdD5frfTEh.rQLMPsiPF4e_TX53Q-1745322229-1.2.1.1-Vu0jdqLCa8g.WPmTjnaIlMSxLS2G7qs.m2swuRmotqmFUKMiMbl80pRtfmpKHGj2h0m7PMJh6rE6LuQsSpmFSw06ACplerx2u88Nx92PhZ9KWuQDdVzxUdEpyZNllgbNJjUaKbOuiI23BeIB.tfQVzqzCkbLbwzZZy2sH5m.IPsflcXIrIeOElVDrWGziDmrZMI3SrAeNUT2A8kt_8ksISOLGrbMkHoJEhsXrxD5I51VBJTIMWSc3uaxPqhldSpubopRj.Pg4szx7V1AY6mdt7GtOwUruJCW.n9BZUHYdMmuiGQbAfU0EQZv9zscho9c4wp6jPlARtuZIRJ.v7xfZtd6B1P5fJDb7c_UAM_VseSNpVseYIFsHu20VbFyTG_E for domain .indeed.com at /Users/cculbreath/Library/Containers/Physics-Cloud.PhysCloudResume/Data/Library/Application Support/CloudflareCookieManager/cf_clearance_.indeed.com.plist
Unable to create bundle at URL ((null)): normalized URL null
Unable to create bundle at URL ((null)): normalized URL null
Unable to create bundle at URL ((null)): normalized URL null
Unable to create bundle at URL ((null)): normalized URL null
Unable to create bundle at URL ((null)): normalized URL null
Error acquiring assertion: <Error Domain=RBSServiceErrorDomain Code=1 "(target is not running or doesn't have entitlement com.apple.runningboard.assertions.webkit AND originator doesn't have entitlement com.apple.runningboard.assertions.webkit)" UserInfo={NSLocalizedFailureReason=(target is not running or doesn't have entitlement com.apple.runningboard.assertions.webkit AND originator doesn't have entitlement com.apple.runningboard.assertions.webkit)}>
0x124007d20 - ProcessAssertion::acquireSync Failed to acquire RBS assertion 'XPCConnectionTerminationWatchdog' for process with PID=8569, error: Error Domain=RBSServiceErrorDomain Code=1 "(target is not running or doesn't have entitlement com.apple.runningboard.assertions.webkit AND originator doesn't have entitlement com.apple.runningboard.assertions.webkit)" UserInfo={NSLocalizedFailureReason=(target is not running or doesn't have entitlement com.apple.runningboard.assertions.webkit AND originator doesn't have entitlement com.apple.runningboard.assertions.webkit)}
Unable to create bundle at URL ((null)): normalized URL null
[CloudflareCookieManager] stored cf_clearance=664UOViJIiNwrGGbdD5frfTEh.rQLMPsiPF4e_TX53Q-1745322229-1.2.1.1-Vu0jdqLCa8g.WPmTjnaIlMSxLS2G7qs.m2swuRmotqmFUKMiMbl80pRtfmpKHGj2h0m7PMJh6rE6LuQsSpmFSw06ACplerx2u88Nx92PhZ9KWuQDdVzxUdEpyZNllgbNJjUaKbOuiI23BeIB.tfQVzqzCkbLbwzZZy2sH5m.IPsflcXIrIeOElVDrWGziDmrZMI3SrAeNUT2A8kt_8ksISOLGrbMkHoJEhsXrxD5I51VBJTIMWSc3uaxPqhldSpubopRj.Pg4szx7V1AY6mdt7GtOwUruJCW.n9BZUHYdMmuiGQbAfU0EQZv9zscho9c4wp6jPlARtuZIRJ.v7xfZtd6B1P5fJDb7c_UAM_VseSNpVseYIFsHu20VbFyTG_E for domain .indeed.com at /Users/cculbreath/Library/Containers/Physics-Cloud.PhysCloudResume/Data/Library/Application Support/CloudflareCookieManager/cf_clearance_.indeed.com.plist
Unable to create bundle at URL ((null)): normalized URL null
[CloudflareCookieManager] stored cf_clearance=664UOViJIiNwrGGbdD5frfTEh.rQLMPsiPF4e_TX53Q-1745322229-1.2.1.1-Vu0jdqLCa8g.WPmTjnaIlMSxLS2G7qs.m2swuRmotqmFUKMiMbl80pRtfmpKHGj2h0m7PMJh6rE6LuQsSpmFSw06ACplerx2u88Nx92PhZ9KWuQDdVzxUdEpyZNllgbNJjUaKbOuiI23BeIB.tfQVzqzCkbLbwzZZy2sH5m.IPsflcXIrIeOElVDrWGziDmrZMI3SrAeNUT2A8kt_8ksISOLGrbMkHoJEhsXrxD5I51VBJTIMWSc3uaxPqhldSpubopRj.Pg4szx7V1AY6mdt7GtOwUruJCW.n9BZUHYdMmuiGQbAfU0EQZv9zscho9c4wp6jPlARtuZIRJ.v7xfZtd6B1P5fJDb7c_UAM_VseSNpVseYIFsHu20VbFyTG_E for domain .indeed.com at /Users/cculbreath/Library/Containers/Physics-Cloud.PhysCloudResume/Data/Library/Application Support/CloudflareCookieManager/cf_clearance_.indeed.com.plist
Unable to create bundle at URL ((null)): normalized URL null
Unable to create bundle at URL ((null)): normalized URL null
[CloudflareCookieManager] stored cf_clearance=664UOViJIiNwrGGbdD5frfTEh.rQLMPsiPF4e_TX53Q-1745322229-1.2.1.1-Vu0jdqLCa8g.WPmTjnaIlMSxLS2G7qs.m2swuRmotqmFUKMiMbl80pRtfmpKHGj2h0m7PMJh6rE6LuQsSpmFSw06ACplerx2u88Nx92PhZ9KWuQDdVzxUdEpyZNllgbNJjUaKbOuiI23BeIB.tfQVzqzCkbLbwzZZy2sH5m.IPsflcXIrIeOElVDrWGziDmrZMI3SrAeNUT2A8kt_8ksISOLGrbMkHoJEhsXrxD5I51VBJTIMWSc3uaxPqhldSpubopRj.Pg4szx7V1AY6mdt7GtOwUruJCW.n9BZUHYdMmuiGQbAfU0EQZv9zscho9c4wp6jPlARtuZIRJ.v7xfZtd6B1P5fJDb7c_UAM_VseSNpVseYIFsHu20VbFyTG_E for domain .indeed.com at /Users/cculbreath/Library/Containers/Physics-Cloud.PhysCloudResume/Data/Library/Application Support/CloudflareCookieManager/cf_clearance_.indeed.com.plist
[CloudflareCookieManager] stored cf_clearance=664UOViJIiNwrGGbdD5frfTEh.rQLMPsiPF4e_TX53Q-1745322229-1.2.1.1-Vu0jdqLCa8g.WPmTjnaIlMSxLS2G7qs.m2swuRmotqmFUKMiMbl80pRtfmpKHGj2h0m7PMJh6rE6LuQsSpmFSw06ACplerx2u88Nx92PhZ9KWuQDdVzxUdEpyZNllgbNJjUaKbOuiI23BeIB.tfQVzqzCkbLbwzZZy2sH5m.IPsflcXIrIeOElVDrWGziDmrZMI3SrAeNUT2A8kt_8ksISOLGrbMkHoJEhsXrxD5I51VBJTIMWSc3uaxPqhldSpubopRj.Pg4szx7V1AY6mdt7GtOwUruJCW.n9BZUHYdMmuiGQbAfU0EQZv9zscho9c4wp6jPlARtuZIRJ.v7xfZtd6B1P5fJDb7c_UAM_VseSNpVseYIFsHu20VbFyTG_E for domain .indeed.com at /Users/cculbreath/Library/Containers/Physics-Cloud.PhysCloudResume/Data/Library/Application Support/CloudflareCookieManager/cf_clearance_.indeed.com.plist
Error acquiring assertion: <Error Domain=RBSServiceErrorDomain Code=1 "(target is not running or doesn't have entitlement com.apple.runningboard.assertions.webkit AND originator doesn't have entitlement com.apple.runningboard.assertions.webkit)" UserInfo={NSLocalizedFailureReason=(target is not running or doesn't have entitlement com.apple.runningboard.assertions.webkit AND originator doesn't have entitlement com.apple.runningboard.assertions.webkit)}>
0x124007cc0 - ProcessAssertion::acquireSync Failed to acquire RBS assertion 'XPCConnectionTerminationWatchdog' for process with PID=8586, error: Error Domain=RBSServiceErrorDomain Code=1 "(target is not running or doesn't have entitlement com.apple.runningboard.assertions.webkit AND originator doesn't have entitlement com.apple.runningboard.assertions.webkit)" UserInfo={NSLocalizedFailureReason=(target is not running or doesn't have entitlement com.apple.runningboard.assertions.webkit AND originator doesn't have entitlement com.apple.runningboard.assertions.webkit)}
Error acquiring assertion: <Error Domain=RBSServiceErrorDomain Code=1 "(target is not running or doesn't have entitlement com.apple.runningboard.assertions.webkit AND originator doesn't have entitlement com.apple.runningboard.assertions.webkit)" UserInfo={NSLocalizedFailureReason=(target is not running or doesn't have entitlement com.apple.runningboard.assertions.webkit AND originator doesn't have entitlement com.apple.runningboard.assertions.webkit)}>
0x124007d80 - ProcessAssertion::acquireSync Failed to acquire RBS assertion 'WebProcess NearSuspended Assertion' for process with PID=8586, error: Error Domain=RBSServiceErrorDomain Code=1 "(target is not running or doesn't have entitlement com.apple.runningboard.assertions.webkit AND originator doesn't have entitlement com.apple.runningboard.assertions.webkit)" UserInfo={NSLocalizedFailureReason=(target is not running or doesn't have entitlement com.apple.runningboard.assertions.webkit AND originator doesn't have entitlement com.apple.runningboard.assertions.webkit)}
Unable to create bundle at URL ((null)): normalized URL null
Unable to create bundle at URL ((null)): normalized URL null
Unable to create bundle at URL ((null)): normalized URL null
[CloudflareCookieManager] stored cf_clearance=S7J8YKImOFXJ2h9m76JAYNCCBfDHJBGNnkWJ_hwuF_4-1745322230-1.2.1.1-sDdrf9jJQGWR4bk7TKAM7cBaD12rHn2GMfM4wc9qT0AO3JtefkR81pY9i_lf01XVDt08tjnCGHriN.Lv.AYa_Q8ONyrfvji4KFb4FIb.h5vZSAGywBcxKh67egIes2vSV8FQSAOllq.UUDgYEUnwcUzuQkm8BZVbym.S2d99hN7X7E3y8WX_JY2TTf7kTb3X7ZZd0MT3FVcmHo1lZpik2LW0T1h5fGWFS.jEaI64SRBCVeKd6gS0vUXlJ2bepC6_3JZg7422Qz3mSl4siJFcmDEurtkxKYnrgP.L5aMylBL4BgRz1OVT1OOI.it_HKQldm1i03c4SkSZ1Hb5P3LC9U0SPDHHsrjAMkGFEgrepqQHhAKTBWMa_KeoEBbK4ohT for domain .indeed.com at /Users/cculbreath/Library/Containers/Physics-Cloud.PhysCloudResume/Data/Library/Application Support/CloudflareCookieManager/cf_clearance_.indeed.com.plist
Error acquiring assertion: <Error Domain=RBSServiceErrorDomain Code=1 "(target is not running or doesn't have entitlement com.apple.runningboard.assertions.webkit AND originator doesn't have entitlement com.apple.runningboard.assertions.webkit)" UserInfo={NSLocalizedFailureReason=(target is not running or doesn't have entitlement com.apple.runningboard.assertions.webkit AND originator doesn't have entitlement com.apple.runningboard.assertions.webkit)}>
0x1202443c0 - ProcessAssertion::acquireSync Failed to acquire RBS assertion 'WebProcess NearSuspended Assertion' for process with PID=8587, error: Error Domain=RBSServiceErrorDomain Code=1 "(target is not running or doesn't have entitlement com.apple.runningboard.assertions.webkit AND originator doesn't have entitlement com.apple.runningboard.assertions.webkit)" UserInfo={NSLocalizedFailureReason=(target is not running or doesn't have entitlement com.apple.runningboard.assertions.webkit AND originator doesn't have entitlement com.apple.runningboard.assertions.webkit)}
Unable to create bundle at URL ((null)): normalized URL null
Unable to create bundle at URL ((null)): normalized URL null
Unable to create bundle at URL ((null)): normalized URL null
update cover letter
[CloudflareCookieManager] stored cf_clearance=S7J8YKImOFXJ2h9m76JAYNCCBfDHJBGNnkWJ_hwuF_4-1745322230-1.2.1.1-sDdrf9jJQGWR4bk7TKAM7cBaD12rHn2GMfM4wc9qT0AO3JtefkR81pY9i_lf01XVDt08tjnCGHriN.Lv.AYa_Q8ONyrfvji4KFb4FIb.h5vZSAGywBcxKh67egIes2vSV8FQSAOllq.UUDgYEUnwcUzuQkm8BZVbym.S2d99hN7X7E3y8WX_JY2TTf7kTb3X7ZZd0MT3FVcmHo1lZpik2LW0T1h5fGWFS.jEaI64SRBCVeKd6gS0vUXlJ2bepC6_3JZg7422Qz3mSl4siJFcmDEurtkxKYnrgP.L5aMylBL4BgRz1OVT1OOI.it_HKQldm1i03c4SkSZ1Hb5P3LC9U0SPDHHsrjAMkGFEgrepqQHhAKTBWMa_KeoEBbK4ohT for domain .indeed.com at /Users/cculbreath/Library/Containers/Physics-Cloud.PhysCloudResume/Data/Library/Application Support/CloudflareCookieManager/cf_clearance_.indeed.com.plist
Unable to create bundle at URL ((null)): normalized URL null
Unable to create bundle at URL ((null)): normalized URL null
Unable to create bundle at URL ((null)): normalized URL null
[CloudflareCookieManager] stored cf_clearance=S7J8YKImOFXJ2h9m76JAYNCCBfDHJBGNnkWJ_hwuF_4-1745322230-1.2.1.1-sDdrf9jJQGWR4bk7TKAM7cBaD12rHn2GMfM4wc9qT0AO3JtefkR81pY9i_lf01XVDt08tjnCGHriN.Lv.AYa_Q8ONyrfvji4KFb4FIb.h5vZSAGywBcxKh67egIes2vSV8FQSAOllq.UUDgYEUnwcUzuQkm8BZVbym.S2d99hN7X7E3y8WX_JY2TTf7kTb3X7ZZd0MT3FVcmHo1lZpik2LW0T1h5fGWFS.jEaI64SRBCVeKd6gS0vUXlJ2bepC6_3JZg7422Qz3mSl4siJFcmDEurtkxKYnrgP.L5aMylBL4BgRz1OVT1OOI.it_HKQldm1i03c4SkSZ1Hb5P3LC9U0SPDHHsrjAMkGFEgrepqQHhAKTBWMa_KeoEBbK4ohT for domain .indeed.com at /Users/cculbreath/Library/Containers/Physics-Cloud.PhysCloudResume/Data/Library/Application Support/CloudflareCookieManager/cf_clearance_.indeed.com.plist
Unable to create bundle at URL ((null)): normalized URL null
Unable to create bundle at URL ((null)): normalized URL null
Unable to create bundle at URL ((null)): normalized URL null
[CloudflareCookieManager] stored cf_clearance=S7J8YKImOFXJ2h9m76JAYNCCBfDHJBGNnkWJ_hwuF_4-1745322230-1.2.1.1-sDdrf9jJQGWR4bk7TKAM7cBaD12rHn2GMfM4wc9qT0AO3JtefkR81pY9i_lf01XVDt08tjnCGHriN.Lv.AYa_Q8ONyrfvji4KFb4FIb.h5vZSAGywBcxKh67egIes2vSV8FQSAOllq.UUDgYEUnwcUzuQkm8BZVbym.S2d99hN7X7E3y8WX_JY2TTf7kTb3X7ZZd0MT3FVcmHo1lZpik2LW0T1h5fGWFS.jEaI64SRBCVeKd6gS0vUXlJ2bepC6_3JZg7422Qz3mSl4siJFcmDEurtkxKYnrgP.L5aMylBL4BgRz1OVT1OOI.it_HKQldm1i03c4SkSZ1Hb5P3LC9U0SPDHHsrjAMkGFEgrepqQHhAKTBWMa_KeoEBbK4ohT for domain .indeed.com at /Users/cculbreath/Library/Containers/Physics-Cloud.PhysCloudResume/Data/Library/Application Support/CloudflareCookieManager/cf_clearance_.indeed.com.plist
Unable to create bundle at URL ((null)): normalized URL null
Unable to create bundle at URL ((null)): normalized URL null
Unable to create bundle at URL ((null)): normalized URL null
[CloudflareCookieManager] stored cf_clearance=S7J8YKImOFXJ2h9m76JAYNCCBfDHJBGNnkWJ_hwuF_4-1745322230-1.2.1.1-sDdrf9jJQGWR4bk7TKAM7cBaD12rHn2GMfM4wc9qT0AO3JtefkR81pY9i_lf01XVDt08tjnCGHriN.Lv.AYa_Q8ONyrfvji4KFb4FIb.h5vZSAGywBcxKh67egIes2vSV8FQSAOllq.UUDgYEUnwcUzuQkm8BZVbym.S2d99hN7X7E3y8WX_JY2TTf7kTb3X7ZZd0MT3FVcmHo1lZpik2LW0T1h5fGWFS.jEaI64SRBCVeKd6gS0vUXlJ2bepC6_3JZg7422Qz3mSl4siJFcmDEurtkxKYnrgP.L5aMylBL4BgRz1OVT1OOI.it_HKQldm1i03c4SkSZ1Hb5P3LC9U0SPDHHsrjAMkGFEgrepqQHhAKTBWMa_KeoEBbK4ohT for domain .indeed.com at /Users/cculbreath/Library/Containers/Physics-Cloud.PhysCloudResume/Data/Library/Application Support/CloudflareCookieManager/cf_clearance_.indeed.com.plist
Unable to create bundle at URL ((null)): normalized URL null
Unable to create bundle at URL ((null)): normalized URL null
Unable to create bundle at URL ((null)): normalized URL null
[CloudflareCookieManager] stored cf_clearance=S7J8YKImOFXJ2h9m76JAYNCCBfDHJBGNnkWJ_hwuF_4-1745322230-1.2.1.1-sDdrf9jJQGWR4bk7TKAM7cBaD12rHn2GMfM4wc9qT0AO3JtefkR81pY9i_lf01XVDt08tjnCGHriN.Lv.AYa_Q8ONyrfvji4KFb4FIb.h5vZSAGywBcxKh67egIes2vSV8FQSAOllq.UUDgYEUnwcUzuQkm8BZVbym.S2d99hN7X7E3y8WX_JY2TTf7kTb3X7ZZd0MT3FVcmHo1lZpik2LW0T1h5fGWFS.jEaI64SRBCVeKd6gS0vUXlJ2bepC6_3JZg7422Qz3mSl4siJFcmDEurtkxKYnrgP.L5aMylBL4BgRz1OVT1OOI.it_HKQldm1i03c4SkSZ1Hb5P3LC9U0SPDHHsrjAMkGFEgrepqQHhAKTBWMa_KeoEBbK4ohT for domain .indeed.com at /Users/cculbreath/Library/Containers/Physics-Cloud.PhysCloudResume/Data/Library/Application Support/CloudflareCookieManager/cf_clearance_.indeed.com.plist
Unable to create bundle at URL ((null)): normalized URL null
Unable to create bundle at URL ((null)): normalized URL null
Unable to create bundle at URL ((null)): normalized URL null
[CloudflareCookieManager] stored cf_clearance=S7J8YKImOFXJ2h9m76JAYNCCBfDHJBGNnkWJ_hwuF_4-1745322230-1.2.1.1-sDdrf9jJQGWR4bk7TKAM7cBaD12rHn2GMfM4wc9qT0AO3JtefkR81pY9i_lf01XVDt08tjnCGHriN.Lv.AYa_Q8ONyrfvji4KFb4FIb.h5vZSAGywBcxKh67egIes2vSV8FQSAOllq.UUDgYEUnwcUzuQkm8BZVbym.S2d99hN7X7E3y8WX_JY2TTf7kTb3X7ZZd0MT3FVcmHo1lZpik2LW0T1h5fGWFS.jEaI64SRBCVeKd6gS0vUXlJ2bepC6_3JZg7422Qz3mSl4siJFcmDEurtkxKYnrgP.L5aMylBL4BgRz1OVT1OOI.it_HKQldm1i03c4SkSZ1Hb5P3LC9U0SPDHHsrjAMkGFEgrepqQHhAKTBWMa_KeoEBbK4ohT for domain .indeed.com at /Users/cculbreath/Library/Containers/Physics-Cloud.PhysCloudResume/Data/Library/Application Support/CloudflareCookieManager/cf_clearance_.indeed.com.plist
Unable to create bundle at URL ((null)): normalized URL null
Unable to create bundle at URL ((null)): normalized URL null
Unable to create bundle at URL ((null)): normalized URL null
update cover letter
Error acquiring assertion: <Error Domain=RBSServiceErrorDomain Code=1 "(target is not running or doesn't have entitlement com.apple.runningboard.assertions.webkit AND originator doesn't have entitlement com.apple.runningboard.assertions.webkit)" UserInfo={NSLocalizedFailureReason=(target is not running or doesn't have entitlement com.apple.runningboard.assertions.webkit AND originator doesn't have entitlement com.apple.runningboard.assertions.webkit)}>
0x12400afe0 - ProcessAssertion::acquireSync Failed to acquire RBS assertion 'XPCConnectionTerminationWatchdog' for process with PID=8595, error: Error Domain=RBSServiceErrorDomain Code=1 "(target is not running or doesn't have entitlement com.apple.runningboard.assertions.webkit AND originator doesn't have entitlement com.apple.runningboard.assertions.webkit)" UserInfo={NSLocalizedFailureReason=(target is not running or doesn't have entitlement com.apple.runningboard.assertions.webkit AND originator doesn't have entitlement com.apple.runningboard.assertions.webkit)}
Error acquiring assertion: <Error Domain=RBSServiceErrorDomain Code=1 "(target is not running or doesn't have entitlement com.apple.runningboard.assertions.webkit AND originator doesn't have entitlement com.apple.runningboard.assertions.webkit)" UserInfo={NSLocalizedFailureReason=(target is not running or doesn't have entitlement com.apple.runningboard.assertions.webkit AND originator doesn't have entitlement com.apple.runningboard.assertions.webkit)}>
0x124005e60 - ProcessAssertion::acquireSync Failed to acquire RBS assertion 'WebProcess NearSuspended Assertion' for process with PID=8595, error: Error Domain=RBSServiceErrorDomain Code=1 "(target is not running or doesn't have entitlement com.apple.runningboard.assertions.webkit AND originator doesn't have entitlement com.apple.runningboard.assertions.webkit)" UserInfo={NSLocalizedFailureReason=(target is not running or doesn't have entitlement com.apple.runningboard.assertions.webkit AND originator doesn't have entitlement com.apple.runningboard.assertions.webkit)}
⏺️ CreateNewResumeView appeared
📋 Available models: 2
✓ Default model selected: archer
🔘 Create button tapped
Creating resume with model: EDA96A9F-3F3D-4462-864E-DC074C2A36B8
Using job app: 4592B3D5-E609-4FDE-B3C0-1BAC4CCD4D80
Model context available
Creating resume for job application: PhysCloudResume.JobApp
Current resumes count: 0
Current resumes count: 0
Set Selection
Resume object created
Adding FontSizeNode: key = employer-name, fontString = 13.0pt, index = 0
Adding FontSizeNode: key = degree-names, fontString = 13.0pt, index = 1
Adding FontSizeNode: key = job-titles, fontString = 16.0pt, index = 2
Adding FontSizeNode: key = employment-dates, fontString = 11.0pt, index = 3
Adding FontSizeNode: key = skill-descriptions, fontString = 10.0pt, index = 4
Adding FontSizeNode: key = name, fontString = 44.0pt, index = 5
Adding FontSizeNode: key = section-title, fontString = 15.0pt, index = 6
Adding FontSizeNode: key = skill-names, fontString = 13.0pt, index = 7
Adding FontSizeNode: key = projects, fontString = 9.5pt, index = 8
Adding FontSizeNode: key = schools, fontString = 10.0pt, index = 9
Adding FontSizeNode: key = box-titles, fontString = 20.0pt, index = 10
Adding FontSizeNode: key = website-box, fontString = 11.0pt, index = 11
Adding FontSizeNode: key = employment-highlights, fontString = 9.0pt, index = 12
Adding FontSizeNode: key = graduation-date, fontString = 13.0pt, index = 13
Adding FontSizeNode: key = objective, fontString = 11.0pt, index = 14
Completed parsing font sizes. Count: 15
!!!! importedKeys: ["projects-highlights", "employment", "education", "more", "skills-and-expertise", "summary", "section-labels", "job-titles", "more-info", "contact"]
DEBUG: Building tree for key='meta' with type=object
DEBUG: Building tree for key='contact' with type=complex
contact is an OrderedDictionary
DEBUG: Building tree for key='summary' with type=string
DEBUG: Building tree for key='publications' with type=complex
publications is an OrderedDictionary
DEBUG: Building tree for key='more-info' with type=string
DEBUG: Building tree for key='projects-highlights' with type=twoKeyObjectArray(keyOne: "name", keyTwo: "description")
DEBUG: Building tree for key='employment' with type=complex
employment is an OrderedDictionary
DEBUG: Building tree for key='job-titles' with type=array
DEBUG: Building tree for key='skills-and-expertise' with type=twoKeyObjectArray(keyOne: "title", keyTwo: "description")
DEBUG: Building tree for key='keys-in-editor' with type=array
DEBUG: Building tree for key='languages' with type=array
DEBUG: Building tree for key='section-labels' with type=object
DEBUG: Building tree for key='education' with type=complex
education is an OrderedDictionary
labeltime: key:languages label:Languages and Frameworks value:["languages": "Languages and Frameworks", "hobbies": "Projects", "skills-and-expertise": "Skills and Expertise", "publications": "Publications", "more-info": "More Info", "summary": "Objective", "education": "Education", "employment": "Work Experience", "projects-highlights": "Projects", "job-titles": "Job Titles", "section-labels": "Section Labels"]
labeltime: key:hobbies label:Projects value:["languages": "Languages and Frameworks", "hobbies": "Projects", "skills-and-expertise": "Skills and Expertise", "publications": "Publications", "more-info": "More Info", "summary": "Objective", "education": "Education", "employment": "Work Experience", "projects-highlights": "Projects", "job-titles": "Job Titles", "section-labels": "Section Labels"]
labeltime: key:skills-and-expertise label:Skills and Expertise value:["languages": "Languages and Frameworks", "hobbies": "Projects", "skills-and-expertise": "Skills and Expertise", "publications": "Publications", "more-info": "More Info", "summary": "Objective", "education": "Education", "employment": "Work Experience", "projects-highlights": "Projects", "job-titles": "Job Titles", "section-labels": "Section Labels"]
labeltime: key:publications label:Publications value:["languages": "Languages and Frameworks", "hobbies": "Projects", "skills-and-expertise": "Skills and Expertise", "publications": "Publications", "more-info": "More Info", "summary": "Objective", "education": "Education", "employment": "Work Experience", "projects-highlights": "Projects", "job-titles": "Job Titles", "section-labels": "Section Labels"]
labeltime: key:more-info label:More Info value:["languages": "Languages and Frameworks", "hobbies": "Projects", "skills-and-expertise": "Skills and Expertise", "publications": "Publications", "more-info": "More Info", "summary": "Objective", "education": "Education", "employment": "Work Experience", "projects-highlights": "Projects", "job-titles": "Job Titles", "section-labels": "Section Labels"]
labeltime: key:summary label:Objective value:["languages": "Languages and Frameworks", "hobbies": "Projects", "skills-and-expertise": "Skills and Expertise", "publications": "Publications", "more-info": "More Info", "summary": "Objective", "education": "Education", "employment": "Work Experience", "projects-highlights": "Projects", "job-titles": "Job Titles", "section-labels": "Section Labels"]
labeltime: key:education label:Education value:["languages": "Languages and Frameworks", "hobbies": "Projects", "skills-and-expertise": "Skills and Expertise", "publications": "Publications", "more-info": "More Info", "summary": "Objective", "education": "Education", "employment": "Work Experience", "projects-highlights": "Projects", "job-titles": "Job Titles", "section-labels": "Section Labels"]
labeltime: key:employment label:Work Experience value:["languages": "Languages and Frameworks", "hobbies": "Projects", "skills-and-expertise": "Skills and Expertise", "publications": "Publications", "more-info": "More Info", "summary": "Objective", "education": "Education", "employment": "Work Experience", "projects-highlights": "Projects", "job-titles": "Job Titles", "section-labels": "Section Labels"]
labeltime: key:projects-highlights label:Projects value:["languages": "Languages and Frameworks", "hobbies": "Projects", "skills-and-expertise": "Skills and Expertise", "publications": "Publications", "more-info": "More Info", "summary": "Objective", "education": "Education", "employment": "Work Experience", "projects-highlights": "Projects", "job-titles": "Job Titles", "section-labels": "Section Labels"]
labeltime: key:job-titles label:Job Titles value:["languages": "Languages and Frameworks", "hobbies": "Projects", "skills-and-expertise": "Skills and Expertise", "publications": "Publications", "more-info": "More Info", "summary": "Objective", "education": "Education", "employment": "Work Experience", "projects-highlights": "Projects", "job-titles": "Job Titles", "section-labels": "Section Labels"]
labeltime: key:section-labels label:Section Labels value:["languages": "Languages and Frameworks", "hobbies": "Projects", "skills-and-expertise": "Skills and Expertise", "publications": "Publications", "more-info": "More Info", "summary": "Objective", "education": "Education", "employment": "Work Experience", "projects-highlights": "Projects", "job-titles": "Job Titles", "section-labels": "Section Labels"]
Resume tree built from JSON data
1 Current resumes count: 0
JobApp resume added, jobApp.hasAnyResume is true
2 Current resumes count: 1
Resume successfully saved and processed
pdf refresh
pdf refresh
✅ Resume created successfully: 636A9A75-6BBA-4B0C-9B1E-8CAC63975652
✅ Job app now has 1 resumes
tab resExists
✅ Job app now has resumes
Tab is is now + true
⏺️ CreateNewResumeView appeared
📋 Available models: 2
✓ Default model selected: archer
RootNode
⏺️ CreateNewResumeView appeared
📋 Available models: 2
✓ Default model selected: archer
RootNode
pdf refresh
Toolbar Resume
🔄 Resume status changed - forcing refresh
CoreData: error: Error: Persistent History (14) has to be truncated due to the following entities being removed: (
    CoverLetter,
    JobApp,
    ResRef,
    ResModel,
    Resume,
    TreeNode,
    FontSizeNode,
    CoverRef,
    MessageParams
)
CoreData: error: Error: Persistent History (14) has to be truncated due to the following entities being removed: (
    CoverLetter,
    JobApp,
    ResRef,
    ResModel,
    Resume,
    TreeNode,
    FontSizeNode,
    CoverRef,
    MessageParams
)
CoreData: warning: Warning: Dropping Indexes for Persistent History
CoreData: warning: Warning: Dropping Indexes for Persistent History
CoreData: warning: Warning: Dropping Transactions prior to 14 for Persistent History
CoreData: warning: Warning: Dropping Transactions prior to 14 for Persistent History
CoreData: warning: Warning: Dropping Changes prior to TransactionID 14 for Persistent History
CoreData: warning: Warning: Dropping Changes prior to TransactionID 14 for Persistent History
CoreData: debug: PostSaveMaintenance: incremental_vacuum with freelist_count - 63 and pages_to_free 46
CoreData: error: (1) I/O error for database at /Users/cculbreath/Library/Containers/Physics-Cloud.PhysCloudResume/Data/Library/Application Support/default.store.  SQLite error code:1, 'no such table: ZJOBAPP'
CoreData: error: (1) I/O error for database at /Users/cculbreath/Library/Containers/Physics-Cloud.PhysCloudResume/Data/Library/Application Support/default.store.  SQLite error code:1, 'no such table: ZJOBAPP'
CoreData: error: SQLCore dispatchRequest: exception handling request: <NSSQLFetchRequestContext: 0x6000051a4a80> , I/O error for database at /Users/cculbreath/Library/Containers/Physics-Cloud.PhysCloudResume/Data/Library/Application Support/default.store.  SQLite error code:1, 'no such table: ZJOBAPP' with userInfo of {
    NSFilePath = "/Users/cculbreath/Library/Containers/Physics-Cloud.PhysCloudResume/Data/Library/Application Support/default.store";
    NSSQLiteErrorDomain = 1;
}
CoreData: error: SQLCore dispatchRequest: exception handling request: <NSSQLFetchRequestContext: 0x6000051a4a80> , I/O error for database at /Users/cculbreath/Library/Containers/Physics-Cloud.PhysCloudResume/Data/Library/Application Support/default.store.  SQLite error code:1, 'no such table: ZJOBAPP' with userInfo of {
    NSFilePath = "/Users/cculbreath/Library/Containers/Physics-Cloud.PhysCloudResume/Data/Library/Application Support/default.store";
    NSSQLiteErrorDomain = 1;
}
CoreData: error: -executeRequest: encountered exception = I/O error for database at /Users/cculbreath/Library/Containers/Physics-Cloud.PhysCloudResume/Data/Library/Application Support/default.store.  SQLite error code:1, 'no such table: ZJOBAPP' with userInfo = {
    NSFilePath = "/Users/cculbreath/Library/Containers/Physics-Cloud.PhysCloudResume/Data/Library/Application Support/default.store";
    NSSQLiteErrorDomain = 1;
}
CoreData: error: -executeRequest: encountered exception = I/O error for database at /Users/cculbreath/Library/Containers/Physics-Cloud.PhysCloudResume/Data/Library/Application Support/default.store.  SQLite error code:1, 'no such table: ZJOBAPP' with userInfo = {
    NSFilePath = "/Users/cculbreath/Library/Containers/Physics-Cloud.PhysCloudResume/Data/Library/Application Support/default.store";
    NSSQLiteErrorDomain = 1;
}
CoreData: error: (1) I/O error for database at /Users/cculbreath/Library/Containers/Physics-Cloud.PhysCloudResume/Data/Library/Application Support/default.store.  SQLite error code:1, 'no such table: ZJOBAPP'
CoreData: error: (1) I/O error for database at /Users/cculbreath/Library/Containers/Physics-Cloud.PhysCloudResume/Data/Library/Application Support/default.store.  SQLite error code:1, 'no such table: ZJOBAPP'
CoreData: error: SQLCore dispatchRequest: exception handling request: <NSSQLFetchRequestContext: 0x6000051a4c40> , I/O error for database at /Users/cculbreath/Library/Containers/Physics-Cloud.PhysCloudResume/Data/Library/Application Support/default.store.  SQLite error code:1, 'no such table: ZJOBAPP' with userInfo of {
    NSFilePath = "/Users/cculbreath/Library/Containers/Physics-Cloud.PhysCloudResume/Data/Library/Application Support/default.store";
    NSSQLiteErrorDomain = 1;
}
CoreData: error: SQLCore dispatchRequest: exception handling request: <NSSQLFetchRequestContext: 0x6000051a4c40> , I/O error for database at /Users/cculbreath/Library/Containers/Physics-Cloud.PhysCloudResume/Data/Library/Application Support/default.store.  SQLite error code:1, 'no such table: ZJOBAPP' with userInfo of {
    NSFilePath = "/Users/cculbreath/Library/Containers/Physics-Cloud.PhysCloudResume/Data/Library/Application Support/default.store";
    NSSQLiteErrorDomain = 1;
}
CoreData: error: -executeRequest: encountered exception = I/O error for database at /Users/cculbreath/Library/Containers/Physics-Cloud.PhysCloudResume/Data/Library/Application Support/default.store.  SQLite error code:1, 'no such table: ZJOBAPP' with userInfo = {
    NSFilePath = "/Users/cculbreath/Library/Containers/Physics-Cloud.PhysCloudResume/Data/Library/Application Support/default.store";
    NSSQLiteErrorDomain = 1;
}
CoreData: error: -executeRequest: encountered exception = I/O error for database at /Users/cculbreath/Library/Containers/Physics-Cloud.PhysCloudResume/Data/Library/Application Support/default.store.  SQLite error code:1, 'no such table: ZJOBAPP' with userInfo = {
    NSFilePath = "/Users/cculbreath/Library/Containers/Physics-Cloud.PhysCloudResume/Data/Library/Application Support/default.store";
    NSSQLiteErrorDomain = 1;
}
CoreData: error: (1) I/O error for database at /Users/cculbreath/Library/Containers/Physics-Cloud.PhysCloudResume/Data/Library/Application Support/default.store.  SQLite error code:1, 'no such table: ZJOBAPP'
CoreData: error: (1) I/O error for database at /Users/cculbreath/Library/Containers/Physics-Cloud.PhysCloudResume/Data/Library/Application Support/default.store.  SQLite error code:1, 'no such table: ZJOBAPP'
CoreData: error: SQLCore dispatchRequest: exception handling request: <NSSQLFetchRequestContext: 0x6000051a4e00> , I/O error for database at /Users/cculbreath/Library/Containers/Physics-Cloud.PhysCloudResume/Data/Library/Application Support/default.store.  SQLite error code:1, 'no such table: ZJOBAPP' with userInfo of {
    NSFilePath = "/Users/cculbreath/Library/Containers/Physics-Cloud.PhysCloudResume/Data/Library/Application Support/default.store";
    NSSQLiteErrorDomain = 1;
}
CoreData: error: SQLCore dispatchRequest: exception handling request: <NSSQLFetchRequestContext: 0x6000051a4e00> , I/O error for database at /Users/cculbreath/Library/Containers/Physics-Cloud.PhysCloudResume/Data/Library/Application Support/default.store.  SQLite error code:1, 'no such table: ZJOBAPP' with userInfo of {
    NSFilePath = "/Users/cculbreath/Library/Containers/Physics-Cloud.PhysCloudResume/Data/Library/Application Support/default.store";
    NSSQLiteErrorDomain = 1;
}
CoreData: error: -executeRequest: encountered exception = I/O error for database at /Users/cculbreath/Library/Containers/Physics-Cloud.PhysCloudResume/Data/Library/Application Support/default.store.  SQLite error code:1, 'no such table: ZJOBAPP' with userInfo = {
    NSFilePath = "/Users/cculbreath/Library/Containers/Physics-Cloud.PhysCloudResume/Data/Library/Application Support/default.store";
    NSSQLiteErrorDomain = 1;
}
CoreData: error: -executeRequest: encountered exception = I/O error for database at /Users/cculbreath/Library/Containers/Physics-Cloud.PhysCloudResume/Data/Library/Application Support/default.store.  SQLite error code:1, 'no such table: ZJOBAPP' with userInfo = {
    NSFilePath = "/Users/cculbreath/Library/Containers/Physics-Cloud.PhysCloudResume/Data/Library/Application Support/default.store";
    NSSQLiteErrorDomain = 1;
}
CoreData: error: (1) I/O error for database at /Users/cculbreath/Library/Containers/Physics-Cloud.PhysCloudResume/Data/Library/Application Support/default.store.  SQLite error code:1, 'no such table: ZJOBAPP'
CoreData: error: (1) I/O error for database at /Users/cculbreath/Library/Containers/Physics-Cloud.PhysCloudResume/Data/Library/Application Support/default.store.  SQLite error code:1, 'no such table: ZJOBAPP'
CoreData: error: SQLCore dispatchRequest: exception handling request: <NSSQLFetchRequestContext: 0x6000051a4fc0> , I/O error for database at /Users/cculbreath/Library/Containers/Physics-Cloud.PhysCloudResume/Data/Library/Application Support/default.store.  SQLite error code:1, 'no such table: ZJOBAPP' with userInfo of {
    NSFilePath = "/Users/cculbreath/Library/Containers/Physics-Cloud.PhysCloudResume/Data/Library/Application Support/default.store";
    NSSQLiteErrorDomain = 1;
}
CoreData: error: SQLCore dispatchRequest: exception handling request: <NSSQLFetchRequestContext: 0x6000051a4fc0> , I/O error for database at /Users/cculbreath/Library/Containers/Physics-Cloud.PhysCloudResume/Data/Library/Application Support/default.store.  SQLite error code:1, 'no such table: ZJOBAPP' with userInfo of {
    NSFilePath = "/Users/cculbreath/Library/Containers/Physics-Cloud.PhysCloudResume/Data/Library/Application Support/default.store";
    NSSQLiteErrorDomain = 1;
}
Query encountered an error: Error Domain=NSCocoaErrorDomain Code=256 "The file “default.store” couldn’t be opened." UserInfo={NSFilePath=/Users/cculbreath/Library/Containers/Physics-Cloud.PhysCloudResume/Data/Library/Application Support/default.store, NSSQLiteErrorDomain=1}
CoreData: error: (1) I/O error for database at /Users/cculbreath/Library/Containers/Physics-Cloud.PhysCloudResume/Data/Library/Application Support/default.store.  SQLite error code:1, 'no such table: ZRESREF'
CoreData: error: (1) I/O error for database at /Users/cculbreath/Library/Containers/Physics-Cloud.PhysCloudResume/Data/Library/Application Support/default.store.  SQLite error code:1, 'no such table: ZRESREF'
CoreData: error: SQLCore dispatchRequest: exception handling request: <NSSQLFetchRequestContext: 0x6000051a5180> , I/O error for database at /Users/cculbreath/Library/Containers/Physics-Cloud.PhysCloudResume/Data/Library/Application Support/default.store.  SQLite error code:1, 'no such table: ZRESREF' with userInfo of {
    NSFilePath = "/Users/cculbreath/Library/Containers/Physics-Cloud.PhysCloudResume/Data/Library/Application Support/default.store";
    NSSQLiteErrorDomain = 1;
}
CoreData: error: SQLCore dispatchRequest: exception handling request: <NSSQLFetchRequestContext: 0x6000051a5180> , I/O error for database at /Users/cculbreath/Library/Containers/Physics-Cloud.PhysCloudResume/Data/Library/Application Support/default.store.  SQLite error code:1, 'no such table: ZRESREF' with userInfo of {
    NSFilePath = "/Users/cculbreath/Library/Containers/Physics-Cloud.PhysCloudResume/Data/Library/Application Support/default.store";
    NSSQLiteErrorDomain = 1;
}
CoreData: error: -executeRequest: encountered exception = I/O error for database at /Users/cculbreath/Library/Containers/Physics-Cloud.PhysCloudResume/Data/Library/Application Support/default.store.  SQLite error code:1, 'no such table: ZRESREF' with userInfo = {
    NSFilePath = "/Users/cculbreath/Library/Containers/Physics-Cloud.PhysCloudResume/Data/Library/Application Support/default.store";
    NSSQLiteErrorDomain = 1;
}
CoreData: error: -executeRequest: encountered exception = I/O error for database at /Users/cculbreath/Library/Containers/Physics-Cloud.PhysCloudResume/Data/Library/Application Support/default.store.  SQLite error code:1, 'no such table: ZRESREF' with userInfo = {
    NSFilePath = "/Users/cculbreath/Library/Containers/Physics-Cloud.PhysCloudResume/Data/Library/Application Support/default.store";
    NSSQLiteErrorDomain = 1;
}
CoreData: error: (1) I/O error for database at /Users/cculbreath/Library/Containers/Physics-Cloud.PhysCloudResume/Data/Library/Application Support/default.store.  SQLite error code:1, 'no such table: ZRESREF'
CoreData: error: (1) I/O error for database at /Users/cculbreath/Library/Containers/Physics-Cloud.PhysCloudResume/Data/Library/Application Support/default.store.  SQLite error code:1, 'no such table: ZRESREF'
CoreData: error: SQLCore dispatchRequest: exception handling request: <NSSQLFetchRequestContext: 0x6000051a5340> , I/O error for database at /Users/cculbreath/Library/Containers/Physics-Cloud.PhysCloudResume/Data/Library/Application Support/default.store.  SQLite error code:1, 'no such table: ZRESREF' with userInfo of {
    NSFilePath = "/Users/cculbreath/Library/Containers/Physics-Cloud.PhysCloudResume/Data/Library/Application Support/default.store";
    NSSQLiteErrorDomain = 1;
}
CoreData: error: SQLCore dispatchRequest: exception handling request: <NSSQLFetchRequestContext: 0x6000051a5340> , I/O error for database at /Users/cculbreath/Library/Containers/Physics-Cloud.PhysCloudResume/Data/Library/Application Support/default.store.  SQLite error code:1, 'no such table: ZRESREF' with userInfo of {
    NSFilePath = "/Users/cculbreath/Library/Containers/Physics-Cloud.PhysCloudResume/Data/Library/Application Support/default.store";
    NSSQLiteErrorDomain = 1;
}
CoreData: error: -executeRequest: encountered exception = I/O error for database at /Users/cculbreath/Library/Containers/Physics-Cloud.PhysCloudResume/Data/Library/Application Support/default.store.  SQLite error code:1, 'no such table: ZRESREF' with userInfo = {
    NSFilePath = "/Users/cculbreath/Library/Containers/Physics-Cloud.PhysCloudResume/Data/Library/Application Support/default.store";
    NSSQLiteErrorDomain = 1;
}
CoreData: error: -executeRequest: encountered exception = I/O error for database at /Users/cculbreath/Library/Containers/Physics-Cloud.PhysCloudResume/Data/Library/Application Support/default.store.  SQLite error code:1, 'no such table: ZRESREF' with userInfo = {
    NSFilePath = "/Users/cculbreath/Library/Containers/Physics-Cloud.PhysCloudResume/Data/Library/Application Support/default.store";
    NSSQLiteErrorDomain = 1;
}
CoreData: error: (1) I/O error for database at /Users/cculbreath/Library/Containers/Physics-Cloud.PhysCloudResume/Data/Library/Application Support/default.store.  SQLite error code:1, 'no such table: ZRESREF'
CoreData: error: (1) I/O error for database at /Users/cculbreath/Library/Containers/Physics-Cloud.PhysCloudResume/Data/Library/Application Support/default.store.  SQLite error code:1, 'no such table: ZRESREF'
CoreData: error: SQLCore dispatchRequest: exception handling request: <NSSQLFetchRequestContext: 0x6000051b97a0> , I/O error for database at /Users/cculbreath/Library/Containers/Physics-Cloud.PhysCloudResume/Data/Library/Application Support/default.store.  SQLite error code:1, 'no such table: ZRESREF' with userInfo of {
    NSFilePath = "/Users/cculbreath/Library/Containers/Physics-Cloud.PhysCloudResume/Data/Library/Application Support/default.store";
    NSSQLiteErrorDomain = 1;
}
CoreData: error: SQLCore dispatchRequest: exception handling request: <NSSQLFetchRequestContext: 0x6000051b97a0> , I/O error for database at /Users/cculbreath/Library/Containers/Physics-Cloud.PhysCloudResume/Data/Library/Application Support/default.store.  SQLite error code:1, 'no such table: ZRESREF' with userInfo of {
    NSFilePath = "/Users/cculbreath/Library/Containers/Physics-Cloud.PhysCloudResume/Data/Library/Application Support/default.store";
    NSSQLiteErrorDomain = 1;
}
CoreData: error: -executeRequest: encountered exception = I/O error for database at /Users/cculbreath/Library/Containers/Physics-Cloud.PhysCloudResume/Data/Library/Application Support/default.store.  SQLite error code:1, 'no such table: ZRESREF' with userInfo = {
    NSFilePath = "/Users/cculbreath/Library/Containers/Physics-Cloud.PhysCloudResume/Data/Library/Application Support/default.store";
    NSSQLiteErrorDomain = 1;
}
CoreData: error: -executeRequest: encountered exception = I/O error for database at /Users/cculbreath/Library/Containers/Physics-Cloud.PhysCloudResume/Data/Library/Application Support/default.store.  SQLite error code:1, 'no such table: ZRESREF' with userInfo = {
    NSFilePath = "/Users/cculbreath/Library/Containers/Physics-Cloud.PhysCloudResume/Data/Library/Application Support/default.store";
    NSSQLiteErrorDomain = 1;
}
CoreData: error: (1) I/O error for database at /Users/cculbreath/Library/Containers/Physics-Cloud.PhysCloudResume/Data/Library/Application Support/default.store.  SQLite error code:1, 'no such table: ZRESREF'
CoreData: error: (1) I/O error for database at /Users/cculbreath/Library/Containers/Physics-Cloud.PhysCloudResume/Data/Library/Application Support/default.store.  SQLite error code:1, 'no such table: ZRESREF'
CoreData: error: SQLCore dispatchRequest: exception handling request: <NSSQLFetchRequestContext: 0x6000051b9960> , I/O error for database at /Users/cculbreath/Library/Containers/Physics-Cloud.PhysCloudResume/Data/Library/Application Support/default.store.  SQLite error code:1, 'no such table: ZRESREF' with userInfo of {
    NSFilePath = "/Users/cculbreath/Library/Containers/Physics-Cloud.PhysCloudResume/Data/Library/Application Support/default.store";
    NSSQLiteErrorDomain = 1;
}
CoreData: error: SQLCore dispatchRequest: exception handling request: <NSSQLFetchRequestContext: 0x6000051b9960> , I/O error for database at /Users/cculbreath/Library/Containers/Physics-Cloud.PhysCloudResume/Data/Library/Application Support/default.store.  SQLite error code:1, 'no such table: ZRESREF' with userInfo of {
    NSFilePath = "/Users/cculbreath/Library/Containers/Physics-Cloud.PhysCloudResume/Data/Library/Application Support/default.store";
    NSSQLiteErrorDomain = 1;
}
Query encountered an error: Error Domain=NSCocoaErrorDomain Code=256 "The file “default.store” couldn’t be opened." UserInfo={NSFilePath=/Users/cculbreath/Library/Containers/Physics-Cloud.PhysCloudResume/Data/Library/Application Support/default.store, NSSQLiteErrorDomain=1}
CoreData: error: (1) I/O error for database at /Users/cculbreath/Library/Containers/Physics-Cloud.PhysCloudResume/Data/Library/Application Support/default.store.  SQLite error code:1, 'no such table: ZJOBAPP'
CoreData: error: (1) I/O error for database at /Users/cculbreath/Library/Containers/Physics-Cloud.PhysCloudResume/Data/Library/Application Support/default.store.  SQLite error code:1, 'no such table: ZJOBAPP'
CoreData: error: SQLCore dispatchRequest: exception handling request: <NSSQLFetchRequestContext: 0x6000051b9b20> , I/O error for database at /Users/cculbreath/Library/Containers/Physics-Cloud.PhysCloudResume/Data/Library/Application Support/default.store.  SQLite error code:1, 'no such table: ZJOBAPP' with userInfo of {
    NSFilePath = "/Users/cculbreath/Library/Containers/Physics-Cloud.PhysCloudResume/Data/Library/Application Support/default.store";
    NSSQLiteErrorDomain = 1;
}
CoreData: error: SQLCore dispatchRequest: exception handling request: <NSSQLFetchRequestContext: 0x6000051b9b20> , I/O error for database at /Users/cculbreath/Library/Containers/Physics-Cloud.PhysCloudResume/Data/Library/Application Support/default.store.  SQLite error code:1, 'no such table: ZJOBAPP' with userInfo of {
    NSFilePath = "/Users/cculbreath/Library/Containers/Physics-Cloud.PhysCloudResume/Data/Library/Application Support/default.store";
    NSSQLiteErrorDomain = 1;
}
CoreData: error: -executeRequest: encountered exception = I/O error for database at /Users/cculbreath/Library/Containers/Physics-Cloud.PhysCloudResume/Data/Library/Application Support/default.store.  SQLite error code:1, 'no such table: ZJOBAPP' with userInfo = {
    NSFilePath = "/Users/cculbreath/Library/Containers/Physics-Cloud.PhysCloudResume/Data/Library/Application Support/default.store";
    NSSQLiteErrorDomain = 1;
}
CoreData: error: -executeRequest: encountered exception = I/O error for database at /Users/cculbreath/Library/Containers/Physics-Cloud.PhysCloudResume/Data/Library/Application Support/default.store.  SQLite error code:1, 'no such table: ZJOBAPP' with userInfo = {
    NSFilePath = "/Users/cculbreath/Library/Containers/Physics-Cloud.PhysCloudResume/Data/Library/Application Support/default.store";
    NSSQLiteErrorDomain = 1;
}
CoreData: error: (1) I/O error for database at /Users/cculbreath/Library/Containers/Physics-Cloud.PhysCloudResume/Data/Library/Application Support/default.store.  SQLite error code:1, 'no such table: ZJOBAPP'
CoreData: error: (1) I/O error for database at /Users/cculbreath/Library/Containers/Physics-Cloud.PhysCloudResume/Data/Library/Application Support/default.store.  SQLite error code:1, 'no such table: ZJOBAPP'
CoreData: error: SQLCore dispatchRequest: exception handling request: <NSSQLFetchRequestContext: 0x6000051b9ce0> , I/O error for database at /Users/cculbreath/Library/Containers/Physics-Cloud.PhysCloudResume/Data/Library/Application Support/default.store.  SQLite error code:1, 'no such table: ZJOBAPP' with userInfo of {
    NSFilePath = "/Users/cculbreath/Library/Containers/Physics-Cloud.PhysCloudResume/Data/Library/Application Support/default.store";
    NSSQLiteErrorDomain = 1;
}
CoreData: error: SQLCore dispatchRequest: exception handling request: <NSSQLFetchRequestContext: 0x6000051b9ce0> , I/O error for database at /Users/cculbreath/Library/Containers/Physics-Cloud.PhysCloudResume/Data/Library/Application Support/default.store.  SQLite error code:1, 'no such table: ZJOBAPP' with userInfo of {
    NSFilePath = "/Users/cculbreath/Library/Containers/Physics-Cloud.PhysCloudResume/Data/Library/Application Support/default.store";
    NSSQLiteErrorDomain = 1;
}
CoreData: error: -executeRequest: encountered exception = I/O error for database at /Users/cculbreath/Library/Containers/Physics-Cloud.PhysCloudResume/Data/Library/Application Support/default.store.  SQLite error code:1, 'no such table: ZJOBAPP' with userInfo = {
    NSFilePath = "/Users/cculbreath/Library/Containers/Physics-Cloud.PhysCloudResume/Data/Library/Application Support/default.store";
    NSSQLiteErrorDomain = 1;
}
CoreData: error: -executeRequest: encountered exception = I/O error for database at /Users/cculbreath/Library/Containers/Physics-Cloud.PhysCloudResume/Data/Library/Application Support/default.store.  SQLite error code:1, 'no such table: ZJOBAPP' with userInfo = {
    NSFilePath = "/Users/cculbreath/Library/Containers/Physics-Cloud.PhysCloudResume/Data/Library/Application Support/default.store";
    NSSQLiteErrorDomain = 1;
}
CoreData: error: (1) I/O error for database at /Users/cculbreath/Library/Containers/Physics-Cloud.PhysCloudResume/Data/Library/Application Support/default.store.  SQLite error code:1, 'no such table: ZJOBAPP'
CoreData: error: (1) I/O error for database at /Users/cculbreath/Library/Containers/Physics-Cloud.PhysCloudResume/Data/Library/Application Support/default.store.  SQLite error code:1, 'no such table: ZJOBAPP'
CoreData: error: SQLCore dispatchRequest: exception handling request: <NSSQLFetchRequestContext: 0x6000051b9ea0> , I/O error for database at /Users/cculbreath/Library/Containers/Physics-Cloud.PhysCloudResume/Data/Library/Application Support/default.store.  SQLite error code:1, 'no such table: ZJOBAPP' with userInfo of {
    NSFilePath = "/Users/cculbreath/Library/Containers/Physics-Cloud.PhysCloudResume/Data/Library/Application Support/default.store";
    NSSQLiteErrorDomain = 1;
}
CoreData: error: SQLCore dispatchRequest: exception handling request: <NSSQLFetchRequestContext: 0x6000051b9ea0> , I/O error for database at /Users/cculbreath/Library/Containers/Physics-Cloud.PhysCloudResume/Data/Library/Application Support/default.store.  SQLite error code:1, 'no such table: ZJOBAPP' with userInfo of {
    NSFilePath = "/Users/cculbreath/Library/Containers/Physics-Cloud.PhysCloudResume/Data/Library/Application Support/default.store";
    NSSQLiteErrorDomain = 1;
}
CoreData: error: -executeRequest: encountered exception = I/O error for database at /Users/cculbreath/Library/Containers/Physics-Cloud.PhysCloudResume/Data/Library/Application Support/default.store.  SQLite error code:1, 'no such table: ZJOBAPP' with userInfo = {
    NSFilePath = "/Users/cculbreath/Library/Containers/Physics-Cloud.PhysCloudResume/Data/Library/Application Support/default.store";
    NSSQLiteErrorDomain = 1;
}
CoreData: error: -executeRequest: encountered exception = I/O error for database at /Users/cculbreath/Library/Containers/Physics-Cloud.PhysCloudResume/Data/Library/Application Support/default.store.  SQLite error code:1, 'no such table: ZJOBAPP' with userInfo = {
    NSFilePath = "/Users/cculbreath/Library/Containers/Physics-Cloud.PhysCloudResume/Data/Library/Application Support/default.store";
    NSSQLiteErrorDomain = 1;
}
CoreData: error: (1) I/O error for database at /Users/cculbreath/Library/Containers/Physics-Cloud.PhysCloudResume/Data/Library/Application Support/default.store.  SQLite error code:1, 'no such table: ZJOBAPP'
CoreData: error: (1) I/O error for database at /Users/cculbreath/Library/Containers/Physics-Cloud.PhysCloudResume/Data/Library/Application Support/default.store.  SQLite error code:1, 'no such table: ZJOBAPP'
CoreData: error: SQLCore dispatchRequest: exception handling request: <NSSQLFetchRequestContext: 0x6000051ba060> , I/O error for database at /Users/cculbreath/Library/Containers/Physics-Cloud.PhysCloudResume/Data/Library/Application Support/default.store.  SQLite error code:1, 'no such table: ZJOBAPP' with userInfo of {
    NSFilePath = "/Users/cculbreath/Library/Containers/Physics-Cloud.PhysCloudResume/Data/Library/Application Support/default.store";
    NSSQLiteErrorDomain = 1;
}
CoreData: error: SQLCore dispatchRequest: exception handling request: <NSSQLFetchRequestContext: 0x6000051ba060> , I/O error for database at /Users/cculbreath/Library/Containers/Physics-Cloud.PhysCloudResume/Data/Library/Application Support/default.store.  SQLite error code:1, 'no such table: ZJOBAPP' with userInfo of {
    NSFilePath = "/Users/cculbreath/Library/Containers/Physics-Cloud.PhysCloudResume/Data/Library/Application Support/default.store";
    NSSQLiteErrorDomain = 1;
}
Query encountered an error: Error Domain=NSCocoaErrorDomain Code=256 "The file “default.store” couldn’t be opened." UserInfo={NSFilePath=/Users/cculbreath/Library/Containers/Physics-Cloud.PhysCloudResume/Data/Library/Application Support/default.store, NSSQLiteErrorDomain=1}
CoreData: error: (1) I/O error for database at /Users/cculbreath/Library/Containers/Physics-Cloud.PhysCloudResume/Data/Library/Application Support/default.store.  SQLite error code:1, 'no such table: ZRESREF'
CoreData: error: (1) I/O error for database at /Users/cculbreath/Library/Containers/Physics-Cloud.PhysCloudResume/Data/Library/Application Support/default.store.  SQLite error code:1, 'no such table: ZRESREF'
CoreData: error: SQLCore dispatchRequest: exception handling request: <NSSQLFetchRequestContext: 0x600001678000> , I/O error for database at /Users/cculbreath/Library/Containers/Physics-Cloud.PhysCloudResume/Data/Library/Application Support/default.store.  SQLite error code:1, 'no such table: ZRESREF' with userInfo of {
    NSFilePath = "/Users/cculbreath/Library/Containers/Physics-Cloud.PhysCloudResume/Data/Library/Application Support/default.store";
    NSSQLiteErrorDomain = 1;
}
CoreData: error: SQLCore dispatchRequest: exception handling request: <NSSQLFetchRequestContext: 0x600001678000> , I/O error for database at /Users/cculbreath/Library/Containers/Physics-Cloud.PhysCloudResume/Data/Library/Application Support/default.store.  SQLite error code:1, 'no such table: ZRESREF' with userInfo of {
    NSFilePath = "/Users/cculbreath/Library/Containers/Physics-Cloud.PhysCloudResume/Data/Library/Application Support/default.store";
    NSSQLiteErrorDomain = 1;
}
CoreData: error: -executeRequest: encountered exception = I/O error for database at /Users/cculbreath/Library/Containers/Physics-Cloud.PhysCloudResume/Data/Library/Application Support/default.store.  SQLite error code:1, 'no such table: ZRESREF' with userInfo = {
    NSFilePath = "/Users/cculbreath/Library/Containers/Physics-Cloud.PhysCloudResume/Data/Library/Application Support/default.store";
    NSSQLiteErrorDomain = 1;
}
CoreData: error: -executeRequest: encountered exception = I/O error for database at /Users/cculbreath/Library/Containers/Physics-Cloud.PhysCloudResume/Data/Library/Application Support/default.store.  SQLite error code:1, 'no such table: ZRESREF' with userInfo = {
    NSFilePath = "/Users/cculbreath/Library/Containers/Physics-Cloud.PhysCloudResume/Data/Library/Application Support/default.store";
    NSSQLiteErrorDomain = 1;
}
CoreData: error: (1) I/O error for database at /Users/cculbreath/Library/Containers/Physics-Cloud.PhysCloudResume/Data/Library/Application Support/default.store.  SQLite error code:1, 'no such table: ZRESREF'
CoreData: error: (1) I/O error for database at /Users/cculbreath/Library/Containers/Physics-Cloud.PhysCloudResume/Data/Library/Application Support/default.store.  SQLite error code:1, 'no such table: ZRESREF'
CoreData: error: SQLCore dispatchRequest: exception handling request: <NSSQLFetchRequestContext: 0x60000167aae0> , I/O error for database at /Users/cculbreath/Library/Containers/Physics-Cloud.PhysCloudResume/Data/Library/Application Support/default.store.  SQLite error code:1, 'no such table: ZRESREF' with userInfo of {
    NSFilePath = "/Users/cculbreath/Library/Containers/Physics-Cloud.PhysCloudResume/Data/Library/Application Support/default.store";
    NSSQLiteErrorDomain = 1;
}
CoreData: error: SQLCore dispatchRequest: exception handling request: <NSSQLFetchRequestContext: 0x60000167aae0> , I/O error for database at /Users/cculbreath/Library/Containers/Physics-Cloud.PhysCloudResume/Data/Library/Application Support/default.store.  SQLite error code:1, 'no such table: ZRESREF' with userInfo of {
    NSFilePath = "/Users/cculbreath/Library/Containers/Physics-Cloud.PhysCloudResume/Data/Library/Application Support/default.store";
    NSSQLiteErrorDomain = 1;
}
CoreData: error: -executeRequest: encountered exception = I/O error for database at /Users/cculbreath/Library/Containers/Physics-Cloud.PhysCloudResume/Data/Library/Application Support/default.store.  SQLite error code:1, 'no such table: ZRESREF' with userInfo = {
    NSFilePath = "/Users/cculbreath/Library/Containers/Physics-Cloud.PhysCloudResume/Data/Library/Application Support/default.store";
    NSSQLiteErrorDomain = 1;
}
CoreData: error: -executeRequest: encountered exception = I/O error for database at /Users/cculbreath/Library/Containers/Physics-Cloud.PhysCloudResume/Data/Library/Application Support/default.store.  SQLite error code:1, 'no such table: ZRESREF' with userInfo = {
    NSFilePath = "/Users/cculbreath/Library/Containers/Physics-Cloud.PhysCloudResume/Data/Library/Application Support/default.store";
    NSSQLiteErrorDomain = 1;
}
CoreData: error: (1) I/O error for database at /Users/cculbreath/Library/Containers/Physics-Cloud.PhysCloudResume/Data/Library/Application Support/default.store.  SQLite error code:1, 'no such table: ZRESREF'
CoreData: error: (1) I/O error for database at /Users/cculbreath/Library/Containers/Physics-Cloud.PhysCloudResume/Data/Library/Application Support/default.store.  SQLite error code:1, 'no such table: ZRESREF'
CoreData: error: SQLCore dispatchRequest: exception handling request: <NSSQLFetchRequestContext: 0x6000051ba220> , I/O error for database at /Users/cculbreath/Library/Containers/Physics-Cloud.PhysCloudResume/Data/Library/Application Support/default.store.  SQLite error code:1, 'no such table: ZRESREF' with userInfo of {
    NSFilePath = "/Users/cculbreath/Library/Containers/Physics-Cloud.PhysCloudResume/Data/Library/Application Support/default.store";
    NSSQLiteErrorDomain = 1;
}
CoreData: error: SQLCore dispatchRequest: exception handling request: <NSSQLFetchRequestContext: 0x6000051ba220> , I/O error for database at /Users/cculbreath/Library/Containers/Physics-Cloud.PhysCloudResume/Data/Library/Application Support/default.store.  SQLite error code:1, 'no such table: ZRESREF' with userInfo of {
    NSFilePath = "/Users/cculbreath/Library/Containers/Physics-Cloud.PhysCloudResume/Data/Library/Application Support/default.store";
    NSSQLiteErrorDomain = 1;
}
CoreData: error: -executeRequest: encountered exception = I/O error for database at /Users/cculbreath/Library/Containers/Physics-Cloud.PhysCloudResume/Data/Library/Application Support/default.store.  SQLite error code:1, 'no such table: ZRESREF' with userInfo = {
    NSFilePath = "/Users/cculbreath/Library/Containers/Physics-Cloud.PhysCloudResume/Data/Library/Application Support/default.store";
    NSSQLiteErrorDomain = 1;
}
CoreData: error: -executeRequest: encountered exception = I/O error for database at /Users/cculbreath/Library/Containers/Physics-Cloud.PhysCloudResume/Data/Library/Application Support/default.store.  SQLite error code:1, 'no such table: ZRESREF' with userInfo = {
    NSFilePath = "/Users/cculbreath/Library/Containers/Physics-Cloud.PhysCloudResume/Data/Library/Application Support/default.store";
    NSSQLiteErrorDomain = 1;
}
CoreData: error: (1) I/O error for database at /Users/cculbreath/Library/Containers/Physics-Cloud.PhysCloudResume/Data/Library/Application Support/default.store.  SQLite error code:1, 'no such table: ZRESREF'
CoreData: error: (1) I/O error for database at /Users/cculbreath/Library/Containers/Physics-Cloud.PhysCloudResume/Data/Library/Application Support/default.store.  SQLite error code:1, 'no such table: ZRESREF'
CoreData: error: SQLCore dispatchRequest: exception handling request: <NSSQLFetchRequestContext: 0x60000167aca0> , I/O error for database at /Users/cculbreath/Library/Containers/Physics-Cloud.PhysCloudResume/Data/Library/Application Support/default.store.  SQLite error code:1, 'no such table: ZRESREF' with userInfo of {
    NSFilePath = "/Users/cculbreath/Library/Containers/Physics-Cloud.PhysCloudResume/Data/Library/Application Support/default.store";
    NSSQLiteErrorDomain = 1;
}
CoreData: error: SQLCore dispatchRequest: exception handling request: <NSSQLFetchRequestContext: 0x60000167aca0> , I/O error for database at /Users/cculbreath/Library/Containers/Physics-Cloud.PhysCloudResume/Data/Library/Application Support/default.store.  SQLite error code:1, 'no such table: ZRESREF' with userInfo of {
    NSFilePath = "/Users/cculbreath/Library/Containers/Physics-Cloud.PhysCloudResume/Data/Library/Application Support/default.store";
    NSSQLiteErrorDomain = 1;
}
Query encountered an error: Error Domain=NSCocoaErrorDomain Code=256 "The file “default.store” couldn’t be opened." UserInfo={NSFilePath=/Users/cculbreath/Library/Containers/Physics-Cloud.PhysCloudResume/Data/Library/Application Support/default.store, NSSQLiteErrorDomain=1}
CoreData: error: (1) I/O error for database at /Users/cculbreath/Library/Containers/Physics-Cloud.PhysCloudResume/Data/Library/Application Support/default.store.  SQLite error code:1, 'no such table: ZRESMODEL'
CoreData: error: (1) I/O error for database at /Users/cculbreath/Library/Containers/Physics-Cloud.PhysCloudResume/Data/Library/Application Support/default.store.  SQLite error code:1, 'no such table: ZRESMODEL'
CoreData: error: SQLCore dispatchRequest: exception handling request: <NSSQLFetchRequestContext: 0x6000051a49a0> , I/O error for database at /Users/cculbreath/Library/Containers/Physics-Cloud.PhysCloudResume/Data/Library/Application Support/default.store.  SQLite error code:1, 'no such table: ZRESMODEL' with userInfo of {
    NSFilePath = "/Users/cculbreath/Library/Containers/Physics-Cloud.PhysCloudResume/Data/Library/Application Support/default.store";
    NSSQLiteErrorDomain = 1;
}
CoreData: error: SQLCore dispatchRequest: exception handling request: <NSSQLFetchRequestContext: 0x6000051a49a0> , I/O error for database at /Users/cculbreath/Library/Containers/Physics-Cloud.PhysCloudResume/Data/Library/Application Support/default.store.  SQLite error code:1, 'no such table: ZRESMODEL' with userInfo of {
    NSFilePath = "/Users/cculbreath/Library/Containers/Physics-Cloud.PhysCloudResume/Data/Library/Application Support/default.store";
    NSSQLiteErrorDomain = 1;
}
CoreData: error: -executeRequest: encountered exception = I/O error for database at /Users/cculbreath/Library/Containers/Physics-Cloud.PhysCloudResume/Data/Library/Application Support/default.store.  SQLite error code:1, 'no such table: ZRESMODEL' with userInfo = {
    NSFilePath = "/Users/cculbreath/Library/Containers/Physics-Cloud.PhysCloudResume/Data/Library/Application Support/default.store";
    NSSQLiteErrorDomain = 1;
}
CoreData: error: -executeRequest: encountered exception = I/O error for database at /Users/cculbreath/Library/Containers/Physics-Cloud.PhysCloudResume/Data/Library/Application Support/default.store.  SQLite error code:1, 'no such table: ZRESMODEL' with userInfo = {
    NSFilePath = "/Users/cculbreath/Library/Containers/Physics-Cloud.PhysCloudResume/Data/Library/Application Support/default.store";
    NSSQLiteErrorDomain = 1;
}
CoreData: error: (1) I/O error for database at /Users/cculbreath/Library/Containers/Physics-Cloud.PhysCloudResume/Data/Library/Application Support/default.store.  SQLite error code:1, 'no such table: ZRESMODEL'
CoreData: error: (1) I/O error for database at /Users/cculbreath/Library/Containers/Physics-Cloud.PhysCloudResume/Data/Library/Application Support/default.store.  SQLite error code:1, 'no such table: ZRESMODEL'
CoreData: error: SQLCore dispatchRequest: exception handling request: <NSSQLFetchRequestContext: 0x6000051a56c0> , I/O error for database at /Users/cculbreath/Library/Containers/Physics-Cloud.PhysCloudResume/Data/Library/Application Support/default.store.  SQLite error code:1, 'no such table: ZRESMODEL' with userInfo of {
    NSFilePath = "/Users/cculbreath/Library/Containers/Physics-Cloud.PhysCloudResume/Data/Library/Application Support/default.store";
    NSSQLiteErrorDomain = 1;
}
CoreData: error: SQLCore dispatchRequest: exception handling request: <NSSQLFetchRequestContext: 0x6000051a56c0> , I/O error for database at /Users/cculbreath/Library/Containers/Physics-Cloud.PhysCloudResume/Data/Library/Application Support/default.store.  SQLite error code:1, 'no such table: ZRESMODEL' with userInfo of {
    NSFilePath = "/Users/cculbreath/Library/Containers/Physics-Cloud.PhysCloudResume/Data/Library/Application Support/default.store";
    NSSQLiteErrorDomain = 1;
}
CoreData: error: -executeRequest: encountered exception = I/O error for database at /Users/cculbreath/Library/Containers/Physics-Cloud.PhysCloudResume/Data/Library/Application Support/default.store.  SQLite error code:1, 'no such table: ZRESMODEL' with userInfo = {
    NSFilePath = "/Users/cculbreath/Library/Containers/Physics-Cloud.PhysCloudResume/Data/Library/Application Support/default.store";
    NSSQLiteErrorDomain = 1;
}
CoreData: error: -executeRequest: encountered exception = I/O error for database at /Users/cculbreath/Library/Containers/Physics-Cloud.PhysCloudResume/Data/Library/Application Support/default.store.  SQLite error code:1, 'no such table: ZRESMODEL' with userInfo = {
    NSFilePath = "/Users/cculbreath/Library/Containers/Physics-Cloud.PhysCloudResume/Data/Library/Application Support/default.store";
    NSSQLiteErrorDomain = 1;
}
CoreData: error: (1) I/O error for database at /Users/cculbreath/Library/Containers/Physics-Cloud.PhysCloudResume/Data/Library/Application Support/default.store.  SQLite error code:1, 'no such table: ZRESMODEL'
CoreData: error: (1) I/O error for database at /Users/cculbreath/Library/Containers/Physics-Cloud.PhysCloudResume/Data/Library/Application Support/default.store.  SQLite error code:1, 'no such table: ZRESMODEL'
CoreData: error: SQLCore dispatchRequest: exception handling request: <NSSQLFetchRequestContext: 0x6000051ba3e0> , I/O error for database at /Users/cculbreath/Library/Containers/Physics-Cloud.PhysCloudResume/Data/Library/Application Support/default.store.  SQLite error code:1, 'no such table: ZRESMODEL' with userInfo of {
    NSFilePath = "/Users/cculbreath/Library/Containers/Physics-Cloud.PhysCloudResume/Data/Library/Application Support/default.store";
    NSSQLiteErrorDomain = 1;
}
CoreData: error: SQLCore dispatchRequest: exception handling request: <NSSQLFetchRequestContext: 0x6000051ba3e0> , I/O error for database at /Users/cculbreath/Library/Containers/Physics-Cloud.PhysCloudResume/Data/Library/Application Support/default.store.  SQLite error code:1, 'no such table: ZRESMODEL' with userInfo of {
    NSFilePath = "/Users/cculbreath/Library/Containers/Physics-Cloud.PhysCloudResume/Data/Library/Application Support/default.store";
    NSSQLiteErrorDomain = 1;
}
CoreData: error: -executeRequest: encountered exception = I/O error for database at /Users/cculbreath/Library/Containers/Physics-Cloud.PhysCloudResume/Data/Library/Application Support/default.store.  SQLite error code:1, 'no such table: ZRESMODEL' with userInfo = {
    NSFilePath = "/Users/cculbreath/Library/Containers/Physics-Cloud.PhysCloudResume/Data/Library/Application Support/default.store";
    NSSQLiteErrorDomain = 1;
}
CoreData: error: -executeRequest: encountered exception = I/O error for database at /Users/cculbreath/Library/Containers/Physics-Cloud.PhysCloudResume/Data/Library/Application Support/default.store.  SQLite error code:1, 'no such table: ZRESMODEL' with userInfo = {
    NSFilePath = "/Users/cculbreath/Library/Containers/Physics-Cloud.PhysCloudResume/Data/Library/Application Support/default.store";
    NSSQLiteErrorDomain = 1;
}
CoreData: error: (1) I/O error for database at /Users/cculbreath/Library/Containers/Physics-Cloud.PhysCloudResume/Data/Library/Application Support/default.store.  SQLite error code:1, 'no such table: ZRESMODEL'
CoreData: error: (1) I/O error for database at /Users/cculbreath/Library/Containers/Physics-Cloud.PhysCloudResume/Data/Library/Application Support/default.store.  SQLite error code:1, 'no such table: ZRESMODEL'
CoreData: error: SQLCore dispatchRequest: exception handling request: <NSSQLFetchRequestContext: 0x6000051ba5a0> , I/O error for database at /Users/cculbreath/Library/Containers/Physics-Cloud.PhysCloudResume/Data/Library/Application Support/default.store.  SQLite error code:1, 'no such table: ZRESMODEL' with userInfo of {
    NSFilePath = "/Users/cculbreath/Library/Containers/Physics-Cloud.PhysCloudResume/Data/Library/Application Support/default.store";
    NSSQLiteErrorDomain = 1;
}
CoreData: error: SQLCore dispatchRequest: exception handling request: <NSSQLFetchRequestContext: 0x6000051ba5a0> , I/O error for database at /Users/cculbreath/Library/Containers/Physics-Cloud.PhysCloudResume/Data/Library/Application Support/default.store.  SQLite error code:1, 'no such table: ZRESMODEL' with userInfo of {
    NSFilePath = "/Users/cculbreath/Library/Containers/Physics-Cloud.PhysCloudResume/Data/Library/Application Support/default.store";
    NSSQLiteErrorDomain = 1;
}
CoreData: error: (1) I/O error for database at /Users/cculbreath/Library/Containers/Physics-Cloud.PhysCloudResume/Data/Library/Application Support/default.store.  SQLite error code:1, 'no such table: ZRESMODEL'
CoreData: error: (1) I/O error for database at /Users/cculbreath/Library/Containers/Physics-Cloud.PhysCloudResume/Data/Library/Application Support/default.store.  SQLite error code:1, 'no such table: ZRESMODEL'
CoreData: error: SQLCore dispatchRequest: exception handling request: <NSSQLFetchRequestContext: 0x6000051a2220> , I/O error for database at /Users/cculbreath/Library/Containers/Physics-Cloud.PhysCloudResume/Data/Library/Application Support/default.store.  SQLite error code:1, 'no such table: ZRESMODEL' with userInfo of {
    NSFilePath = "/Users/cculbreath/Library/Containers/Physics-Cloud.PhysCloudResume/Data/Library/Application Support/default.store";
    NSSQLiteErrorDomain = 1;
}
CoreData: error: SQLCore dispatchRequest: exception handling request: <NSSQLFetchRequestContext: 0x6000051a2220> , I/O error for database at /Users/cculbreath/Library/Containers/Physics-Cloud.PhysCloudResume/Data/Library/Application Support/default.store.  SQLite error code:1, 'no such table: ZRESMODEL' with userInfo of {
    NSFilePath = "/Users/cculbreath/Library/Containers/Physics-Cloud.PhysCloudResume/Data/Library/Application Support/default.store";
    NSSQLiteErrorDomain = 1;
}
CoreData: error: -executeRequest: encountered exception = I/O error for database at /Users/cculbreath/Library/Containers/Physics-Cloud.PhysCloudResume/Data/Library/Application Support/default.store.  SQLite error code:1, 'no such table: ZRESMODEL' with userInfo = {
    NSFilePath = "/Users/cculbreath/Library/Containers/Physics-Cloud.PhysCloudResume/Data/Library/Application Support/default.store";
    NSSQLiteErrorDomain = 1;
}
CoreData: error: -executeRequest: encountered exception = I/O error for database at /Users/cculbreath/Library/Containers/Physics-Cloud.PhysCloudResume/Data/Library/Application Support/default.store.  SQLite error code:1, 'no such table: ZRESMODEL' with userInfo = {
    NSFilePath = "/Users/cculbreath/Library/Containers/Physics-Cloud.PhysCloudResume/Data/Library/Application Support/default.store";
    NSSQLiteErrorDomain = 1;
}
CoreData: error: (1) I/O error for database at /Users/cculbreath/Library/Containers/Physics-Cloud.PhysCloudResume/Data/Library/Application Support/default.store.  SQLite error code:1, 'no such table: ZRESMODEL'
CoreData: error: (1) I/O error for database at /Users/cculbreath/Library/Containers/Physics-Cloud.PhysCloudResume/Data/Library/Application Support/default.store.  SQLite error code:1, 'no such table: ZRESMODEL'
CoreData: error: SQLCore dispatchRequest: exception handling request: <NSSQLFetchRequestContext: 0x600001669500> , I/O error for database at /Users/cculbreath/Library/Containers/Physics-Cloud.PhysCloudResume/Data/Library/Application Support/default.store.  SQLite error code:1, 'no such table: ZRESMODEL' with userInfo of {
    NSFilePath = "/Users/cculbreath/Library/Containers/Physics-Cloud.PhysCloudResume/Data/Library/Application Support/default.store";
    NSSQLiteErrorDomain = 1;
}
CoreData: error: SQLCore dispatchRequest: exception handling request: <NSSQLFetchRequestContext: 0x600001669500> , I/O error for database at /Users/cculbreath/Library/Containers/Physics-Cloud.PhysCloudResume/Data/Library/Application Support/default.store.  SQLite error code:1, 'no such table: ZRESMODEL' with userInfo of {
    NSFilePath = "/Users/cculbreath/Library/Containers/Physics-Cloud.PhysCloudResume/Data/Library/Application Support/default.store";
    NSSQLiteErrorDomain = 1;
}
CoreData: error: -executeRequest: encountered exception = I/O error for database at /Users/cculbreath/Library/Containers/Physics-Cloud.PhysCloudResume/Data/Library/Application Support/default.store.  SQLite error code:1, 'no such table: ZRESMODEL' with userInfo = {
    NSFilePath = "/Users/cculbreath/Library/Containers/Physics-Cloud.PhysCloudResume/Data/Library/Application Support/default.store";
    NSSQLiteErrorDomain = 1;
}
CoreData: error: -executeRequest: encountered exception = I/O error for database at /Users/cculbreath/Library/Containers/Physics-Cloud.PhysCloudResume/Data/Library/Application Support/default.store.  SQLite error code:1, 'no such table: ZRESMODEL' with userInfo = {
    NSFilePath = "/Users/cculbreath/Library/Containers/Physics-Cloud.PhysCloudResume/Data/Library/Application Support/default.store";
    NSSQLiteErrorDomain = 1;
}
CoreData: error: (1) I/O error for database at /Users/cculbreath/Library/Containers/Physics-Cloud.PhysCloudResume/Data/Library/Application Support/default.store.  SQLite error code:1, 'no such table: ZRESMODEL'
CoreData: error: (1) I/O error for database at /Users/cculbreath/Library/Containers/Physics-Cloud.PhysCloudResume/Data/Library/Application Support/default.store.  SQLite error code:1, 'no such table: ZRESMODEL'
CoreData: error: SQLCore dispatchRequest: exception handling request: <NSSQLFetchRequestContext: 0x6000016696c0> , I/O error for database at /Users/cculbreath/Library/Containers/Physics-Cloud.PhysCloudResume/Data/Library/Application Support/default.store.  SQLite error code:1, 'no such table: ZRESMODEL' with userInfo of {
    NSFilePath = "/Users/cculbreath/Library/Containers/Physics-Cloud.PhysCloudResume/Data/Library/Application Support/default.store";
    NSSQLiteErrorDomain = 1;
}
CoreData: error: SQLCore dispatchRequest: exception handling request: <NSSQLFetchRequestContext: 0x6000016696c0> , I/O error for database at /Users/cculbreath/Library/Containers/Physics-Cloud.PhysCloudResume/Data/Library/Application Support/default.store.  SQLite error code:1, 'no such table: ZRESMODEL' with userInfo of {
    NSFilePath = "/Users/cculbreath/Library/Containers/Physics-Cloud.PhysCloudResume/Data/Library/Application Support/default.store";
    NSSQLiteErrorDomain = 1;
}
CoreData: error: -executeRequest: encountered exception = I/O error for database at /Users/cculbreath/Library/Containers/Physics-Cloud.PhysCloudResume/Data/Library/Application Support/default.store.  SQLite error code:1, 'no such table: ZRESMODEL' with userInfo = {
    NSFilePath = "/Users/cculbreath/Library/Containers/Physics-Cloud.PhysCloudResume/Data/Library/Application Support/default.store";
    NSSQLiteErrorDomain = 1;
}
CoreData: error: -executeRequest: encountered exception = I/O error for database at /Users/cculbreath/Library/Containers/Physics-Cloud.PhysCloudResume/Data/Library/Application Support/default.store.  SQLite error code:1, 'no such table: ZRESMODEL' with userInfo = {
    NSFilePath = "/Users/cculbreath/Library/Containers/Physics-Cloud.PhysCloudResume/Data/Library/Application Support/default.store";
    NSSQLiteErrorDomain = 1;
}
CoreData: error: (1) I/O error for database at /Users/cculbreath/Library/Containers/Physics-Cloud.PhysCloudResume/Data/Library/Application Support/default.store.  SQLite error code:1, 'no such table: ZRESMODEL'
CoreData: error: (1) I/O error for database at /Users/cculbreath/Library/Containers/Physics-Cloud.PhysCloudResume/Data/Library/Application Support/default.store.  SQLite error code:1, 'no such table: ZRESMODEL'
CoreData: error: SQLCore dispatchRequest: exception handling request: <NSSQLFetchRequestContext: 0x600001669880> , I/O error for database at /Users/cculbreath/Library/Containers/Physics-Cloud.PhysCloudResume/Data/Library/Application Support/default.store.  SQLite error code:1, 'no such table: ZRESMODEL' with userInfo of {
    NSFilePath = "/Users/cculbreath/Library/Containers/Physics-Cloud.PhysCloudResume/Data/Library/Application Support/default.store";
    NSSQLiteErrorDomain = 1;
}
CoreData: error: SQLCore dispatchRequest: exception handling request: <NSSQLFetchRequestContext: 0x600001669880> , I/O error for database at /Users/cculbreath/Library/Containers/Physics-Cloud.PhysCloudResume/Data/Library/Application Support/default.store.  SQLite error code:1, 'no such table: ZRESMODEL' with userInfo of {
    NSFilePath = "/Users/cculbreath/Library/Containers/Physics-Cloud.PhysCloudResume/Data/Library/Application Support/default.store";
    NSSQLiteErrorDomain = 1;
}
Picker: the selection "Optional(PhysCloudResume.ResModel)" is invalid and does not have an associated tag, this will give undefined results.
Tab is is now + false
⏺️ CreateNewResumeView appeared
CoreData: error: (1) I/O error for database at /Users/cculbreath/Library/Containers/Physics-Cloud.PhysCloudResume/Data/Library/Application Support/default.store.  SQLite error code:1, 'no such table: ZRESMODEL'
CoreData: error: (1) I/O error for database at /Users/cculbreath/Library/Containers/Physics-Cloud.PhysCloudResume/Data/Library/Application Support/default.store.  SQLite error code:1, 'no such table: ZRESMODEL'
CoreData: error: SQLCore dispatchRequest: exception handling request: <NSSQLFetchRequestContext: 0x600001663100> , I/O error for database at /Users/cculbreath/Library/Containers/Physics-Cloud.PhysCloudResume/Data/Library/Application Support/default.store.  SQLite error code:1, 'no such table: ZRESMODEL' with userInfo of {
    NSFilePath = "/Users/cculbreath/Library/Containers/Physics-Cloud.PhysCloudResume/Data/Library/Application Support/default.store";
    NSSQLiteErrorDomain = 1;
}
CoreData: error: SQLCore dispatchRequest: exception handling request: <NSSQLFetchRequestContext: 0x600001663100> , I/O error for database at /Users/cculbreath/Library/Containers/Physics-Cloud.PhysCloudResume/Data/Library/Application Support/default.store.  SQLite error code:1, 'no such table: ZRESMODEL' with userInfo of {
    NSFilePath = "/Users/cculbreath/Library/Containers/Physics-Cloud.PhysCloudResume/Data/Library/Application Support/default.store";
    NSSQLiteErrorDomain = 1;
}
CoreData: error: -executeRequest: encountered exception = I/O error for database at /Users/cculbreath/Library/Containers/Physics-Cloud.PhysCloudResume/Data/Library/Application Support/default.store.  SQLite error code:1, 'no such table: ZRESMODEL' with userInfo = {
    NSFilePath = "/Users/cculbreath/Library/Containers/Physics-Cloud.PhysCloudResume/Data/Library/Application Support/default.store";
    NSSQLiteErrorDomain = 1;
}
CoreData: error: -executeRequest: encountered exception = I/O error for database at /Users/cculbreath/Library/Containers/Physics-Cloud.PhysCloudResume/Data/Library/Application Support/default.store.  SQLite error code:1, 'no such table: ZRESMODEL' with userInfo = {
    NSFilePath = "/Users/cculbreath/Library/Containers/Physics-Cloud.PhysCloudResume/Data/Library/Application Support/default.store";
    NSSQLiteErrorDomain = 1;
}
CoreData: error: (1) I/O error for database at /Users/cculbreath/Library/Containers/Physics-Cloud.PhysCloudResume/Data/Library/Application Support/default.store.  SQLite error code:1, 'no such table: ZRESMODEL'
CoreData: error: (1) I/O error for database at /Users/cculbreath/Library/Containers/Physics-Cloud.PhysCloudResume/Data/Library/Application Support/default.store.  SQLite error code:1, 'no such table: ZRESMODEL'
CoreData: error: SQLCore dispatchRequest: exception handling request: <NSSQLFetchRequestContext: 0x6000051a5880> , I/O error for database at /Users/cculbreath/Library/Containers/Physics-Cloud.PhysCloudResume/Data/Library/Application Support/default.store.  SQLite error code:1, 'no such table: ZRESMODEL' with userInfo of {
    NSFilePath = "/Users/cculbreath/Library/Containers/Physics-Cloud.PhysCloudResume/Data/Library/Application Support/default.store";
    NSSQLiteErrorDomain = 1;
}
CoreData: error: SQLCore dispatchRequest: exception handling request: <NSSQLFetchRequestContext: 0x6000051a5880> , I/O error for database at /Users/cculbreath/Library/Containers/Physics-Cloud.PhysCloudResume/Data/Library/Application Support/default.store.  SQLite error code:1, 'no such table: ZRESMODEL' with userInfo of {
    NSFilePath = "/Users/cculbreath/Library/Containers/Physics-Cloud.PhysCloudResume/Data/Library/Application Support/default.store";
    NSSQLiteErrorDomain = 1;
}
CoreData: error: -executeRequest: encountered exception = I/O error for database at /Users/cculbreath/Library/Containers/Physics-Cloud.PhysCloudResume/Data/Library/Application Support/default.store.  SQLite error code:1, 'no such table: ZRESMODEL' with userInfo = {
    NSFilePath = "/Users/cculbreath/Library/Containers/Physics-Cloud.PhysCloudResume/Data/Library/Application Support/default.store";
    NSSQLiteErrorDomain = 1;
}
CoreData: error: -executeRequest: encountered exception = I/O error for database at /Users/cculbreath/Library/Containers/Physics-Cloud.PhysCloudResume/Data/Library/Application Support/default.store.  SQLite error code:1, 'no such table: ZRESMODEL' with userInfo = {
    NSFilePath = "/Users/cculbreath/Library/Containers/Physics-Cloud.PhysCloudResume/Data/Library/Application Support/default.store";
    NSSQLiteErrorDomain = 1;
}
CoreData: error: (1) I/O error for database at /Users/cculbreath/Library/Containers/Physics-Cloud.PhysCloudResume/Data/Library/Application Support/default.store.  SQLite error code:1, 'no such table: ZRESMODEL'
CoreData: error: (1) I/O error for database at /Users/cculbreath/Library/Containers/Physics-Cloud.PhysCloudResume/Data/Library/Application Support/default.store.  SQLite error code:1, 'no such table: ZRESMODEL'
CoreData: error: SQLCore dispatchRequest: exception handling request: <NSSQLFetchRequestContext: 0x600001600a80> , I/O error for database at /Users/cculbreath/Library/Containers/Physics-Cloud.PhysCloudResume/Data/Library/Application Support/default.store.  SQLite error code:1, 'no such table: ZRESMODEL' with userInfo of {
    NSFilePath = "/Users/cculbreath/Library/Containers/Physics-Cloud.PhysCloudResume/Data/Library/Application Support/default.store";
    NSSQLiteErrorDomain = 1;
}
CoreData: error: SQLCore dispatchRequest: exception handling request: <NSSQLFetchRequestContext: 0x600001600a80> , I/O error for database at /Users/cculbreath/Library/Containers/Physics-Cloud.PhysCloudResume/Data/Library/Application Support/default.store.  SQLite error code:1, 'no such table: ZRESMODEL' with userInfo of {
    NSFilePath = "/Users/cculbreath/Library/Containers/Physics-Cloud.PhysCloudResume/Data/Library/Application Support/default.store";
    NSSQLiteErrorDomain = 1;
}
CoreData: error: -executeRequest: encountered exception = I/O error for database at /Users/cculbreath/Library/Containers/Physics-Cloud.PhysCloudResume/Data/Library/Application Support/default.store.  SQLite error code:1, 'no such table: ZRESMODEL' with userInfo = {
    NSFilePath = "/Users/cculbreath/Library/Containers/Physics-Cloud.PhysCloudResume/Data/Library/Application Support/default.store";
    NSSQLiteErrorDomain = 1;
}
CoreData: error: -executeRequest: encountered exception = I/O error for database at /Users/cculbreath/Library/Containers/Physics-Cloud.PhysCloudResume/Data/Library/Application Support/default.store.  SQLite error code:1, 'no such table: ZRESMODEL' with userInfo = {
    NSFilePath = "/Users/cculbreath/Library/Containers/Physics-Cloud.PhysCloudResume/Data/Library/Application Support/default.store";
    NSSQLiteErrorDomain = 1;
}
CoreData: error: (1) I/O error for database at /Users/cculbreath/Library/Containers/Physics-Cloud.PhysCloudResume/Data/Library/Application Support/default.store.  SQLite error code:1, 'no such table: ZRESMODEL'
CoreData: error: (1) I/O error for database at /Users/cculbreath/Library/Containers/Physics-Cloud.PhysCloudResume/Data/Library/Application Support/default.store.  SQLite error code:1, 'no such table: ZRESMODEL'
CoreData: error: SQLCore dispatchRequest: exception handling request: <NSSQLFetchRequestContext: 0x6000051a23e0> , I/O error for database at /Users/cculbreath/Library/Containers/Physics-Cloud.PhysCloudResume/Data/Library/Application Support/default.store.  SQLite error code:1, 'no such table: ZRESMODEL' with userInfo of {
    NSFilePath = "/Users/cculbreath/Library/Containers/Physics-Cloud.PhysCloudResume/Data/Library/Application Support/default.store";
    NSSQLiteErrorDomain = 1;
}
CoreData: error: SQLCore dispatchRequest: exception handling request: <NSSQLFetchRequestContext: 0x6000051a23e0> , I/O error for database at /Users/cculbreath/Library/Containers/Physics-Cloud.PhysCloudResume/Data/Library/Application Support/default.store.  SQLite error code:1, 'no such table: ZRESMODEL' with userInfo of {
    NSFilePath = "/Users/cculbreath/Library/Containers/Physics-Cloud.PhysCloudResume/Data/Library/Application Support/default.store";
    NSSQLiteErrorDomain = 1;
}
📋 Available models: 0
CoreData: error: (1) I/O error for database at /Users/cculbreath/Library/Containers/Physics-Cloud.PhysCloudResume/Data/Library/Application Support/default.store.  SQLite error code:1, 'no such table: ZRESMODEL'
CoreData: error: (1) I/O error for database at /Users/cculbreath/Library/Containers/Physics-Cloud.PhysCloudResume/Data/Library/Application Support/default.store.  SQLite error code:1, 'no such table: ZRESMODEL'
CoreData: error: SQLCore dispatchRequest: exception handling request: <NSSQLFetchRequestContext: 0x6000051a25a0> , I/O error for database at /Users/cculbreath/Library/Containers/Physics-Cloud.PhysCloudResume/Data/Library/Application Support/default.store.  SQLite error code:1, 'no such table: ZRESMODEL' with userInfo of {
    NSFilePath = "/Users/cculbreath/Library/Containers/Physics-Cloud.PhysCloudResume/Data/Library/Application Support/default.store";
    NSSQLiteErrorDomain = 1;
}
CoreData: error: SQLCore dispatchRequest: exception handling request: <NSSQLFetchRequestContext: 0x6000051a25a0> , I/O error for database at /Users/cculbreath/Library/Containers/Physics-Cloud.PhysCloudResume/Data/Library/Application Support/default.store.  SQLite error code:1, 'no such table: ZRESMODEL' with userInfo of {
    NSFilePath = "/Users/cculbreath/Library/Containers/Physics-Cloud.PhysCloudResume/Data/Library/Application Support/default.store";
    NSSQLiteErrorDomain = 1;
}
CoreData: error: -executeRequest: encountered exception = I/O error for database at /Users/cculbreath/Library/Containers/Physics-Cloud.PhysCloudResume/Data/Library/Application Support/default.store.  SQLite error code:1, 'no such table: ZRESMODEL' with userInfo = {
    NSFilePath = "/Users/cculbreath/Library/Containers/Physics-Cloud.PhysCloudResume/Data/Library/Application Support/default.store";
    NSSQLiteErrorDomain = 1;
}
CoreData: error: -executeRequest: encountered exception = I/O error for database at /Users/cculbreath/Library/Containers/Physics-Cloud.PhysCloudResume/Data/Library/Application Support/default.store.  SQLite error code:1, 'no such table: ZRESMODEL' with userInfo = {
    NSFilePath = "/Users/cculbreath/Library/Containers/Physics-Cloud.PhysCloudResume/Data/Library/Application Support/default.store";
    NSSQLiteErrorDomain = 1;
}
CoreData: error: (1) I/O error for database at /Users/cculbreath/Library/Containers/Physics-Cloud.PhysCloudResume/Data/Library/Application Support/default.store.  SQLite error code:1, 'no such table: ZRESMODEL'
CoreData: error: (1) I/O error for database at /Users/cculbreath/Library/Containers/Physics-Cloud.PhysCloudResume/Data/Library/Application Support/default.store.  SQLite error code:1, 'no such table: ZRESMODEL'
CoreData: error: SQLCore dispatchRequest: exception handling request: <NSSQLFetchRequestContext: 0x6000016dabc0> , I/O error for database at /Users/cculbreath/Library/Containers/Physics-Cloud.PhysCloudResume/Data/Library/Application Support/default.store.  SQLite error code:1, 'no such table: ZRESMODEL' with userInfo of {
    NSFilePath = "/Users/cculbreath/Library/Containers/Physics-Cloud.PhysCloudResume/Data/Library/Application Support/default.store";
    NSSQLiteErrorDomain = 1;
}
CoreData: error: SQLCore dispatchRequest: exception handling request: <NSSQLFetchRequestContext: 0x6000016dabc0> , I/O error for database at /Users/cculbreath/Library/Containers/Physics-Cloud.PhysCloudResume/Data/Library/Application Support/default.store.  SQLite error code:1, 'no such table: ZRESMODEL' with userInfo of {
    NSFilePath = "/Users/cculbreath/Library/Containers/Physics-Cloud.PhysCloudResume/Data/Library/Application Support/default.store";
    NSSQLiteErrorDomain = 1;
}
CoreData: error: -executeRequest: encountered exception = I/O error for database at /Users/cculbreath/Library/Containers/Physics-Cloud.PhysCloudResume/Data/Library/Application Support/default.store.  SQLite error code:1, 'no such table: ZRESMODEL' with userInfo = {
    NSFilePath = "/Users/cculbreath/Library/Containers/Physics-Cloud.PhysCloudResume/Data/Library/Application Support/default.store";
    NSSQLiteErrorDomain = 1;
}
CoreData: error: -executeRequest: encountered exception = I/O error for database at /Users/cculbreath/Library/Containers/Physics-Cloud.PhysCloudResume/Data/Library/Application Support/default.store.  SQLite error code:1, 'no such table: ZRESMODEL' with userInfo = {
    NSFilePath = "/Users/cculbreath/Library/Containers/Physics-Cloud.PhysCloudResume/Data/Library/Application Support/default.store";
    NSSQLiteErrorDomain = 1;
}
CoreData: error: (1) I/O error for database at /Users/cculbreath/Library/Containers/Physics-Cloud.PhysCloudResume/Data/Library/Application Support/default.store.  SQLite error code:1, 'no such table: ZRESMODEL'
CoreData: error: (1) I/O error for database at /Users/cculbreath/Library/Containers/Physics-Cloud.PhysCloudResume/Data/Library/Application Support/default.store.  SQLite error code:1, 'no such table: ZRESMODEL'
CoreData: error: SQLCore dispatchRequest: exception handling request: <NSSQLFetchRequestContext: 0x6000051ac000> , I/O error for database at /Users/cculbreath/Library/Containers/Physics-Cloud.PhysCloudResume/Data/Library/Application Support/default.store.  SQLite error code:1, 'no such table: ZRESMODEL' with userInfo of {
    NSFilePath = "/Users/cculbreath/Library/Containers/Physics-Cloud.PhysCloudResume/Data/Library/Application Support/default.store";
    NSSQLiteErrorDomain = 1;
}
CoreData: error: SQLCore dispatchRequest: exception handling request: <NSSQLFetchRequestContext: 0x6000051ac000> , I/O error for database at /Users/cculbreath/Library/Containers/Physics-Cloud.PhysCloudResume/Data/Library/Application Support/default.store.  SQLite error code:1, 'no such table: ZRESMODEL' with userInfo of {
    NSFilePath = "/Users/cculbreath/Library/Containers/Physics-Cloud.PhysCloudResume/Data/Library/Application Support/default.store";
    NSSQLiteErrorDomain = 1;
}
CoreData: error: -executeRequest: encountered exception = I/O error for database at /Users/cculbreath/Library/Containers/Physics-Cloud.PhysCloudResume/Data/Library/Application Support/default.store.  SQLite error code:1, 'no such table: ZRESMODEL' with userInfo = {
    NSFilePath = "/Users/cculbreath/Library/Containers/Physics-Cloud.PhysCloudResume/Data/Library/Application Support/default.store";
    NSSQLiteErrorDomain = 1;
}
CoreData: error: -executeRequest: encountered exception = I/O error for database at /Users/cculbreath/Library/Containers/Physics-Cloud.PhysCloudResume/Data/Library/Application Support/default.store.  SQLite error code:1, 'no such table: ZRESMODEL' with userInfo = {
    NSFilePath = "/Users/cculbreath/Library/Containers/Physics-Cloud.PhysCloudResume/Data/Library/Application Support/default.store";
    NSSQLiteErrorDomain = 1;
}
CoreData: error: (1) I/O error for database at /Users/cculbreath/Library/Containers/Physics-Cloud.PhysCloudResume/Data/Library/Application Support/default.store.  SQLite error code:1, 'no such table: ZRESMODEL'
CoreData: error: (1) I/O error for database at /Users/cculbreath/Library/Containers/Physics-Cloud.PhysCloudResume/Data/Library/Application Support/default.store.  SQLite error code:1, 'no such table: ZRESMODEL'
CoreData: error: SQLCore dispatchRequest: exception handling request: <NSSQLFetchRequestContext: 0x6000051ac1c0> , I/O error for database at /Users/cculbreath/Library/Containers/Physics-Cloud.PhysCloudResume/Data/Library/Application Support/default.store.  SQLite error code:1, 'no such table: ZRESMODEL' with userInfo of {
    NSFilePath = "/Users/cculbreath/Library/Containers/Physics-Cloud.PhysCloudResume/Data/Library/Application Support/default.store";
    NSSQLiteErrorDomain = 1;
}
CoreData: error: SQLCore dispatchRequest: exception handling request: <NSSQLFetchRequestContext: 0x6000051ac1c0> , I/O error for database at /Users/cculbreath/Library/Containers/Physics-Cloud.PhysCloudResume/Data/Library/Application Support/default.store.  SQLite error code:1, 'no such table: ZRESMODEL' with userInfo of {
    NSFilePath = "/Users/cculbreath/Library/Containers/Physics-Cloud.PhysCloudResume/Data/Library/Application Support/default.store";
    NSSQLiteErrorDomain = 1;
}
RootNode
pdf refresh
Toolbar Resume
🔄 Forcing another refresh
CoreData: error: (1) I/O error for database at /Users/cculbreath/Library/Containers/Physics-Cloud.PhysCloudResume/Data/Library/Application Support/default.store.  SQLite error code:1, 'no such table: ZJOBAPP'
CoreData: error: (1) I/O error for database at /Users/cculbreath/Library/Containers/Physics-Cloud.PhysCloudResume/Data/Library/Application Support/default.store.  SQLite error code:1, 'no such table: ZJOBAPP'
CoreData: error: SQLCore dispatchRequest: exception handling request: <NSSQLFetchRequestContext: 0x6000051a5a40> , I/O error for database at /Users/cculbreath/Library/Containers/Physics-Cloud.PhysCloudResume/Data/Library/Application Support/default.store.  SQLite error code:1, 'no such table: ZJOBAPP' with userInfo of {
    NSFilePath = "/Users/cculbreath/Library/Containers/Physics-Cloud.PhysCloudResume/Data/Library/Application Support/default.store";
    NSSQLiteErrorDomain = 1;
}
CoreData: error: SQLCore dispatchRequest: exception handling request: <NSSQLFetchRequestContext: 0x6000051a5a40> , I/O error for database at /Users/cculbreath/Library/Containers/Physics-Cloud.PhysCloudResume/Data/Library/Application Support/default.store.  SQLite error code:1, 'no such table: ZJOBAPP' with userInfo of {
    NSFilePath = "/Users/cculbreath/Library/Containers/Physics-Cloud.PhysCloudResume/Data/Library/Application Support/default.store";
    NSSQLiteErrorDomain = 1;
}
CoreData: error: -executeRequest: encountered exception = I/O error for database at /Users/cculbreath/Library/Containers/Physics-Cloud.PhysCloudResume/Data/Library/Application Support/default.store.  SQLite error code:1, 'no such table: ZJOBAPP' with userInfo = {
    NSFilePath = "/Users/cculbreath/Library/Containers/Physics-Cloud.PhysCloudResume/Data/Library/Application Support/default.store";
    NSSQLiteErrorDomain = 1;
}
CoreData: error: -executeRequest: encountered exception = I/O error for database at /Users/cculbreath/Library/Containers/Physics-Cloud.PhysCloudResume/Data/Library/Application Support/default.store.  SQLite error code:1, 'no such table: ZJOBAPP' with userInfo = {
    NSFilePath = "/Users/cculbreath/Library/Containers/Physics-Cloud.PhysCloudResume/Data/Library/Application Support/default.store";
    NSSQLiteErrorDomain = 1;
}
CoreData: error: (1) I/O error for database at /Users/cculbreath/Library/Containers/Physics-Cloud.PhysCloudResume/Data/Library/Application Support/default.store.  SQLite error code:1, 'no such table: ZJOBAPP'
CoreData: error: (1) I/O error for database at /Users/cculbreath/Library/Containers/Physics-Cloud.PhysCloudResume/Data/Library/Application Support/default.store.  SQLite error code:1, 'no such table: ZJOBAPP'
CoreData: error: SQLCore dispatchRequest: exception handling request: <NSSQLFetchRequestContext: 0x6000051a5c00> , I/O error for database at /Users/cculbreath/Library/Containers/Physics-Cloud.PhysCloudResume/Data/Library/Application Support/default.store.  SQLite error code:1, 'no such table: ZJOBAPP' with userInfo of {
    NSFilePath = "/Users/cculbreath/Library/Containers/Physics-Cloud.PhysCloudResume/Data/Library/Application Support/default.store";
    NSSQLiteErrorDomain = 1;
}
CoreData: error: SQLCore dispatchRequest: exception handling request: <NSSQLFetchRequestContext: 0x6000051a5c00> , I/O error for database at /Users/cculbreath/Library/Containers/Physics-Cloud.PhysCloudResume/Data/Library/Application Support/default.store.  SQLite error code:1, 'no such table: ZJOBAPP' with userInfo of {
    NSFilePath = "/Users/cculbreath/Library/Containers/Physics-Cloud.PhysCloudResume/Data/Library/Application Support/default.store";
    NSSQLiteErrorDomain = 1;
}
CoreData: error: -executeRequest: encountered exception = I/O error for database at /Users/cculbreath/Library/Containers/Physics-Cloud.PhysCloudResume/Data/Library/Application Support/default.store.  SQLite error code:1, 'no such table: ZJOBAPP' with userInfo = {
    NSFilePath = "/Users/cculbreath/Library/Containers/Physics-Cloud.PhysCloudResume/Data/Library/Application Support/default.store";
    NSSQLiteErrorDomain = 1;
}
CoreData: error: -executeRequest: encountered exception = I/O error for database at /Users/cculbreath/Library/Containers/Physics-Cloud.PhysCloudResume/Data/Library/Application Support/default.store.  SQLite error code:1, 'no such table: ZJOBAPP' with userInfo = {
    NSFilePath = "/Users/cculbreath/Library/Containers/Physics-Cloud.PhysCloudResume/Data/Library/Application Support/default.store";
    NSSQLiteErrorDomain = 1;
}
CoreData: error: (1) I/O error for database at /Users/cculbreath/Library/Containers/Physics-Cloud.PhysCloudResume/Data/Library/Application Support/default.store.  SQLite error code:1, 'no such table: ZJOBAPP'
CoreData: error: (1) I/O error for database at /Users/cculbreath/Library/Containers/Physics-Cloud.PhysCloudResume/Data/Library/Application Support/default.store.  SQLite error code:1, 'no such table: ZJOBAPP'
CoreData: error: SQLCore dispatchRequest: exception handling request: <NSSQLFetchRequestContext: 0x6000051a5dc0> , I/O error for database at /Users/cculbreath/Library/Containers/Physics-Cloud.PhysCloudResume/Data/Library/Application Support/default.store.  SQLite error code:1, 'no such table: ZJOBAPP' with userInfo of {
    NSFilePath = "/Users/cculbreath/Library/Containers/Physics-Cloud.PhysCloudResume/Data/Library/Application Support/default.store";
    NSSQLiteErrorDomain = 1;
}
CoreData: error: SQLCore dispatchRequest: exception handling request: <NSSQLFetchRequestContext: 0x6000051a5dc0> , I/O error for database at /Users/cculbreath/Library/Containers/Physics-Cloud.PhysCloudResume/Data/Library/Application Support/default.store.  SQLite error code:1, 'no such table: ZJOBAPP' with userInfo of {
    NSFilePath = "/Users/cculbreath/Library/Containers/Physics-Cloud.PhysCloudResume/Data/Library/Application Support/default.store";
    NSSQLiteErrorDomain = 1;
}
CoreData: error: -executeRequest: encountered exception = I/O error for database at /Users/cculbreath/Library/Containers/Physics-Cloud.PhysCloudResume/Data/Library/Application Support/default.store.  SQLite error code:1, 'no such table: ZJOBAPP' with userInfo = {
    NSFilePath = "/Users/cculbreath/Library/Containers/Physics-Cloud.PhysCloudResume/Data/Library/Application Support/default.store";
    NSSQLiteErrorDomain = 1;
}
CoreData: error: -executeRequest: encountered exception = I/O error for database at /Users/cculbreath/Library/Containers/Physics-Cloud.PhysCloudResume/Data/Library/Application Support/default.store.  SQLite error code:1, 'no such table: ZJOBAPP' with userInfo = {
    NSFilePath = "/Users/cculbreath/Library/Containers/Physics-Cloud.PhysCloudResume/Data/Library/Application Support/default.store";
    NSSQLiteErrorDomain = 1;
}
CoreData: error: (1) I/O error for database at /Users/cculbreath/Library/Containers/Physics-Cloud.PhysCloudResume/Data/Library/Application Support/default.store.  SQLite error code:1, 'no such table: ZJOBAPP'
CoreData: error: (1) I/O error for database at /Users/cculbreath/Library/Containers/Physics-Cloud.PhysCloudResume/Data/Library/Application Support/default.store.  SQLite error code:1, 'no such table: ZJOBAPP'
CoreData: error: SQLCore dispatchRequest: exception handling request: <NSSQLFetchRequestContext: 0x6000051a5f80> , I/O error for database at /Users/cculbreath/Library/Containers/Physics-Cloud.PhysCloudResume/Data/Library/Application Support/default.store.  SQLite error code:1, 'no such table: ZJOBAPP' with userInfo of {
    NSFilePath = "/Users/cculbreath/Library/Containers/Physics-Cloud.PhysCloudResume/Data/Library/Application Support/default.store";
    NSSQLiteErrorDomain = 1;
}
CoreData: error: SQLCore dispatchRequest: exception handling request: <NSSQLFetchRequestContext: 0x6000051a5f80> , I/O error for database at /Users/cculbreath/Library/Containers/Physics-Cloud.PhysCloudResume/Data/Library/Application Support/default.store.  SQLite error code:1, 'no such table: ZJOBAPP' with userInfo of {
    NSFilePath = "/Users/cculbreath/Library/Containers/Physics-Cloud.PhysCloudResume/Data/Library/Application Support/default.store";
    NSSQLiteErrorDomain = 1;
}
Query encountered an error: Error Domain=NSCocoaErrorDomain Code=256 "The file “default.store” couldn’t be opened." UserInfo={NSFilePath=/Users/cculbreath/Library/Containers/Physics-Cloud.PhysCloudResume/Data/Library/Application Support/default.store, NSSQLiteErrorDomain=1}
CoreData: error: (1) I/O error for database at /Users/cculbreath/Library/Containers/Physics-Cloud.PhysCloudResume/Data/Library/Application Support/default.store.  SQLite error code:1, 'no such table: ZRESREF'
CoreData: error: (1) I/O error for database at /Users/cculbreath/Library/Containers/Physics-Cloud.PhysCloudResume/Data/Library/Application Support/default.store.  SQLite error code:1, 'no such table: ZRESREF'
CoreData: error: SQLCore dispatchRequest: exception handling request: <NSSQLFetchRequestContext: 0x6000051a6140> , I/O error for database at /Users/cculbreath/Library/Containers/Physics-Cloud.PhysCloudResume/Data/Library/Application Support/default.store.  SQLite error code:1, 'no such table: ZRESREF' with userInfo of {
    NSFilePath = "/Users/cculbreath/Library/Containers/Physics-Cloud.PhysCloudResume/Data/Library/Application Support/default.store";
    NSSQLiteErrorDomain = 1;
}
CoreData: error: SQLCore dispatchRequest: exception handling request: <NSSQLFetchRequestContext: 0x6000051a6140> , I/O error for database at /Users/cculbreath/Library/Containers/Physics-Cloud.PhysCloudResume/Data/Library/Application Support/default.store.  SQLite error code:1, 'no such table: ZRESREF' with userInfo of {
    NSFilePath = "/Users/cculbreath/Library/Containers/Physics-Cloud.PhysCloudResume/Data/Library/Application Support/default.store";
    NSSQLiteErrorDomain = 1;
}
CoreData: error: -executeRequest: encountered exception = I/O error for database at /Users/cculbreath/Library/Containers/Physics-Cloud.PhysCloudResume/Data/Library/Application Support/default.store.  SQLite error code:1, 'no such table: ZRESREF' with userInfo = {
    NSFilePath = "/Users/cculbreath/Library/Containers/Physics-Cloud.PhysCloudResume/Data/Library/Application Support/default.store";
    NSSQLiteErrorDomain = 1;
}
CoreData: error: -executeRequest: encountered exception = I/O error for database at /Users/cculbreath/Library/Containers/Physics-Cloud.PhysCloudResume/Data/Library/Application Support/default.store.  SQLite error code:1, 'no such table: ZRESREF' with userInfo = {
    NSFilePath = "/Users/cculbreath/Library/Containers/Physics-Cloud.PhysCloudResume/Data/Library/Application Support/default.store";
    NSSQLiteErrorDomain = 1;
}
CoreData: error: (1) I/O error for database at /Users/cculbreath/Library/Containers/Physics-Cloud.PhysCloudResume/Data/Library/Application Support/default.store.  SQLite error code:1, 'no such table: ZRESREF'
CoreData: error: (1) I/O error for database at /Users/cculbreath/Library/Containers/Physics-Cloud.PhysCloudResume/Data/Library/Application Support/default.store.  SQLite error code:1, 'no such table: ZRESREF'
CoreData: error: SQLCore dispatchRequest: exception handling request: <NSSQLFetchRequestContext: 0x6000051a6300> , I/O error for database at /Users/cculbreath/Library/Containers/Physics-Cloud.PhysCloudResume/Data/Library/Application Support/default.store.  SQLite error code:1, 'no such table: ZRESREF' with userInfo of {
    NSFilePath = "/Users/cculbreath/Library/Containers/Physics-Cloud.PhysCloudResume/Data/Library/Application Support/default.store";
    NSSQLiteErrorDomain = 1;
}
CoreData: error: SQLCore dispatchRequest: exception handling request: <NSSQLFetchRequestContext: 0x6000051a6300> , I/O error for database at /Users/cculbreath/Library/Containers/Physics-Cloud.PhysCloudResume/Data/Library/Application Support/default.store.  SQLite error code:1, 'no such table: ZRESREF' with userInfo of {
    NSFilePath = "/Users/cculbreath/Library/Containers/Physics-Cloud.PhysCloudResume/Data/Library/Application Support/default.store";
    NSSQLiteErrorDomain = 1;
}
CoreData: error: -executeRequest: encountered exception = I/O error for database at /Users/cculbreath/Library/Containers/Physics-Cloud.PhysCloudResume/Data/Library/Application Support/default.store.  SQLite error code:1, 'no such table: ZRESREF' with userInfo = {
    NSFilePath = "/Users/cculbreath/Library/Containers/Physics-Cloud.PhysCloudResume/Data/Library/Application Support/default.store";
    NSSQLiteErrorDomain = 1;
}
CoreData: error: -executeRequest: encountered exception = I/O error for database at /Users/cculbreath/Library/Containers/Physics-Cloud.PhysCloudResume/Data/Library/Application Support/default.store.  SQLite error code:1, 'no such table: ZRESREF' with userInfo = {
    NSFilePath = "/Users/cculbreath/Library/Containers/Physics-Cloud.PhysCloudResume/Data/Library/Application Support/default.store";
    NSSQLiteErrorDomain = 1;
}
CoreData: error: (1) I/O error for database at /Users/cculbreath/Library/Containers/Physics-Cloud.PhysCloudResume/Data/Library/Application Support/default.store.  SQLite error code:1, 'no such table: ZRESREF'
CoreData: error: (1) I/O error for database at /Users/cculbreath/Library/Containers/Physics-Cloud.PhysCloudResume/Data/Library/Application Support/default.store.  SQLite error code:1, 'no such table: ZRESREF'
CoreData: error: SQLCore dispatchRequest: exception handling request: <NSSQLFetchRequestContext: 0x6000051a64c0> , I/O error for database at /Users/cculbreath/Library/Containers/Physics-Cloud.PhysCloudResume/Data/Library/Application Support/default.store.  SQLite error code:1, 'no such table: ZRESREF' with userInfo of {
    NSFilePath = "/Users/cculbreath/Library/Containers/Physics-Cloud.PhysCloudResume/Data/Library/Application Support/default.store";
    NSSQLiteErrorDomain = 1;
}
CoreData: error: SQLCore dispatchRequest: exception handling request: <NSSQLFetchRequestContext: 0x6000051a64c0> , I/O error for database at /Users/cculbreath/Library/Containers/Physics-Cloud.PhysCloudResume/Data/Library/Application Support/default.store.  SQLite error code:1, 'no such table: ZRESREF' with userInfo of {
    NSFilePath = "/Users/cculbreath/Library/Containers/Physics-Cloud.PhysCloudResume/Data/Library/Application Support/default.store";
    NSSQLiteErrorDomain = 1;
}
CoreData: error: -executeRequest: encountered exception = I/O error for database at /Users/cculbreath/Library/Containers/Physics-Cloud.PhysCloudResume/Data/Library/Application Support/default.store.  SQLite error code:1, 'no such table: ZRESREF' with userInfo = {
    NSFilePath = "/Users/cculbreath/Library/Containers/Physics-Cloud.PhysCloudResume/Data/Library/Application Support/default.store";
    NSSQLiteErrorDomain = 1;
}
CoreData: error: -executeRequest: encountered exception = I/O error for database at /Users/cculbreath/Library/Containers/Physics-Cloud.PhysCloudResume/Data/Library/Application Support/default.store.  SQLite error code:1, 'no such table: ZRESREF' with userInfo = {
    NSFilePath = "/Users/cculbreath/Library/Containers/Physics-Cloud.PhysCloudResume/Data/Library/Application Support/default.store";
    NSSQLiteErrorDomain = 1;
}
CoreData: error: (1) I/O error for database at /Users/cculbreath/Library/Containers/Physics-Cloud.PhysCloudResume/Data/Library/Application Support/default.store.  SQLite error code:1, 'no such table: ZRESREF'
CoreData: error: (1) I/O error for database at /Users/cculbreath/Library/Containers/Physics-Cloud.PhysCloudResume/Data/Library/Application Support/default.store.  SQLite error code:1, 'no such table: ZRESREF'
CoreData: error: SQLCore dispatchRequest: exception handling request: <NSSQLFetchRequestContext: 0x6000051a6680> , I/O error for database at /Users/cculbreath/Library/Containers/Physics-Cloud.PhysCloudResume/Data/Library/Application Support/default.store.  SQLite error code:1, 'no such table: ZRESREF' with userInfo of {
    NSFilePath = "/Users/cculbreath/Library/Containers/Physics-Cloud.PhysCloudResume/Data/Library/Application Support/default.store";
    NSSQLiteErrorDomain = 1;
}
CoreData: error: SQLCore dispatchRequest: exception handling request: <NSSQLFetchRequestContext: 0x6000051a6680> , I/O error for database at /Users/cculbreath/Library/Containers/Physics-Cloud.PhysCloudResume/Data/Library/Application Support/default.store.  SQLite error code:1, 'no such table: ZRESREF' with userInfo of {
    NSFilePath = "/Users/cculbreath/Library/Containers/Physics-Cloud.PhysCloudResume/Data/Library/Application Support/default.store";
    NSSQLiteErrorDomain = 1;
}
Query encountered an error: Error Domain=NSCocoaErrorDomain Code=256 "The file “default.store” couldn’t be opened." UserInfo={NSFilePath=/Users/cculbreath/Library/Containers/Physics-Cloud.PhysCloudResume/Data/Library/Application Support/default.store, NSSQLiteErrorDomain=1}
CoreData: error: (1) I/O error for database at /Users/cculbreath/Library/Containers/Physics-Cloud.PhysCloudResume/Data/Library/Application Support/default.store.  SQLite error code:1, 'no such table: ZRESMODEL'
CoreData: error: (1) I/O error for database at /Users/cculbreath/Library/Containers/Physics-Cloud.PhysCloudResume/Data/Library/Application Support/default.store.  SQLite error code:1, 'no such table: ZRESMODEL'
CoreData: error: SQLCore dispatchRequest: exception handling request: <NSSQLFetchRequestContext: 0x6000051a6840> , I/O error for database at /Users/cculbreath/Library/Containers/Physics-Cloud.PhysCloudResume/Data/Library/Application Support/default.store.  SQLite error code:1, 'no such table: ZRESMODEL' with userInfo of {
    NSFilePath = "/Users/cculbreath/Library/Containers/Physics-Cloud.PhysCloudResume/Data/Library/Application Support/default.store";
    NSSQLiteErrorDomain = 1;
}
CoreData: error: SQLCore dispatchRequest: exception handling request: <NSSQLFetchRequestContext: 0x6000051a6840> , I/O error for database at /Users/cculbreath/Library/Containers/Physics-Cloud.PhysCloudResume/Data/Library/Application Support/default.store.  SQLite error code:1, 'no such table: ZRESMODEL' with userInfo of {
    NSFilePath = "/Users/cculbreath/Library/Containers/Physics-Cloud.PhysCloudResume/Data/Library/Application Support/default.store";
    NSSQLiteErrorDomain = 1;
}
CoreData: error: -executeRequest: encountered exception = I/O error for database at /Users/cculbreath/Library/Containers/Physics-Cloud.PhysCloudResume/Data/Library/Application Support/default.store.  SQLite error code:1, 'no such table: ZRESMODEL' with userInfo = {
    NSFilePath = "/Users/cculbreath/Library/Containers/Physics-Cloud.PhysCloudResume/Data/Library/Application Support/default.store";
    NSSQLiteErrorDomain = 1;
}
CoreData: error: -executeRequest: encountered exception = I/O error for database at /Users/cculbreath/Library/Containers/Physics-Cloud.PhysCloudResume/Data/Library/Application Support/default.store.  SQLite error code:1, 'no such table: ZRESMODEL' with userInfo = {
    NSFilePath = "/Users/cculbreath/Library/Containers/Physics-Cloud.PhysCloudResume/Data/Library/Application Support/default.store";
    NSSQLiteErrorDomain = 1;
}
CoreData: error: (1) I/O error for database at /Users/cculbreath/Library/Containers/Physics-Cloud.PhysCloudResume/Data/Library/Application Support/default.store.  SQLite error code:1, 'no such table: ZRESMODEL'
CoreData: error: (1) I/O error for database at /Users/cculbreath/Library/Containers/Physics-Cloud.PhysCloudResume/Data/Library/Application Support/default.store.  SQLite error code:1, 'no such table: ZRESMODEL'
CoreData: error: SQLCore dispatchRequest: exception handling request: <NSSQLFetchRequestContext: 0x6000051a6a00> , I/O error for database at /Users/cculbreath/Library/Containers/Physics-Cloud.PhysCloudResume/Data/Library/Application Support/default.store.  SQLite error code:1, 'no such table: ZRESMODEL' with userInfo of {
    NSFilePath = "/Users/cculbreath/Library/Containers/Physics-Cloud.PhysCloudResume/Data/Library/Application Support/default.store";
    NSSQLiteErrorDomain = 1;
}
CoreData: error: SQLCore dispatchRequest: exception handling request: <NSSQLFetchRequestContext: 0x6000051a6a00> , I/O error for database at /Users/cculbreath/Library/Containers/Physics-Cloud.PhysCloudResume/Data/Library/Application Support/default.store.  SQLite error code:1, 'no such table: ZRESMODEL' with userInfo of {
    NSFilePath = "/Users/cculbreath/Library/Containers/Physics-Cloud.PhysCloudResume/Data/Library/Application Support/default.store";
    NSSQLiteErrorDomain = 1;
}
CoreData: error: -executeRequest: encountered exception = I/O error for database at /Users/cculbreath/Library/Containers/Physics-Cloud.PhysCloudResume/Data/Library/Application Support/default.store.  SQLite error code:1, 'no such table: ZRESMODEL' with userInfo = {
    NSFilePath = "/Users/cculbreath/Library/Containers/Physics-Cloud.PhysCloudResume/Data/Library/Application Support/default.store";
    NSSQLiteErrorDomain = 1;
}
CoreData: error: -executeRequest: encountered exception = I/O error for database at /Users/cculbreath/Library/Containers/Physics-Cloud.PhysCloudResume/Data/Library/Application Support/default.store.  SQLite error code:1, 'no such table: ZRESMODEL' with userInfo = {
    NSFilePath = "/Users/cculbreath/Library/Containers/Physics-Cloud.PhysCloudResume/Data/Library/Application Support/default.store";
    NSSQLiteErrorDomain = 1;
}
CoreData: error: (1) I/O error for database at /Users/cculbreath/Library/Containers/Physics-Cloud.PhysCloudResume/Data/Library/Application Support/default.store.  SQLite error code:1, 'no such table: ZRESMODEL'
CoreData: error: (1) I/O error for database at /Users/cculbreath/Library/Containers/Physics-Cloud.PhysCloudResume/Data/Library/Application Support/default.store.  SQLite error code:1, 'no such table: ZRESMODEL'
CoreData: error: SQLCore dispatchRequest: exception handling request: <NSSQLFetchRequestContext: 0x6000051a6bc0> , I/O error for database at /Users/cculbreath/Library/Containers/Physics-Cloud.PhysCloudResume/Data/Library/Application Support/default.store.  SQLite error code:1, 'no such table: ZRESMODEL' with userInfo of {
    NSFilePath = "/Users/cculbreath/Library/Containers/Physics-Cloud.PhysCloudResume/Data/Library/Application Support/default.store";
    NSSQLiteErrorDomain = 1;
}
CoreData: error: SQLCore dispatchRequest: exception handling request: <NSSQLFetchRequestContext: 0x6000051a6bc0> , I/O error for database at /Users/cculbreath/Library/Containers/Physics-Cloud.PhysCloudResume/Data/Library/Application Support/default.store.  SQLite error code:1, 'no such table: ZRESMODEL' with userInfo of {
    NSFilePath = "/Users/cculbreath/Library/Containers/Physics-Cloud.PhysCloudResume/Data/Library/Application Support/default.store";
    NSSQLiteErrorDomain = 1;
}
CoreData: error: -executeRequest: encountered exception = I/O error for database at /Users/cculbreath/Library/Containers/Physics-Cloud.PhysCloudResume/Data/Library/Application Support/default.store.  SQLite error code:1, 'no such table: ZRESMODEL' with userInfo = {
    NSFilePath = "/Users/cculbreath/Library/Containers/Physics-Cloud.PhysCloudResume/Data/Library/Application Support/default.store";
    NSSQLiteErrorDomain = 1;
}
CoreData: error: -executeRequest: encountered exception = I/O error for database at /Users/cculbreath/Library/Containers/Physics-Cloud.PhysCloudResume/Data/Library/Application Support/default.store.  SQLite error code:1, 'no such table: ZRESMODEL' with userInfo = {
    NSFilePath = "/Users/cculbreath/Library/Containers/Physics-Cloud.PhysCloudResume/Data/Library/Application Support/default.store";
    NSSQLiteErrorDomain = 1;
}
CoreData: error: (1) I/O error for database at /Users/cculbreath/Library/Containers/Physics-Cloud.PhysCloudResume/Data/Library/Application Support/default.store.  SQLite error code:1, 'no such table: ZRESMODEL'
CoreData: error: (1) I/O error for database at /Users/cculbreath/Library/Containers/Physics-Cloud.PhysCloudResume/Data/Library/Application Support/default.store.  SQLite error code:1, 'no such table: ZRESMODEL'
CoreData: error: SQLCore dispatchRequest: exception handling request: <NSSQLFetchRequestContext: 0x6000051a6d80> , I/O error for database at /Users/cculbreath/Library/Containers/Physics-Cloud.PhysCloudResume/Data/Library/Application Support/default.store.  SQLite error code:1, 'no such table: ZRESMODEL' with userInfo of {
    NSFilePath = "/Users/cculbreath/Library/Containers/Physics-Cloud.PhysCloudResume/Data/Library/Application Support/default.store";
    NSSQLiteErrorDomain = 1;
}
CoreData: error: SQLCore dispatchRequest: exception handling request: <NSSQLFetchRequestContext: 0x6000051a6d80> , I/O error for database at /Users/cculbreath/Library/Containers/Physics-Cloud.PhysCloudResume/Data/Library/Application Support/default.store.  SQLite error code:1, 'no such table: ZRESMODEL' with userInfo of {
    NSFilePath = "/Users/cculbreath/Library/Containers/Physics-Cloud.PhysCloudResume/Data/Library/Application Support/default.store";
    NSSQLiteErrorDomain = 1;
}
CoreData: error: (1) I/O error for database at /Users/cculbreath/Library/Containers/Physics-Cloud.PhysCloudResume/Data/Library/Application Support/default.store.  SQLite error code:1, 'no such table: ZRESMODEL'
CoreData: error: (1) I/O error for database at /Users/cculbreath/Library/Containers/Physics-Cloud.PhysCloudResume/Data/Library/Application Support/default.store.  SQLite error code:1, 'no such table: ZRESMODEL'
CoreData: error: SQLCore dispatchRequest: exception handling request: <NSSQLFetchRequestContext: 0x6000051a6f40> , I/O error for database at /Users/cculbreath/Library/Containers/Physics-Cloud.PhysCloudResume/Data/Library/Application Support/default.store.  SQLite error code:1, 'no such table: ZRESMODEL' with userInfo of {
    NSFilePath = "/Users/cculbreath/Library/Containers/Physics-Cloud.PhysCloudResume/Data/Library/Application Support/default.store";
    NSSQLiteErrorDomain = 1;
}
CoreData: error: SQLCore dispatchRequest: exception handling request: <NSSQLFetchRequestContext: 0x6000051a6f40> , I/O error for database at /Users/cculbreath/Library/Containers/Physics-Cloud.PhysCloudResume/Data/Library/Application Support/default.store.  SQLite error code:1, 'no such table: ZRESMODEL' with userInfo of {
    NSFilePath = "/Users/cculbreath/Library/Containers/Physics-Cloud.PhysCloudResume/Data/Library/Application Support/default.store";
    NSSQLiteErrorDomain = 1;
}
CoreData: error: -executeRequest: encountered exception = I/O error for database at /Users/cculbreath/Library/Containers/Physics-Cloud.PhysCloudResume/Data/Library/Application Support/default.store.  SQLite error code:1, 'no such table: ZRESMODEL' with userInfo = {
    NSFilePath = "/Users/cculbreath/Library/Containers/Physics-Cloud.PhysCloudResume/Data/Library/Application Support/default.store";
    NSSQLiteErrorDomain = 1;
}
CoreData: error: -executeRequest: encountered exception = I/O error for database at /Users/cculbreath/Library/Containers/Physics-Cloud.PhysCloudResume/Data/Library/Application Support/default.store.  SQLite error code:1, 'no such table: ZRESMODEL' with userInfo = {
    NSFilePath = "/Users/cculbreath/Library/Containers/Physics-Cloud.PhysCloudResume/Data/Library/Application Support/default.store";
    NSSQLiteErrorDomain = 1;
}
CoreData: error: (1) I/O error for database at /Users/cculbreath/Library/Containers/Physics-Cloud.PhysCloudResume/Data/Library/Application Support/default.store.  SQLite error code:1, 'no such table: ZRESMODEL'
CoreData: error: (1) I/O error for database at /Users/cculbreath/Library/Containers/Physics-Cloud.PhysCloudResume/Data/Library/Application Support/default.store.  SQLite error code:1, 'no such table: ZRESMODEL'
CoreData: error: SQLCore dispatchRequest: exception handling request: <NSSQLFetchRequestContext: 0x6000051a71e0> , I/O error for database at /Users/cculbreath/Library/Containers/Physics-Cloud.PhysCloudResume/Data/Library/Application Support/default.store.  SQLite error code:1, 'no such table: ZRESMODEL' with userInfo of {
    NSFilePath = "/Users/cculbreath/Library/Containers/Physics-Cloud.PhysCloudResume/Data/Library/Application Support/default.store";
    NSSQLiteErrorDomain = 1;
}
CoreData: error: SQLCore dispatchRequest: exception handling request: <NSSQLFetchRequestContext: 0x6000051a71e0> , I/O error for database at /Users/cculbreath/Library/Containers/Physics-Cloud.PhysCloudResume/Data/Library/Application Support/default.store.  SQLite error code:1, 'no such table: ZRESMODEL' with userInfo of {
    NSFilePath = "/Users/cculbreath/Library/Containers/Physics-Cloud.PhysCloudResume/Data/Library/Application Support/default.store";
    NSSQLiteErrorDomain = 1;
}
CoreData: error: -executeRequest: encountered exception = I/O error for database at /Users/cculbreath/Library/Containers/Physics-Cloud.PhysCloudResume/Data/Library/Application Support/default.store.  SQLite error code:1, 'no such table: ZRESMODEL' with userInfo = {
    NSFilePath = "/Users/cculbreath/Library/Containers/Physics-Cloud.PhysCloudResume/Data/Library/Application Support/default.store";
    NSSQLiteErrorDomain = 1;
}
CoreData: error: -executeRequest: encountered exception = I/O error for database at /Users/cculbreath/Library/Containers/Physics-Cloud.PhysCloudResume/Data/Library/Application Support/default.store.  SQLite error code:1, 'no such table: ZRESMODEL' with userInfo = {
    NSFilePath = "/Users/cculbreath/Library/Containers/Physics-Cloud.PhysCloudResume/Data/Library/Application Support/default.store";
    NSSQLiteErrorDomain = 1;
}
CoreData: error: (1) I/O error for database at /Users/cculbreath/Library/Containers/Physics-Cloud.PhysCloudResume/Data/Library/Application Support/default.store.  SQLite error code:1, 'no such table: ZRESMODEL'
CoreData: error: (1) I/O error for database at /Users/cculbreath/Library/Containers/Physics-Cloud.PhysCloudResume/Data/Library/Application Support/default.store.  SQLite error code:1, 'no such table: ZRESMODEL'
CoreData: error: SQLCore dispatchRequest: exception handling request: <NSSQLFetchRequestContext: 0x6000051a73a0> , I/O error for database at /Users/cculbreath/Library/Containers/Physics-Cloud.PhysCloudResume/Data/Library/Application Support/default.store.  SQLite error code:1, 'no such table: ZRESMODEL' with userInfo of {
    NSFilePath = "/Users/cculbreath/Library/Containers/Physics-Cloud.PhysCloudResume/Data/Library/Application Support/default.store";
    NSSQLiteErrorDomain = 1;
}
CoreData: error: SQLCore dispatchRequest: exception handling request: <NSSQLFetchRequestContext: 0x6000051a73a0> , I/O error for database at /Users/cculbreath/Library/Containers/Physics-Cloud.PhysCloudResume/Data/Library/Application Support/default.store.  SQLite error code:1, 'no such table: ZRESMODEL' with userInfo of {
    NSFilePath = "/Users/cculbreath/Library/Containers/Physics-Cloud.PhysCloudResume/Data/Library/Application Support/default.store";
    NSSQLiteErrorDomain = 1;
}
CoreData: error: -executeRequest: encountered exception = I/O error for database at /Users/cculbreath/Library/Containers/Physics-Cloud.PhysCloudResume/Data/Library/Application Support/default.store.  SQLite error code:1, 'no such table: ZRESMODEL' with userInfo = {
    NSFilePath = "/Users/cculbreath/Library/Containers/Physics-Cloud.PhysCloudResume/Data/Library/Application Support/default.store";
    NSSQLiteErrorDomain = 1;
}
CoreData: error: -executeRequest: encountered exception = I/O error for database at /Users/cculbreath/Library/Containers/Physics-Cloud.PhysCloudResume/Data/Library/Application Support/default.store.  SQLite error code:1, 'no such table: ZRESMODEL' with userInfo = {
    NSFilePath = "/Users/cculbreath/Library/Containers/Physics-Cloud.PhysCloudResume/Data/Library/Application Support/default.store";
    NSSQLiteErrorDomain = 1;
}
CoreData: error: (1) I/O error for database at /Users/cculbreath/Library/Containers/Physics-Cloud.PhysCloudResume/Data/Library/Application Support/default.store.  SQLite error code:1, 'no such table: ZRESMODEL'
CoreData: error: (1) I/O error for database at /Users/cculbreath/Library/Containers/Physics-Cloud.PhysCloudResume/Data/Library/Application Support/default.store.  SQLite error code:1, 'no such table: ZRESMODEL'
CoreData: error: SQLCore dispatchRequest: exception handling request: <NSSQLFetchRequestContext: 0x6000051a7560> , I/O error for database at /Users/cculbreath/Library/Containers/Physics-Cloud.PhysCloudResume/Data/Library/Application Support/default.store.  SQLite error code:1, 'no such table: ZRESMODEL' with userInfo of {
    NSFilePath = "/Users/cculbreath/Library/Containers/Physics-Cloud.PhysCloudResume/Data/Library/Application Support/default.store";
    NSSQLiteErrorDomain = 1;
}
CoreData: error: SQLCore dispatchRequest: exception handling request: <NSSQLFetchRequestContext: 0x6000051a7560> , I/O error for database at /Users/cculbreath/Library/Containers/Physics-Cloud.PhysCloudResume/Data/Library/Application Support/default.store.  SQLite error code:1, 'no such table: ZRESMODEL' with userInfo of {
    NSFilePath = "/Users/cculbreath/Library/Containers/Physics-Cloud.PhysCloudResume/Data/Library/Application Support/default.store";
    NSSQLiteErrorDomain = 1;
}
CoreData: error: (1) I/O error for database at /Users/cculbreath/Library/Containers/Physics-Cloud.PhysCloudResume/Data/Library/Application Support/default.store.  SQLite error code:1, 'no such table: ZRESMODEL'
CoreData: error: (1) I/O error for database at /Users/cculbreath/Library/Containers/Physics-Cloud.PhysCloudResume/Data/Library/Application Support/default.store.  SQLite error code:1, 'no such table: ZRESMODEL'
CoreData: error: SQLCore dispatchRequest: exception handling request: <NSSQLFetchRequestContext: 0x600005192ae0> , I/O error for database at /Users/cculbreath/Library/Containers/Physics-Cloud.PhysCloudResume/Data/Library/Application Support/default.store.  SQLite error code:1, 'no such table: ZRESMODEL' with userInfo of {
    NSFilePath = "/Users/cculbreath/Library/Containers/Physics-Cloud.PhysCloudResume/Data/Library/Application Support/default.store";
    NSSQLiteErrorDomain = 1;
}
CoreData: error: SQLCore dispatchRequest: exception handling request: <NSSQLFetchRequestContext: 0x600005192ae0> , I/O error for database at /Users/cculbreath/Library/Containers/Physics-Cloud.PhysCloudResume/Data/Library/Application Support/default.store.  SQLite error code:1, 'no such table: ZRESMODEL' with userInfo of {
    NSFilePath = "/Users/cculbreath/Library/Containers/Physics-Cloud.PhysCloudResume/Data/Library/Application Support/default.store";
    NSSQLiteErrorDomain = 1;
}
CoreData: error: -executeRequest: encountered exception = I/O error for database at /Users/cculbreath/Library/Containers/Physics-Cloud.PhysCloudResume/Data/Library/Application Support/default.store.  SQLite error code:1, 'no such table: ZRESMODEL' with userInfo = {
    NSFilePath = "/Users/cculbreath/Library/Containers/Physics-Cloud.PhysCloudResume/Data/Library/Application Support/default.store";
    NSSQLiteErrorDomain = 1;
}
CoreData: error: -executeRequest: encountered exception = I/O error for database at /Users/cculbreath/Library/Containers/Physics-Cloud.PhysCloudResume/Data/Library/Application Support/default.store.  SQLite error code:1, 'no such table: ZRESMODEL' with userInfo = {
    NSFilePath = "/Users/cculbreath/Library/Containers/Physics-Cloud.PhysCloudResume/Data/Library/Application Support/default.store";
    NSSQLiteErrorDomain = 1;
}
CoreData: error: (1) I/O error for database at /Users/cculbreath/Library/Containers/Physics-Cloud.PhysCloudResume/Data/Library/Application Support/default.store.  SQLite error code:1, 'no such table: ZRESMODEL'
CoreData: error: (1) I/O error for database at /Users/cculbreath/Library/Containers/Physics-Cloud.PhysCloudResume/Data/Library/Application Support/default.store.  SQLite error code:1, 'no such table: ZRESMODEL'
CoreData: error: SQLCore dispatchRequest: exception handling request: <NSSQLFetchRequestContext: 0x600005192ca0> , I/O error for database at /Users/cculbreath/Library/Containers/Physics-Cloud.PhysCloudResume/Data/Library/Application Support/default.store.  SQLite error code:1, 'no such table: ZRESMODEL' with userInfo of {
    NSFilePath = "/Users/cculbreath/Library/Containers/Physics-Cloud.PhysCloudResume/Data/Library/Application Support/default.store";
    NSSQLiteErrorDomain = 1;
}
CoreData: error: SQLCore dispatchRequest: exception handling request: <NSSQLFetchRequestContext: 0x600005192ca0> , I/O error for database at /Users/cculbreath/Library/Containers/Physics-Cloud.PhysCloudResume/Data/Library/Application Support/default.store.  SQLite error code:1, 'no such table: ZRESMODEL' with userInfo of {
    NSFilePath = "/Users/cculbreath/Library/Containers/Physics-Cloud.PhysCloudResume/Data/Library/Application Support/default.store";
    NSSQLiteErrorDomain = 1;
}
CoreData: error: -executeRequest: encountered exception = I/O error for database at /Users/cculbreath/Library/Containers/Physics-Cloud.PhysCloudResume/Data/Library/Application Support/default.store.  SQLite error code:1, 'no such table: ZRESMODEL' with userInfo = {
    NSFilePath = "/Users/cculbreath/Library/Containers/Physics-Cloud.PhysCloudResume/Data/Library/Application Support/default.store";
    NSSQLiteErrorDomain = 1;
}
CoreData: error: -executeRequest: encountered exception = I/O error for database at /Users/cculbreath/Library/Containers/Physics-Cloud.PhysCloudResume/Data/Library/Application Support/default.store.  SQLite error code:1, 'no such table: ZRESMODEL' with userInfo = {
    NSFilePath = "/Users/cculbreath/Library/Containers/Physics-Cloud.PhysCloudResume/Data/Library/Application Support/default.store";
    NSSQLiteErrorDomain = 1;
}
CoreData: error: (1) I/O error for database at /Users/cculbreath/Library/Containers/Physics-Cloud.PhysCloudResume/Data/Library/Application Support/default.store.  SQLite error code:1, 'no such table: ZRESMODEL'
CoreData: error: (1) I/O error for database at /Users/cculbreath/Library/Containers/Physics-Cloud.PhysCloudResume/Data/Library/Application Support/default.store.  SQLite error code:1, 'no such table: ZRESMODEL'
CoreData: error: SQLCore dispatchRequest: exception handling request: <NSSQLFetchRequestContext: 0x600005192e60> , I/O error for database at /Users/cculbreath/Library/Containers/Physics-Cloud.PhysCloudResume/Data/Library/Application Support/default.store.  SQLite error code:1, 'no such table: ZRESMODEL' with userInfo of {
    NSFilePath = "/Users/cculbreath/Library/Containers/Physics-Cloud.PhysCloudResume/Data/Library/Application Support/default.store";
    NSSQLiteErrorDomain = 1;
}
CoreData: error: SQLCore dispatchRequest: exception handling request: <NSSQLFetchRequestContext: 0x600005192e60> , I/O error for database at /Users/cculbreath/Library/Containers/Physics-Cloud.PhysCloudResume/Data/Library/Application Support/default.store.  SQLite error code:1, 'no such table: ZRESMODEL' with userInfo of {
    NSFilePath = "/Users/cculbreath/Library/Containers/Physics-Cloud.PhysCloudResume/Data/Library/Application Support/default.store";
    NSSQLiteErrorDomain = 1;
}
CoreData: error: -executeRequest: encountered exception = I/O error for database at /Users/cculbreath/Library/Containers/Physics-Cloud.PhysCloudResume/Data/Library/Application Support/default.store.  SQLite error code:1, 'no such table: ZRESMODEL' with userInfo = {
    NSFilePath = "/Users/cculbreath/Library/Containers/Physics-Cloud.PhysCloudResume/Data/Library/Application Support/default.store";
    NSSQLiteErrorDomain = 1;
}
CoreData: error: -executeRequest: encountered exception = I/O error for database at /Users/cculbreath/Library/Containers/Physics-Cloud.PhysCloudResume/Data/Library/Application Support/default.store.  SQLite error code:1, 'no such table: ZRESMODEL' with userInfo = {
    NSFilePath = "/Users/cculbreath/Library/Containers/Physics-Cloud.PhysCloudResume/Data/Library/Application Support/default.store";
    NSSQLiteErrorDomain = 1;
}
CoreData: error: (1) I/O error for database at /Users/cculbreath/Library/Containers/Physics-Cloud.PhysCloudResume/Data/Library/Application Support/default.store.  SQLite error code:1, 'no such table: ZRESMODEL'
CoreData: error: (1) I/O error for database at /Users/cculbreath/Library/Containers/Physics-Cloud.PhysCloudResume/Data/Library/Application Support/default.store.  SQLite error code:1, 'no such table: ZRESMODEL'
CoreData: error: SQLCore dispatchRequest: exception handling request: <NSSQLFetchRequestContext: 0x600005197480> , I/O error for database at /Users/cculbreath/Library/Containers/Physics-Cloud.PhysCloudResume/Data/Library/Application Support/default.store.  SQLite error code:1, 'no such table: ZRESMODEL' with userInfo of {
    NSFilePath = "/Users/cculbreath/Library/Containers/Physics-Cloud.PhysCloudResume/Data/Library/Application Support/default.store";
    NSSQLiteErrorDomain = 1;
}
CoreData: error: SQLCore dispatchRequest: exception handling request: <NSSQLFetchRequestContext: 0x600005197480> , I/O error for database at /Users/cculbreath/Library/Containers/Physics-Cloud.PhysCloudResume/Data/Library/Application Support/default.store.  SQLite error code:1, 'no such table: ZRESMODEL' with userInfo of {
    NSFilePath = "/Users/cculbreath/Library/Containers/Physics-Cloud.PhysCloudResume/Data/Library/Application Support/default.store";
    NSSQLiteErrorDomain = 1;
}
CoreData: error: (1) I/O error for database at /Users/cculbreath/Library/Containers/Physics-Cloud.PhysCloudResume/Data/Library/Application Support/default.store.  SQLite error code:1, 'no such table: ZRESREF'
CoreData: error: (1) I/O error for database at /Users/cculbreath/Library/Containers/Physics-Cloud.PhysCloudResume/Data/Library/Application Support/default.store.  SQLite error code:1, 'no such table: ZRESREF'
CoreData: error: SQLCore dispatchRequest: exception handling request: <NSSQLFetchRequestContext: 0x60000519d180> , I/O error for database at /Users/cculbreath/Library/Containers/Physics-Cloud.PhysCloudResume/Data/Library/Application Support/default.store.  SQLite error code:1, 'no such table: ZRESREF' with userInfo of {
    NSFilePath = "/Users/cculbreath/Library/Containers/Physics-Cloud.PhysCloudResume/Data/Library/Application Support/default.store";
    NSSQLiteErrorDomain = 1;
}
CoreData: error: SQLCore dispatchRequest: exception handling request: <NSSQLFetchRequestContext: 0x60000519d180> , I/O error for database at /Users/cculbreath/Library/Containers/Physics-Cloud.PhysCloudResume/Data/Library/Application Support/default.store.  SQLite error code:1, 'no such table: ZRESREF' with userInfo of {
    NSFilePath = "/Users/cculbreath/Library/Containers/Physics-Cloud.PhysCloudResume/Data/Library/Application Support/default.store";
    NSSQLiteErrorDomain = 1;
}
CoreData: error: -executeRequest: encountered exception = I/O error for database at /Users/cculbreath/Library/Containers/Physics-Cloud.PhysCloudResume/Data/Library/Application Support/default.store.  SQLite error code:1, 'no such table: ZRESREF' with userInfo = {
    NSFilePath = "/Users/cculbreath/Library/Containers/Physics-Cloud.PhysCloudResume/Data/Library/Application Support/default.store";
    NSSQLiteErrorDomain = 1;
}
CoreData: error: -executeRequest: encountered exception = I/O error for database at /Users/cculbreath/Library/Containers/Physics-Cloud.PhysCloudResume/Data/Library/Application Support/default.store.  SQLite error code:1, 'no such table: ZRESREF' with userInfo = {
    NSFilePath = "/Users/cculbreath/Library/Containers/Physics-Cloud.PhysCloudResume/Data/Library/Application Support/default.store";
    NSSQLiteErrorDomain = 1;
}
CoreData: error: (1) I/O error for database at /Users/cculbreath/Library/Containers/Physics-Cloud.PhysCloudResume/Data/Library/Application Support/default.store.  SQLite error code:1, 'no such table: ZRESREF'
CoreData: error: (1) I/O error for database at /Users/cculbreath/Library/Containers/Physics-Cloud.PhysCloudResume/Data/Library/Application Support/default.store.  SQLite error code:1, 'no such table: ZRESREF'
CoreData: error: SQLCore dispatchRequest: exception handling request: <NSSQLFetchRequestContext: 0x60000167ae60> , I/O error for database at /Users/cculbreath/Library/Containers/Physics-Cloud.PhysCloudResume/Data/Library/Application Support/default.store.  SQLite error code:1, 'no such table: ZRESREF' with userInfo of {
    NSFilePath = "/Users/cculbreath/Library/Containers/Physics-Cloud.PhysCloudResume/Data/Library/Application Support/default.store";
    NSSQLiteErrorDomain = 1;
}
CoreData: error: SQLCore dispatchRequest: exception handling request: <NSSQLFetchRequestContext: 0x60000167ae60> , I/O error for database at /Users/cculbreath/Library/Containers/Physics-Cloud.PhysCloudResume/Data/Library/Application Support/default.store.  SQLite error code:1, 'no such table: ZRESREF' with userInfo of {
    NSFilePath = "/Users/cculbreath/Library/Containers/Physics-Cloud.PhysCloudResume/Data/Library/Application Support/default.store";
    NSSQLiteErrorDomain = 1;
}
CoreData: error: -executeRequest: encountered exception = I/O error for database at /Users/cculbreath/Library/Containers/Physics-Cloud.PhysCloudResume/Data/Library/Application Support/default.store.  SQLite error code:1, 'no such table: ZRESREF' with userInfo = {
    NSFilePath = "/Users/cculbreath/Library/Containers/Physics-Cloud.PhysCloudResume/Data/Library/Application Support/default.store";
    NSSQLiteErrorDomain = 1;
}
CoreData: error: -executeRequest: encountered exception = I/O error for database at /Users/cculbreath/Library/Containers/Physics-Cloud.PhysCloudResume/Data/Library/Application Support/default.store.  SQLite error code:1, 'no such table: ZRESREF' with userInfo = {
    NSFilePath = "/Users/cculbreath/Library/Containers/Physics-Cloud.PhysCloudResume/Data/Library/Application Support/default.store";
    NSSQLiteErrorDomain = 1;
}
CoreData: error: (1) I/O error for database at /Users/cculbreath/Library/Containers/Physics-Cloud.PhysCloudResume/Data/Library/Application Support/default.store.  SQLite error code:1, 'no such table: ZRESREF'
CoreData: error: (1) I/O error for database at /Users/cculbreath/Library/Containers/Physics-Cloud.PhysCloudResume/Data/Library/Application Support/default.store.  SQLite error code:1, 'no such table: ZRESREF'
CoreData: error: SQLCore dispatchRequest: exception handling request: <NSSQLFetchRequestContext: 0x60000167b020> , I/O error for database at /Users/cculbreath/Library/Containers/Physics-Cloud.PhysCloudResume/Data/Library/Application Support/default.store.  SQLite error code:1, 'no such table: ZRESREF' with userInfo of {
    NSFilePath = "/Users/cculbreath/Library/Containers/Physics-Cloud.PhysCloudResume/Data/Library/Application Support/default.store";
    NSSQLiteErrorDomain = 1;
}
CoreData: error: SQLCore dispatchRequest: exception handling request: <NSSQLFetchRequestContext: 0x60000167b020> , I/O error for database at /Users/cculbreath/Library/Containers/Physics-Cloud.PhysCloudResume/Data/Library/Application Support/default.store.  SQLite error code:1, 'no such table: ZRESREF' with userInfo of {
    NSFilePath = "/Users/cculbreath/Library/Containers/Physics-Cloud.PhysCloudResume/Data/Library/Application Support/default.store";
    NSSQLiteErrorDomain = 1;
}
CoreData: error: -executeRequest: encountered exception = I/O error for database at /Users/cculbreath/Library/Containers/Physics-Cloud.PhysCloudResume/Data/Library/Application Support/default.store.  SQLite error code:1, 'no such table: ZRESREF' with userInfo = {
    NSFilePath = "/Users/cculbreath/Library/Containers/Physics-Cloud.PhysCloudResume/Data/Library/Application Support/default.store";
    NSSQLiteErrorDomain = 1;
}
CoreData: error: -executeRequest: encountered exception = I/O error for database at /Users/cculbreath/Library/Containers/Physics-Cloud.PhysCloudResume/Data/Library/Application Support/default.store.  SQLite error code:1, 'no such table: ZRESREF' with userInfo = {
    NSFilePath = "/Users/cculbreath/Library/Containers/Physics-Cloud.PhysCloudResume/Data/Library/Application Support/default.store";
    NSSQLiteErrorDomain = 1;
}
CoreData: error: (1) I/O error for database at /Users/cculbreath/Library/Containers/Physics-Cloud.PhysCloudResume/Data/Library/Application Support/default.store.  SQLite error code:1, 'no such table: ZRESREF'
CoreData: error: (1) I/O error for database at /Users/cculbreath/Library/Containers/Physics-Cloud.PhysCloudResume/Data/Library/Application Support/default.store.  SQLite error code:1, 'no such table: ZRESREF'
CoreData: error: SQLCore dispatchRequest: exception handling request: <NSSQLFetchRequestContext: 0x60000167b1e0> , I/O error for database at /Users/cculbreath/Library/Containers/Physics-Cloud.PhysCloudResume/Data/Library/Application Support/default.store.  SQLite error code:1, 'no such table: ZRESREF' with userInfo of {
    NSFilePath = "/Users/cculbreath/Library/Containers/Physics-Cloud.PhysCloudResume/Data/Library/Application Support/default.store";
    NSSQLiteErrorDomain = 1;
}
CoreData: error: SQLCore dispatchRequest: exception handling request: <NSSQLFetchRequestContext: 0x60000167b1e0> , I/O error for database at /Users/cculbreath/Library/Containers/Physics-Cloud.PhysCloudResume/Data/Library/Application Support/default.store.  SQLite error code:1, 'no such table: ZRESREF' with userInfo of {
    NSFilePath = "/Users/cculbreath/Library/Containers/Physics-Cloud.PhysCloudResume/Data/Library/Application Support/default.store";
    NSSQLiteErrorDomain = 1;
}
Query encountered an error: Error Domain=NSCocoaErrorDomain Code=256 "The file “default.store” couldn’t be opened." UserInfo={NSFilePath=/Users/cculbreath/Library/Containers/Physics-Cloud.PhysCloudResume/Data/Library/Application Support/default.store, NSSQLiteErrorDomain=1}
Tab is is now + true
⏺️ CreateNewResumeView appeared
CoreData: error: (1) I/O error for database at /Users/cculbreath/Library/Containers/Physics-Cloud.PhysCloudResume/Data/Library/Application Support/default.store.  SQLite error code:1, 'no such table: ZRESMODEL'
CoreData: error: (1) I/O error for database at /Users/cculbreath/Library/Containers/Physics-Cloud.PhysCloudResume/Data/Library/Application Support/default.store.  SQLite error code:1, 'no such table: ZRESMODEL'
CoreData: error: SQLCore dispatchRequest: exception handling request: <NSSQLFetchRequestContext: 0x6000016d96c0> , I/O error for database at /Users/cculbreath/Library/Containers/Physics-Cloud.PhysCloudResume/Data/Library/Application Support/default.store.  SQLite error code:1, 'no such table: ZRESMODEL' with userInfo of {
    NSFilePath = "/Users/cculbreath/Library/Containers/Physics-Cloud.PhysCloudResume/Data/Library/Application Support/default.store";
    NSSQLiteErrorDomain = 1;
}
CoreData: error: SQLCore dispatchRequest: exception handling request: <NSSQLFetchRequestContext: 0x6000016d96c0> , I/O error for database at /Users/cculbreath/Library/Containers/Physics-Cloud.PhysCloudResume/Data/Library/Application Support/default.store.  SQLite error code:1, 'no such table: ZRESMODEL' with userInfo of {
    NSFilePath = "/Users/cculbreath/Library/Containers/Physics-Cloud.PhysCloudResume/Data/Library/Application Support/default.store";
    NSSQLiteErrorDomain = 1;
}
CoreData: error: -executeRequest: encountered exception = I/O error for database at /Users/cculbreath/Library/Containers/Physics-Cloud.PhysCloudResume/Data/Library/Application Support/default.store.  SQLite error code:1, 'no such table: ZRESMODEL' with userInfo = {
    NSFilePath = "/Users/cculbreath/Library/Containers/Physics-Cloud.PhysCloudResume/Data/Library/Application Support/default.store";
    NSSQLiteErrorDomain = 1;
}
CoreData: error: -executeRequest: encountered exception = I/O error for database at /Users/cculbreath/Library/Containers/Physics-Cloud.PhysCloudResume/Data/Library/Application Support/default.store.  SQLite error code:1, 'no such table: ZRESMODEL' with userInfo = {
    NSFilePath = "/Users/cculbreath/Library/Containers/Physics-Cloud.PhysCloudResume/Data/Library/Application Support/default.store";
    NSSQLiteErrorDomain = 1;
}
CoreData: error: (1) I/O error for database at /Users/cculbreath/Library/Containers/Physics-Cloud.PhysCloudResume/Data/Library/Application Support/default.store.  SQLite error code:1, 'no such table: ZRESMODEL'
CoreData: error: (1) I/O error for database at /Users/cculbreath/Library/Containers/Physics-Cloud.PhysCloudResume/Data/Library/Application Support/default.store.  SQLite error code:1, 'no such table: ZRESMODEL'
CoreData: error: SQLCore dispatchRequest: exception handling request: <NSSQLFetchRequestContext: 0x6000016dbd40> , I/O error for database at /Users/cculbreath/Library/Containers/Physics-Cloud.PhysCloudResume/Data/Library/Application Support/default.store.  SQLite error code:1, 'no such table: ZRESMODEL' with userInfo of {
    NSFilePath = "/Users/cculbreath/Library/Containers/Physics-Cloud.PhysCloudResume/Data/Library/Application Support/default.store";
    NSSQLiteErrorDomain = 1;
}
CoreData: error: SQLCore dispatchRequest: exception handling request: <NSSQLFetchRequestContext: 0x6000016dbd40> , I/O error for database at /Users/cculbreath/Library/Containers/Physics-Cloud.PhysCloudResume/Data/Library/Application Support/default.store.  SQLite error code:1, 'no such table: ZRESMODEL' with userInfo of {
    NSFilePath = "/Users/cculbreath/Library/Containers/Physics-Cloud.PhysCloudResume/Data/Library/Application Support/default.store";
    NSSQLiteErrorDomain = 1;
}
CoreData: error: -executeRequest: encountered exception = I/O error for database at /Users/cculbreath/Library/Containers/Physics-Cloud.PhysCloudResume/Data/Library/Application Support/default.store.  SQLite error code:1, 'no such table: ZRESMODEL' with userInfo = {
    NSFilePath = "/Users/cculbreath/Library/Containers/Physics-Cloud.PhysCloudResume/Data/Library/Application Support/default.store";
    NSSQLiteErrorDomain = 1;
}
CoreData: error: -executeRequest: encountered exception = I/O error for database at /Users/cculbreath/Library/Containers/Physics-Cloud.PhysCloudResume/Data/Library/Application Support/default.store.  SQLite error code:1, 'no such table: ZRESMODEL' with userInfo = {
    NSFilePath = "/Users/cculbreath/Library/Containers/Physics-Cloud.PhysCloudResume/Data/Library/Application Support/default.store";
    NSSQLiteErrorDomain = 1;
}
CoreData: error: (1) I/O error for database at /Users/cculbreath/Library/Containers/Physics-Cloud.PhysCloudResume/Data/Library/Application Support/default.store.  SQLite error code:1, 'no such table: ZRESMODEL'
CoreData: error: (1) I/O error for database at /Users/cculbreath/Library/Containers/Physics-Cloud.PhysCloudResume/Data/Library/Application Support/default.store.  SQLite error code:1, 'no such table: ZRESMODEL'
CoreData: error: SQLCore dispatchRequest: exception handling request: <NSSQLFetchRequestContext: 0x60000111bb80> , I/O error for database at /Users/cculbreath/Library/Containers/Physics-Cloud.PhysCloudResume/Data/Library/Application Support/default.store.  SQLite error code:1, 'no such table: ZRESMODEL' with userInfo of {
    NSFilePath = "/Users/cculbreath/Library/Containers/Physics-Cloud.PhysCloudResume/Data/Library/Application Support/default.store";
    NSSQLiteErrorDomain = 1;
}
CoreData: error: SQLCore dispatchRequest: exception handling request: <NSSQLFetchRequestContext: 0x60000111bb80> , I/O error for database at /Users/cculbreath/Library/Containers/Physics-Cloud.PhysCloudResume/Data/Library/Application Support/default.store.  SQLite error code:1, 'no such table: ZRESMODEL' with userInfo of {
    NSFilePath = "/Users/cculbreath/Library/Containers/Physics-Cloud.PhysCloudResume/Data/Library/Application Support/default.store";
    NSSQLiteErrorDomain = 1;
}
CoreData: error: -executeRequest: encountered exception = I/O error for database at /Users/cculbreath/Library/Containers/Physics-Cloud.PhysCloudResume/Data/Library/Application Support/default.store.  SQLite error code:1, 'no such table: ZRESMODEL' with userInfo = {
    NSFilePath = "/Users/cculbreath/Library/Containers/Physics-Cloud.PhysCloudResume/Data/Library/Application Support/default.store";
    NSSQLiteErrorDomain = 1;
}
CoreData: error: -executeRequest: encountered exception = I/O error for database at /Users/cculbreath/Library/Containers/Physics-Cloud.PhysCloudResume/Data/Library/Application Support/default.store.  SQLite error code:1, 'no such table: ZRESMODEL' with userInfo = {
    NSFilePath = "/Users/cculbreath/Library/Containers/Physics-Cloud.PhysCloudResume/Data/Library/Application Support/default.store";
    NSSQLiteErrorDomain = 1;
}
CoreData: error: (1) I/O error for database at /Users/cculbreath/Library/Containers/Physics-Cloud.PhysCloudResume/Data/Library/Application Support/default.store.  SQLite error code:1, 'no such table: ZRESMODEL'
CoreData: error: (1) I/O error for database at /Users/cculbreath/Library/Containers/Physics-Cloud.PhysCloudResume/Data/Library/Application Support/default.store.  SQLite error code:1, 'no such table: ZRESMODEL'
CoreData: error: SQLCore dispatchRequest: exception handling request: <NSSQLFetchRequestContext: 0x600001197720> , I/O error for database at /Users/cculbreath/Library/Containers/Physics-Cloud.PhysCloudResume/Data/Library/Application Support/default.store.  SQLite error code:1, 'no such table: ZRESMODEL' with userInfo of {
    NSFilePath = "/Users/cculbreath/Library/Containers/Physics-Cloud.PhysCloudResume/Data/Library/Application Support/default.store";
    NSSQLiteErrorDomain = 1;
}
CoreData: error: SQLCore dispatchRequest: exception handling request: <NSSQLFetchRequestContext: 0x600001197720> , I/O error for database at /Users/cculbreath/Library/Containers/Physics-Cloud.PhysCloudResume/Data/Library/Application Support/default.store.  SQLite error code:1, 'no such table: ZRESMODEL' with userInfo of {
    NSFilePath = "/Users/cculbreath/Library/Containers/Physics-Cloud.PhysCloudResume/Data/Library/Application Support/default.store";
    NSSQLiteErrorDomain = 1;
}
📋 Available models: 0
CoreData: error: (1) I/O error for database at /Users/cculbreath/Library/Containers/Physics-Cloud.PhysCloudResume/Data/Library/Application Support/default.store.  SQLite error code:1, 'no such table: ZRESMODEL'
CoreData: error: (1) I/O error for database at /Users/cculbreath/Library/Containers/Physics-Cloud.PhysCloudResume/Data/Library/Application Support/default.store.  SQLite error code:1, 'no such table: ZRESMODEL'
CoreData: error: SQLCore dispatchRequest: exception handling request: <NSSQLFetchRequestContext: 0x600001662760> , I/O error for database at /Users/cculbreath/Library/Containers/Physics-Cloud.PhysCloudResume/Data/Library/Application Support/default.store.  SQLite error code:1, 'no such table: ZRESMODEL' with userInfo of {
    NSFilePath = "/Users/cculbreath/Library/Containers/Physics-Cloud.PhysCloudResume/Data/Library/Application Support/default.store";
    NSSQLiteErrorDomain = 1;
}
CoreData: error: SQLCore dispatchRequest: exception handling request: <NSSQLFetchRequestContext: 0x600001662760> , I/O error for database at /Users/cculbreath/Library/Containers/Physics-Cloud.PhysCloudResume/Data/Library/Application Support/default.store.  SQLite error code:1, 'no such table: ZRESMODEL' with userInfo of {
    NSFilePath = "/Users/cculbreath/Library/Containers/Physics-Cloud.PhysCloudResume/Data/Library/Application Support/default.store";
    NSSQLiteErrorDomain = 1;
}
CoreData: error: -executeRequest: encountered exception = I/O error for database at /Users/cculbreath/Library/Containers/Physics-Cloud.PhysCloudResume/Data/Library/Application Support/default.store.  SQLite error code:1, 'no such table: ZRESMODEL' with userInfo = {
    NSFilePath = "/Users/cculbreath/Library/Containers/Physics-Cloud.PhysCloudResume/Data/Library/Application Support/default.store";
    NSSQLiteErrorDomain = 1;
}
CoreData: error: -executeRequest: encountered exception = I/O error for database at /Users/cculbreath/Library/Containers/Physics-Cloud.PhysCloudResume/Data/Library/Application Support/default.store.  SQLite error code:1, 'no such table: ZRESMODEL' with userInfo = {
    NSFilePath = "/Users/cculbreath/Library/Containers/Physics-Cloud.PhysCloudResume/Data/Library/Application Support/default.store";
    NSSQLiteErrorDomain = 1;
}
CoreData: error: (1) I/O error for database at /Users/cculbreath/Library/Containers/Physics-Cloud.PhysCloudResume/Data/Library/Application Support/default.store.  SQLite error code:1, 'no such table: ZRESMODEL'
CoreData: error: (1) I/O error for database at /Users/cculbreath/Library/Containers/Physics-Cloud.PhysCloudResume/Data/Library/Application Support/default.store.  SQLite error code:1, 'no such table: ZRESMODEL'
CoreData: error: SQLCore dispatchRequest: exception handling request: <NSSQLFetchRequestContext: 0x600001662ae0> , I/O error for database at /Users/cculbreath/Library/Containers/Physics-Cloud.PhysCloudResume/Data/Library/Application Support/default.store.  SQLite error code:1, 'no such table: ZRESMODEL' with userInfo of {
    NSFilePath = "/Users/cculbreath/Library/Containers/Physics-Cloud.PhysCloudResume/Data/Library/Application Support/default.store";
    NSSQLiteErrorDomain = 1;
}
CoreData: error: SQLCore dispatchRequest: exception handling request: <NSSQLFetchRequestContext: 0x600001662ae0> , I/O error for database at /Users/cculbreath/Library/Containers/Physics-Cloud.PhysCloudResume/Data/Library/Application Support/default.store.  SQLite error code:1, 'no such table: ZRESMODEL' with userInfo of {
    NSFilePath = "/Users/cculbreath/Library/Containers/Physics-Cloud.PhysCloudResume/Data/Library/Application Support/default.store";
    NSSQLiteErrorDomain = 1;
}
CoreData: error: -executeRequest: encountered exception = I/O error for database at /Users/cculbreath/Library/Containers/Physics-Cloud.PhysCloudResume/Data/Library/Application Support/default.store.  SQLite error code:1, 'no such table: ZRESMODEL' with userInfo = {
    NSFilePath = "/Users/cculbreath/Library/Containers/Physics-Cloud.PhysCloudResume/Data/Library/Application Support/default.store";
    NSSQLiteErrorDomain = 1;
}
CoreData: error: -executeRequest: encountered exception = I/O error for database at /Users/cculbreath/Library/Containers/Physics-Cloud.PhysCloudResume/Data/Library/Application Support/default.store.  SQLite error code:1, 'no such table: ZRESMODEL' with userInfo = {
    NSFilePath = "/Users/cculbreath/Library/Containers/Physics-Cloud.PhysCloudResume/Data/Library/Application Support/default.store";
    NSSQLiteErrorDomain = 1;
}
CoreData: error: (1) I/O error for database at /Users/cculbreath/Library/Containers/Physics-Cloud.PhysCloudResume/Data/Library/Application Support/default.store.  SQLite error code:1, 'no such table: ZRESMODEL'
CoreData: error: (1) I/O error for database at /Users/cculbreath/Library/Containers/Physics-Cloud.PhysCloudResume/Data/Library/Application Support/default.store.  SQLite error code:1, 'no such table: ZRESMODEL'
CoreData: error: SQLCore dispatchRequest: exception handling request: <NSSQLFetchRequestContext: 0x600001662920> , I/O error for database at /Users/cculbreath/Library/Containers/Physics-Cloud.PhysCloudResume/Data/Library/Application Support/default.store.  SQLite error code:1, 'no such table: ZRESMODEL' with userInfo of {
    NSFilePath = "/Users/cculbreath/Library/Containers/Physics-Cloud.PhysCloudResume/Data/Library/Application Support/default.store";
    NSSQLiteErrorDomain = 1;
}
CoreData: error: SQLCore dispatchRequest: exception handling request: <NSSQLFetchRequestContext: 0x600001662920> , I/O error for database at /Users/cculbreath/Library/Containers/Physics-Cloud.PhysCloudResume/Data/Library/Application Support/default.store.  SQLite error code:1, 'no such table: ZRESMODEL' with userInfo of {
    NSFilePath = "/Users/cculbreath/Library/Containers/Physics-Cloud.PhysCloudResume/Data/Library/Application Support/default.store";
    NSSQLiteErrorDomain = 1;
}
CoreData: error: -executeRequest: encountered exception = I/O error for database at /Users/cculbreath/Library/Containers/Physics-Cloud.PhysCloudResume/Data/Library/Application Support/default.store.  SQLite error code:1, 'no such table: ZRESMODEL' with userInfo = {
    NSFilePath = "/Users/cculbreath/Library/Containers/Physics-Cloud.PhysCloudResume/Data/Library/Application Support/default.store";
    NSSQLiteErrorDomain = 1;
}
CoreData: error: -executeRequest: encountered exception = I/O error for database at /Users/cculbreath/Library/Containers/Physics-Cloud.PhysCloudResume/Data/Library/Application Support/default.store.  SQLite error code:1, 'no such table: ZRESMODEL' with userInfo = {
    NSFilePath = "/Users/cculbreath/Library/Containers/Physics-Cloud.PhysCloudResume/Data/Library/Application Support/default.store";
    NSSQLiteErrorDomain = 1;
}
CoreData: error: (1) I/O error for database at /Users/cculbreath/Library/Containers/Physics-Cloud.PhysCloudResume/Data/Library/Application Support/default.store.  SQLite error code:1, 'no such table: ZRESMODEL'
CoreData: error: (1) I/O error for database at /Users/cculbreath/Library/Containers/Physics-Cloud.PhysCloudResume/Data/Library/Application Support/default.store.  SQLite error code:1, 'no such table: ZRESMODEL'
CoreData: error: SQLCore dispatchRequest: exception handling request: <NSSQLFetchRequestContext: 0x600001662ca0> , I/O error for database at /Users/cculbreath/Library/Containers/Physics-Cloud.PhysCloudResume/Data/Library/Application Support/default.store.  SQLite error code:1, 'no such table: ZRESMODEL' with userInfo of {
    NSFilePath = "/Users/cculbreath/Library/Containers/Physics-Cloud.PhysCloudResume/Data/Library/Application Support/default.store";
    NSSQLiteErrorDomain = 1;
}
CoreData: error: SQLCore dispatchRequest: exception handling request: <NSSQLFetchRequestContext: 0x600001662ca0> , I/O error for database at /Users/cculbreath/Library/Containers/Physics-Cloud.PhysCloudResume/Data/Library/Application Support/default.store.  SQLite error code:1, 'no such table: ZRESMODEL' with userInfo of {
    NSFilePath = "/Users/cculbreath/Library/Containers/Physics-Cloud.PhysCloudResume/Data/Library/Application Support/default.store";
    NSSQLiteErrorDomain = 1;
}
RootNode
pdf refresh
Toolbar Resume
empty include-fonts
empty projects-and-hobbies
CoreData: error: (1) I/O error for database at /Users/cculbreath/Library/Containers/Physics-Cloud.PhysCloudResume/Data/Library/Application Support/default.store.  SQLite error code:1, 'no such table: ZFONTSIZENODE'
CoreData: error: (1) I/O error for database at /Users/cculbreath/Library/Containers/Physics-Cloud.PhysCloudResume/Data/Library/Application Support/default.store.  SQLite error code:1, 'no such table: ZFONTSIZENODE'
CoreData: error: SQLCore dispatchRequest: exception handling request: <NSSQLFetchRequestContext: 0x600001143c60> , I/O error for database at /Users/cculbreath/Library/Containers/Physics-Cloud.PhysCloudResume/Data/Library/Application Support/default.store.  SQLite error code:1, 'no such table: ZFONTSIZENODE' with userInfo of {
    NSFilePath = "/Users/cculbreath/Library/Containers/Physics-Cloud.PhysCloudResume/Data/Library/Application Support/default.store";
    NSSQLiteErrorDomain = 1;
}
CoreData: error: SQLCore dispatchRequest: exception handling request: <NSSQLFetchRequestContext: 0x600001143c60> , I/O error for database at /Users/cculbreath/Library/Containers/Physics-Cloud.PhysCloudResume/Data/Library/Application Support/default.store.  SQLite error code:1, 'no such table: ZFONTSIZENODE' with userInfo of {
    NSFilePath = "/Users/cculbreath/Library/Containers/Physics-Cloud.PhysCloudResume/Data/Library/Application Support/default.store";
    NSSQLiteErrorDomain = 1;
}
CoreData: error: -executeRequest: encountered exception = I/O error for database at /Users/cculbreath/Library/Containers/Physics-Cloud.PhysCloudResume/Data/Library/Application Support/default.store.  SQLite error code:1, 'no such table: ZFONTSIZENODE' with userInfo = {
    NSFilePath = "/Users/cculbreath/Library/Containers/Physics-Cloud.PhysCloudResume/Data/Library/Application Support/default.store";
    NSSQLiteErrorDomain = 1;
}
CoreData: error: -executeRequest: encountered exception = I/O error for database at /Users/cculbreath/Library/Containers/Physics-Cloud.PhysCloudResume/Data/Library/Application Support/default.store.  SQLite error code:1, 'no such table: ZFONTSIZENODE' with userInfo = {
    NSFilePath = "/Users/cculbreath/Library/Containers/Physics-Cloud.PhysCloudResume/Data/Library/Application Support/default.store";
    NSSQLiteErrorDomain = 1;
}
CoreData: error: (1) I/O error for database at /Users/cculbreath/Library/Containers/Physics-Cloud.PhysCloudResume/Data/Library/Application Support/default.store.  SQLite error code:1, 'no such table: ZFONTSIZENODE'
CoreData: error: (1) I/O error for database at /Users/cculbreath/Library/Containers/Physics-Cloud.PhysCloudResume/Data/Library/Application Support/default.store.  SQLite error code:1, 'no such table: ZFONTSIZENODE'
CoreData: error: SQLCore dispatchRequest: exception handling request: <NSSQLFetchRequestContext: 0x6000016ecb60> , I/O error for database at /Users/cculbreath/Library/Containers/Physics-Cloud.PhysCloudResume/Data/Library/Application Support/default.store.  SQLite error code:1, 'no such table: ZFONTSIZENODE' with userInfo of {
    NSFilePath = "/Users/cculbreath/Library/Containers/Physics-Cloud.PhysCloudResume/Data/Library/Application Support/default.store";
    NSSQLiteErrorDomain = 1;
}
CoreData: error: SQLCore dispatchRequest: exception handling request: <NSSQLFetchRequestContext: 0x6000016ecb60> , I/O error for database at /Users/cculbreath/Library/Containers/Physics-Cloud.PhysCloudResume/Data/Library/Application Support/default.store.  SQLite error code:1, 'no such table: ZFONTSIZENODE' with userInfo of {
    NSFilePath = "/Users/cculbreath/Library/Containers/Physics-Cloud.PhysCloudResume/Data/Library/Application Support/default.store";
    NSSQLiteErrorDomain = 1;
}
CoreData: error: -executeRequest: encountered exception = I/O error for database at /Users/cculbreath/Library/Containers/Physics-Cloud.PhysCloudResume/Data/Library/Application Support/default.store.  SQLite error code:1, 'no such table: ZFONTSIZENODE' with userInfo = {
    NSFilePath = "/Users/cculbreath/Library/Containers/Physics-Cloud.PhysCloudResume/Data/Library/Application Support/default.store";
    NSSQLiteErrorDomain = 1;
}
CoreData: error: -executeRequest: encountered exception = I/O error for database at /Users/cculbreath/Library/Containers/Physics-Cloud.PhysCloudResume/Data/Library/Application Support/default.store.  SQLite error code:1, 'no such table: ZFONTSIZENODE' with userInfo = {
    NSFilePath = "/Users/cculbreath/Library/Containers/Physics-Cloud.PhysCloudResume/Data/Library/Application Support/default.store";
    NSSQLiteErrorDomain = 1;
}
CoreData: error: (1) I/O error for database at /Users/cculbreath/Library/Containers/Physics-Cloud.PhysCloudResume/Data/Library/Application Support/default.store.  SQLite error code:1, 'no such table: ZFONTSIZENODE'
CoreData: error: (1) I/O error for database at /Users/cculbreath/Library/Containers/Physics-Cloud.PhysCloudResume/Data/Library/Application Support/default.store.  SQLite error code:1, 'no such table: ZFONTSIZENODE'
CoreData: error: SQLCore dispatchRequest: exception handling request: <NSSQLFetchRequestContext: 0x6000016e9a40> , I/O error for database at /Users/cculbreath/Library/Containers/Physics-Cloud.PhysCloudResume/Data/Library/Application Support/default.store.  SQLite error code:1, 'no such table: ZFONTSIZENODE' with userInfo of {
    NSFilePath = "/Users/cculbreath/Library/Containers/Physics-Cloud.PhysCloudResume/Data/Library/Application Support/default.store";
    NSSQLiteErrorDomain = 1;
}
CoreData: error: SQLCore dispatchRequest: exception handling request: <NSSQLFetchRequestContext: 0x6000016e9a40> , I/O error for database at /Users/cculbreath/Library/Containers/Physics-Cloud.PhysCloudResume/Data/Library/Application Support/default.store.  SQLite error code:1, 'no such table: ZFONTSIZENODE' with userInfo of {
    NSFilePath = "/Users/cculbreath/Library/Containers/Physics-Cloud.PhysCloudResume/Data/Library/Application Support/default.store";
    NSSQLiteErrorDomain = 1;
}
CoreData: error: -executeRequest: encountered exception = I/O error for database at /Users/cculbreath/Library/Containers/Physics-Cloud.PhysCloudResume/Data/Library/Application Support/default.store.  SQLite error code:1, 'no such table: ZFONTSIZENODE' with userInfo = {
    NSFilePath = "/Users/cculbreath/Library/Containers/Physics-Cloud.PhysCloudResume/Data/Library/Application Support/default.store";
    NSSQLiteErrorDomain = 1;
}
CoreData: error: -executeRequest: encountered exception = I/O error for database at /Users/cculbreath/Library/Containers/Physics-Cloud.PhysCloudResume/Data/Library/Application Support/default.store.  SQLite error code:1, 'no such table: ZFONTSIZENODE' with userInfo = {
    NSFilePath = "/Users/cculbreath/Library/Containers/Physics-Cloud.PhysCloudResume/Data/Library/Application Support/default.store";
    NSSQLiteErrorDomain = 1;
}
CoreData: error: (1) I/O error for database at /Users/cculbreath/Library/Containers/Physics-Cloud.PhysCloudResume/Data/Library/Application Support/default.store.  SQLite error code:1, 'no such table: ZFONTSIZENODE'
CoreData: error: (1) I/O error for database at /Users/cculbreath/Library/Containers/Physics-Cloud.PhysCloudResume/Data/Library/Application Support/default.store.  SQLite error code:1, 'no such table: ZFONTSIZENODE'
CoreData: error: SQLCore dispatchRequest: exception handling request: <NSSQLFetchRequestContext: 0x60000163c380> , I/O error for database at /Users/cculbreath/Library/Containers/Physics-Cloud.PhysCloudResume/Data/Library/Application Support/default.store.  SQLite error code:1, 'no such table: ZFONTSIZENODE' with userInfo of {
    NSFilePath = "/Users/cculbreath/Library/Containers/Physics-Cloud.PhysCloudResume/Data/Library/Application Support/default.store";
    NSSQLiteErrorDomain = 1;
}
CoreData: error: SQLCore dispatchRequest: exception handling request: <NSSQLFetchRequestContext: 0x60000163c380> , I/O error for database at /Users/cculbreath/Library/Containers/Physics-Cloud.PhysCloudResume/Data/Library/Application Support/default.store.  SQLite error code:1, 'no such table: ZFONTSIZENODE' with userInfo of {
    NSFilePath = "/Users/cculbreath/Library/Containers/Physics-Cloud.PhysCloudResume/Data/Library/Application Support/default.store";
    NSSQLiteErrorDomain = 1;
}
Unable to fulfill future for PersistentIdentifier(id: SwiftData.PersistentIdentifier.ID(backing: SwiftData.PersistentIdentifier.PersistentIdentifierBacking.managedObjectID(0xaa9d085c2882c182 <x-coredata://D30565DA-7ED1-4CDE-B1FF-CB596540B9CC/FontSizeNode/p10>)), backing: SwiftData.PersistentIdentifier.PersistentIdentifierBacking.managedObjectID(0xaa9d085c2882c182 <x-coredata://D30565DA-7ED1-4CDE-B1FF-CB596540B9CC/FontSizeNode/p10>)) - given error: Error Domain=NSCocoaErrorDomain Code=256 "The file “default.store” couldn’t be opened." UserInfo={NSFilePath=/Users/cculbreath/Library/Containers/Physics-Cloud.PhysCloudResume/Data/Library/Application Support/default.store, NSSQLiteErrorDomain=1}
SwiftData/BackingData.swift:866: Fatal error: This model instance was invalidated because its backing data could no longer be found the store. PersistentIdentifier(id: SwiftData.PersistentIdentifier.ID(backing: SwiftData.PersistentIdentifier.PersistentIdentifierBacking.managedObjectID(0xaa9d085c2882c182 <x-coredata://D30565DA-7ED1-4CDE-B1FF-CB596540B9CC/FontSizeNode/p10>)), backing: SwiftData.PersistentIdentifier.PersistentIdentifierBacking.managedObjectID(0xaa9d085c2882c182 <x-coredata://D30565DA-7ED1-4CDE-B1FF-CB596540B9CC/FontSizeNode/p10>))
Message from debugger: killed